####################################################################################################
Interval
####################################################################################################
Cumulative:         Cycles:                  20000     Instructions:                  1200
AVG_MEMORY_LATENCY_BASE                                      5334                          5334

AVG_MEMORY_LATENCY                                        4426218                       829.812

MSHR_FULL                                                       0                             0

TOTAL_MEMORY                                                 5334                          5334

TOTAL_MEMORY_MERGE                                           1343                      0.251781

TOTAL_WB                                                        0                             0

L1_WB                                                           0                           NaN

L2_WB                                                           0                           NaN

LLC_WB                                                          0                           NaN

TOTAL_DRAM                                                   3991                          3991

TOTAL_DRAM_MERGE                                                0                             0

L1_HIT_CPU                                                      0                             0

L1_HIT_GPU                                                      0                             0

L1_MISS_CPU                                                     0                             0

L1_MISS_GPU                                                  3990                          3990

L2_HIT_CPU                                                      0                             0

L2_HIT_GPU                                                      0                             0

L2_MISS_CPU                                                     0                             0

L2_MISS_GPU                                                  3991                          3991

L3_HIT_CPU                                                      0                             0

L3_HIT_GPU                                                      0                             0

L3_MISS_CPU                                                     0                             0

L3_MISS_GPU                                                  3991                          3991

LLC_HIT_CPU                                                     0                             0

LLC_HIT_GPU                                                     0                             0

LLC_MISS_CPU                                                    0                             0

LLC_MISS_GPU                                                 3991                          3991

LLC_HIT_PROMOTION_CPU                                           0                             0

LLC_HIT_PROMOTION_GPU                                           0                             0

FETCH_THREAD_SKIP_LD_WAIT                                       0                             0

FETCH_THREAD_SKIP_BR_WAIT                                       0                             0

FETCH_THREAD_SKIP_SCHED_WAIT                                    0                             0

NUM_MUL_TRANS_CM_TM_DM_INST                                     0                             0

NUM_MUL_TRANS_CM_TM_DM                                          0                           NaN

CONST_CACHE_HIT                                                 0                             0

CONST_CACHE_MISS                                                0                             0

CONST_CACHE_MISS_NO_EXECUTE                                     0                             0

CONST_CACHE_ACCESS                                              0                             0

TEXTURE_CACHE_HIT                                               0                             0

TEXTURE_CACHE_MISS                                              0                             0

TEXTURE_CACHE_NO_EXECUTE                                        0                             0

TEXTURE_CACHE_ACCESS                                            0                             0

SHARED_MEM_INST                                                 0                             0

SHARED_MEM_ACCESS                                               0                             0

CACHE_BANK_BUSY                                                19                            19

ICACHE_MISS_TOTAL                                            1344                          1344

TOTAL_CAGE_PERIOD                                               0                             0

TOTAL_CAGE_APPL0                                                0                           NaN

TOTAL_CAGE_APPL1                                                0                           NaN

TOTAL_CAGE_APPL2                                                0                           NaN

TOTAL_CAGE_APPL3                                                0                           NaN

TOTAL_CAGE_APPL4                                                0                           NaN

ABIP_AVG_RATIO_BASE                                             0                             0

ABIP_AVG_RATIO                                                  0                           NaN

TOTAL_WRITE_ACKS                                                0                             0

TOTAL_WRITES                                                 1330                          1330

NUM_PHYSICAL_PAGES                                              0                             0

UNIQUE_PAGE                                                     0                             0

REALLOCATION                                                    0                             0

EVICTION                                                        0                             0

AVG_PAGE_FAULTS_PER_BATCH_BASE                                  0                             0

AVG_PAGE_FAULTS_PER_BATCH                                       0                           NaN

MAX_PAGE_FAULTS_PER_BATCH                                       0                           NaN

COAL_INST                                                       0                          NaN 
UNCOAL_INST                                                     0                          NaN 
                                                                0                           100%

COAL_INST_SINGLE_TRANS                                          0                          NaN 
COAL_INST_MUL_TRANS                                             0                          NaN 
UNCOAL_INST_MUL_TRANS                                           0                          NaN 
                                                                0                           100%

SM_COAL_INST                                                    0                          NaN 
CM_COAL_INST                                                    0                          NaN 
TM_COAL_INST                                                    0                          NaN 
DM_COAL_INST                                                    0                          NaN 
                                                                0                           100%

SM_UNCOAL_INST                                                  0                          NaN 
CM_UNCOAL_INST                                                  0                          NaN 
TM_UNCOAL_INST                                                  0                          NaN 
DM_UNCOAL_INST                                                  0                          NaN 
                                                                0                           100%

SM_COAL_INST_SINGLE_TRANS                                       0                          NaN 
CM_COAL_INST_SINGLE_TRANS                                       0                          NaN 
TM_COAL_INST_SINGLE_TRANS                                       0                          NaN 
DM_COAL_INST_SINGLE_TRANS                                       0                          NaN 
                                                                0                           100%

SM_COAL_INST_MUL_TRANS                                          0                          NaN 
CM_COAL_INST_MUL_TRANS                                          0                          NaN 
TM_COAL_INST_MUL_TRANS                                          0                          NaN 
DM_COAL_INST_MUL_TRANS                                          0                          NaN 
                                                                0                           100%

LD_NO_FORWARD                                                   0                          NaN 
FORWARDED_LD                                                    0                          NaN 
                                                                0                           100%

TLB_HIT                                                         0                          NaN 
TLB_MISS                                                        0                          NaN 
                                                                0                           100%

PAGETABLE_HIT                                                   0                          NaN 
PAGETABLE_MISS                                                  0                          NaN 
                                                                0                           100%

MEM_STALL_CYCLE_CORE_0                                          0                             0

ICACHE_FILL_CORE_0                                             96                            96

NUM_WRITE_ACKS_CORE_0                                           0                             0

NUM_WRITES_CORE_0                                              96                            96

ICACHE_HIT_CORE_0                                            1824                            95%
ICACHE_MISS_CORE_0                                             96                             5%
                                                             1920                           100%

MEM_STALL_CYCLE_CORE_1                                          0                             0

ICACHE_FILL_CORE_1                                             96                            96

NUM_WRITE_ACKS_CORE_1                                           0                             0

NUM_WRITES_CORE_1                                              96                            96

ICACHE_HIT_CORE_1                                            1824                            95%
ICACHE_MISS_CORE_1                                             96                             5%
                                                             1920                           100%

MEM_STALL_CYCLE_CORE_2                                          0                             0

ICACHE_FILL_CORE_2                                             96                            96

NUM_WRITE_ACKS_CORE_2                                           0                             0

NUM_WRITES_CORE_2                                              96                            96

ICACHE_HIT_CORE_2                                            1824                            95%
ICACHE_MISS_CORE_2                                             96                             5%
                                                             1920                           100%

MEM_STALL_CYCLE_CORE_3                                          0                             0

ICACHE_FILL_CORE_3                                             96                            96

NUM_WRITE_ACKS_CORE_3                                           0                             0

NUM_WRITES_CORE_3                                              82                            82

ICACHE_HIT_CORE_3                                            1629                       94.4348%
ICACHE_MISS_CORE_3                                             96                       5.56522%
                                                             1725                           100%

MEM_STALL_CYCLE_CORE_4                                          0                             0

ICACHE_FILL_CORE_4                                             80                            80

NUM_WRITE_ACKS_CORE_4                                           0                             0

NUM_WRITES_CORE_4                                              80                            80

ICACHE_HIT_CORE_4                                            1520                            95%
ICACHE_MISS_CORE_4                                             80                             5%
                                                             1600                           100%

MEM_STALL_CYCLE_CORE_5                                          0                             0

ICACHE_FILL_CORE_5                                             80                            80

NUM_WRITE_ACKS_CORE_5                                           0                             0

NUM_WRITES_CORE_5                                              80                            80

ICACHE_HIT_CORE_5                                            1520                            95%
ICACHE_MISS_CORE_5                                             80                             5%
                                                             1600                           100%

MEM_STALL_CYCLE_CORE_6                                          0                             0

ICACHE_FILL_CORE_6                                             80                            80

NUM_WRITE_ACKS_CORE_6                                           0                             0

NUM_WRITES_CORE_6                                              80                            80

ICACHE_HIT_CORE_6                                            1520                            95%
ICACHE_MISS_CORE_6                                             80                             5%
                                                             1600                           100%

MEM_STALL_CYCLE_CORE_7                                          0                             0

ICACHE_FILL_CORE_7                                             80                            80

NUM_WRITE_ACKS_CORE_7                                           0                             0

NUM_WRITES_CORE_7                                              80                            80

ICACHE_HIT_CORE_7                                            1520                            95%
ICACHE_MISS_CORE_7                                             80                             5%
                                                             1600                           100%

MEM_STALL_CYCLE_CORE_8                                          0                             0

ICACHE_FILL_CORE_8                                             80                            80

NUM_WRITE_ACKS_CORE_8                                           0                             0

NUM_WRITES_CORE_8                                              80                            80

ICACHE_HIT_CORE_8                                            1520                            95%
ICACHE_MISS_CORE_8                                             80                             5%
                                                             1600                           100%

MEM_STALL_CYCLE_CORE_9                                          0                             0

ICACHE_FILL_CORE_9                                             80                            80

NUM_WRITE_ACKS_CORE_9                                           0                             0

NUM_WRITES_CORE_9                                              80                            80

ICACHE_HIT_CORE_9                                            1520                            95%
ICACHE_MISS_CORE_9                                             80                             5%
                                                             1600                           100%

MEM_STALL_CYCLE_CORE_10                                         0                             0

ICACHE_FILL_CORE_10                                            80                            80

NUM_WRITE_ACKS_CORE_10                                          0                             0

NUM_WRITES_CORE_10                                             80                            80

ICACHE_HIT_CORE_10                                           1520                            95%
ICACHE_MISS_CORE_10                                            80                             5%
                                                             1600                           100%

MEM_STALL_CYCLE_CORE_11                                         0                             0

ICACHE_FILL_CORE_11                                            80                            80

NUM_WRITE_ACKS_CORE_11                                          0                             0

NUM_WRITES_CORE_11                                             80                            80

ICACHE_HIT_CORE_11                                           1520                            95%
ICACHE_MISS_CORE_11                                            80                             5%
                                                             1600                           100%

MEM_STALL_CYCLE_CORE_12                                         0                             0

ICACHE_FILL_CORE_12                                            80                            80

NUM_WRITE_ACKS_CORE_12                                          0                             0

NUM_WRITES_CORE_12                                             80                            80

ICACHE_HIT_CORE_12                                           1520                            95%
ICACHE_MISS_CORE_12                                            80                             5%
                                                             1600                           100%

MEM_STALL_CYCLE_CORE_13                                         0                             0

ICACHE_FILL_CORE_13                                            80                            80

NUM_WRITE_ACKS_CORE_13                                          0                             0

NUM_WRITES_CORE_13                                             80                            80

ICACHE_HIT_CORE_13                                           1520                            95%
ICACHE_MISS_CORE_13                                            80                             5%
                                                             1600                           100%

MEM_STALL_CYCLE_CORE_14                                         0                             0

ICACHE_FILL_CORE_14                                            80                            80

NUM_WRITE_ACKS_CORE_14                                          0                             0

NUM_WRITES_CORE_14                                             80                            80

ICACHE_HIT_CORE_14                                           1520                            95%
ICACHE_MISS_CORE_14                                            80                             5%
                                                             1600                           100%

MEM_STALL_CYCLE_CORE_15                                         0                             0

ICACHE_FILL_CORE_15                                            80                            80

NUM_WRITE_ACKS_CORE_15                                          0                             0

NUM_WRITES_CORE_15                                             80                            80

ICACHE_HIT_CORE_15                                           1520                            95%
ICACHE_MISS_CORE_15                                            80                             5%
                                                             1600                           100%

