####################################################################################################
Interval
####################################################################################################
Cumulative:         Cycles:                  20000     Instructions:                  1200
AVG_MEMORY_LATENCY_BASE                                     72183                         72183

AVG_MEMORY_LATENCY                                       19294050                       267.294

MSHR_FULL                                                       0                             0

TOTAL_MEMORY                                                64852                         64852

TOTAL_MEMORY_MERGE                                            750                     0.0115648

TOTAL_WB                                                     7331                      0.113042

L1_WB                                                        6696                      0.913382

L2_WB                                                           0                             0

LLC_WB                                                          0                             0

TOTAL_DRAM                                                  54348                         54348

TOTAL_DRAM_MERGE                                              198                    0.00364319

L1_HIT_CPU                                                      0                             0

L1_HIT_GPU                                                  24201                         24201

L1_MISS_CPU                                                     0                             0

L1_MISS_GPU                                                 64240                         64240

L2_HIT_CPU                                                      0                             0

L2_HIT_GPU                                                      0                             0

L2_MISS_CPU                                                     0                             0

L2_MISS_GPU                                                 64102                         64102

L3_HIT_CPU                                                      0                             0

L3_HIT_GPU                                                      0                             0

L3_MISS_CPU                                                     0                             0

L3_MISS_GPU                                                 64102                         64102

LLC_HIT_CPU                                                     0                             0

LLC_HIT_GPU                                                 11024                         11024

LLC_MISS_CPU                                                    0                             0

LLC_MISS_GPU                                                53078                         53078

LLC_HIT_PROMOTION_CPU                                           0                             0

LLC_HIT_PROMOTION_GPU                                           0                             0

FETCH_THREAD_SKIP_LD_WAIT                                       0                             0

FETCH_THREAD_SKIP_BR_WAIT                                       0                             0

FETCH_THREAD_SKIP_SCHED_WAIT                                    0                             0

NUM_MUL_TRANS_CM_TM_DM_INST                                     0                             0

NUM_MUL_TRANS_CM_TM_DM                                          0                           NaN

CONST_CACHE_HIT                                                 0                             0

CONST_CACHE_MISS                                                0                             0

CONST_CACHE_MISS_NO_EXECUTE                                     0                             0

CONST_CACHE_ACCESS                                              0                             0

TEXTURE_CACHE_HIT                                               0                             0

TEXTURE_CACHE_MISS                                              0                             0

TEXTURE_CACHE_NO_EXECUTE                                        0                             0

TEXTURE_CACHE_ACCESS                                            0                             0

SHARED_MEM_INST                                                 0                             0

SHARED_MEM_ACCESS                                          153786                        153786

CACHE_BANK_BUSY                                                94                            94

ICACHE_MISS_TOTAL                                             612                           612

TOTAL_CAGE_PERIOD                                               0                             0

TOTAL_CAGE_APPL0                                                0                           NaN

TOTAL_CAGE_APPL1                                                0                           NaN

TOTAL_CAGE_APPL2                                                0                           NaN

TOTAL_CAGE_APPL3                                                0                           NaN

TOTAL_CAGE_APPL4                                                0                           NaN

ABIP_AVG_RATIO_BASE                                             0                             0

ABIP_AVG_RATIO                                                  0                           NaN

TOTAL_WRITE_ACKS                                                0                             0

TOTAL_WRITES                                                13099                         13099

NUM_PHYSICAL_PAGES                                              0                             0

UNIQUE_PAGE                                                     0                             0

REALLOCATION                                                    0                             0

EVICTION                                                        0                             0

AVG_PAGE_FAULTS_PER_BATCH_BASE                                  0                             0

AVG_PAGE_FAULTS_PER_BATCH                                       0                           NaN

MAX_PAGE_FAULTS_PER_BATCH                                       0                           NaN

COAL_INST                                                       0                          NaN 
UNCOAL_INST                                                     0                          NaN 
                                                                0                           100%

COAL_INST_SINGLE_TRANS                                          0                          NaN 
COAL_INST_MUL_TRANS                                             0                          NaN 
UNCOAL_INST_MUL_TRANS                                           0                          NaN 
                                                                0                           100%

SM_COAL_INST                                                    0                          NaN 
CM_COAL_INST                                                    0                          NaN 
TM_COAL_INST                                                    0                          NaN 
DM_COAL_INST                                                    0                          NaN 
                                                                0                           100%

SM_UNCOAL_INST                                                  0                          NaN 
CM_UNCOAL_INST                                                  0                          NaN 
TM_UNCOAL_INST                                                  0                          NaN 
DM_UNCOAL_INST                                                  0                          NaN 
                                                                0                           100%

SM_COAL_INST_SINGLE_TRANS                                       0                          NaN 
CM_COAL_INST_SINGLE_TRANS                                       0                          NaN 
TM_COAL_INST_SINGLE_TRANS                                       0                          NaN 
DM_COAL_INST_SINGLE_TRANS                                       0                          NaN 
                                                                0                           100%

SM_COAL_INST_MUL_TRANS                                          0                          NaN 
CM_COAL_INST_MUL_TRANS                                          0                          NaN 
TM_COAL_INST_MUL_TRANS                                          0                          NaN 
DM_COAL_INST_MUL_TRANS                                          0                          NaN 
                                                                0                           100%

LD_NO_FORWARD                                                   0                          NaN 
FORWARDED_LD                                                    0                          NaN 
                                                                0                           100%

TLB_HIT                                                         0                          NaN 
TLB_MISS                                                        0                          NaN 
                                                                0                           100%

PAGETABLE_HIT                                                   0                          NaN 
PAGETABLE_MISS                                                  0                          NaN 
                                                                0                           100%

MEM_STALL_CYCLE_CORE_0                                          0                             0

ICACHE_FILL_CORE_0                                             37                            37

NUM_WRITE_ACKS_CORE_0                                           0                             0

NUM_WRITES_CORE_0                                             810                           810

ICACHE_HIT_CORE_0                                          132462                       99.9721%
ICACHE_MISS_CORE_0                                             37                     0.0279247%
                                                           132499                           100%

MEM_STALL_CYCLE_CORE_1                                          0                             0

ICACHE_FILL_CORE_1                                             39                            39

NUM_WRITE_ACKS_CORE_1                                           0                             0

NUM_WRITES_CORE_1                                             772                           772

ICACHE_HIT_CORE_1                                          131084                       99.9703%
ICACHE_MISS_CORE_1                                             39                     0.0297431%
                                                           131123                           100%

MEM_STALL_CYCLE_CORE_2                                          0                             0

ICACHE_FILL_CORE_2                                             37                            37

NUM_WRITE_ACKS_CORE_2                                           0                             0

NUM_WRITES_CORE_2                                             843                           843

ICACHE_HIT_CORE_2                                          133334                       99.9723%
ICACHE_MISS_CORE_2                                             37                     0.0277422%
                                                           133371                           100%

MEM_STALL_CYCLE_CORE_3                                          0                             0

ICACHE_FILL_CORE_3                                             37                            37

NUM_WRITE_ACKS_CORE_3                                           0                             0

NUM_WRITES_CORE_3                                             875                           875

ICACHE_HIT_CORE_3                                          132292                        99.972%
ICACHE_MISS_CORE_3                                             37                     0.0279606%
                                                           132329                           100%

MEM_STALL_CYCLE_CORE_4                                          0                             0

ICACHE_FILL_CORE_4                                             38                            38

NUM_WRITE_ACKS_CORE_4                                           0                             0

NUM_WRITES_CORE_4                                             877                           877

ICACHE_HIT_CORE_4                                          132749                       99.9714%
ICACHE_MISS_CORE_4                                             38                     0.0286173%
                                                           132787                           100%

MEM_STALL_CYCLE_CORE_5                                          0                             0

ICACHE_FILL_CORE_5                                             41                            41

NUM_WRITE_ACKS_CORE_5                                           0                             0

NUM_WRITES_CORE_5                                             792                           792

ICACHE_HIT_CORE_5                                          128389                       99.9681%
ICACHE_MISS_CORE_5                                             41                      0.031924%
                                                           128430                           100%

MEM_STALL_CYCLE_CORE_6                                          0                             0

ICACHE_FILL_CORE_6                                             37                            37

NUM_WRITE_ACKS_CORE_6                                           0                             0

NUM_WRITES_CORE_6                                             860                           860

ICACHE_HIT_CORE_6                                          127532                        99.971%
ICACHE_MISS_CORE_6                                             37                     0.0290039%
                                                           127569                           100%

MEM_STALL_CYCLE_CORE_7                                          0                             0

ICACHE_FILL_CORE_7                                             37                            37

NUM_WRITE_ACKS_CORE_7                                           0                             0

NUM_WRITES_CORE_7                                             780                           780

ICACHE_HIT_CORE_7                                          129602                       99.9715%
ICACHE_MISS_CORE_7                                             37                     0.0285408%
                                                           129639                           100%

MEM_STALL_CYCLE_CORE_8                                          0                             0

ICACHE_FILL_CORE_8                                             38                            38

NUM_WRITE_ACKS_CORE_8                                           0                             0

NUM_WRITES_CORE_8                                             811                           811

ICACHE_HIT_CORE_8                                          129800                       99.9707%
ICACHE_MISS_CORE_8                                             38                     0.0292672%
                                                           129838                           100%

MEM_STALL_CYCLE_CORE_9                                          0                             0

ICACHE_FILL_CORE_9                                             43                            43

NUM_WRITE_ACKS_CORE_9                                           0                             0

NUM_WRITES_CORE_9                                             637                           637

ICACHE_HIT_CORE_9                                          134062                       99.9679%
ICACHE_MISS_CORE_9                                             43                     0.0320644%
                                                           134105                           100%

MEM_STALL_CYCLE_CORE_10                                         0                             0

ICACHE_FILL_CORE_10                                            38                            38

NUM_WRITE_ACKS_CORE_10                                          0                             0

NUM_WRITES_CORE_10                                            814                           814

ICACHE_HIT_CORE_10                                         131013                        99.971%
ICACHE_MISS_CORE_10                                            38                     0.0289963%
                                                           131051                           100%

MEM_STALL_CYCLE_CORE_11                                         0                             0

ICACHE_FILL_CORE_11                                            39                            39

NUM_WRITE_ACKS_CORE_11                                          0                             0

NUM_WRITES_CORE_11                                            861                           861

ICACHE_HIT_CORE_11                                         129772                         99.97%
ICACHE_MISS_CORE_11                                            39                     0.0300437%
                                                           129811                           100%

MEM_STALL_CYCLE_CORE_12                                         0                             0

ICACHE_FILL_CORE_12                                            38                            38

NUM_WRITE_ACKS_CORE_12                                          0                             0

NUM_WRITES_CORE_12                                            905                           905

ICACHE_HIT_CORE_12                                         131762                       99.9712%
ICACHE_MISS_CORE_12                                            38                     0.0288316%
                                                           131800                           100%

MEM_STALL_CYCLE_CORE_13                                         0                             0

ICACHE_FILL_CORE_13                                            37                            37

NUM_WRITE_ACKS_CORE_13                                          0                             0

NUM_WRITES_CORE_13                                            822                           822

ICACHE_HIT_CORE_13                                         125054                       99.9704%
ICACHE_MISS_CORE_13                                            37                     0.0295785%
                                                           125091                           100%

MEM_STALL_CYCLE_CORE_14                                         0                             0

ICACHE_FILL_CORE_14                                            39                            39

NUM_WRITE_ACKS_CORE_14                                          0                             0

NUM_WRITES_CORE_14                                            832                           832

ICACHE_HIT_CORE_14                                         131506                       99.9704%
ICACHE_MISS_CORE_14                                            39                     0.0296476%
                                                           131545                           100%

MEM_STALL_CYCLE_CORE_15                                         0                             0

ICACHE_FILL_CORE_15                                            37                            37

NUM_WRITE_ACKS_CORE_15                                          0                             0

NUM_WRITES_CORE_15                                            808                           808

ICACHE_HIT_CORE_15                                         128887                       99.9713%
ICACHE_MISS_CORE_15                                            37                     0.0286991%
                                                           128924                           100%

