Arguments: ./macsim 
src/macsim.cc:122: (I=0  C=0):  initialize knobs
number of cores : 16
src/macsim.cc:541: (I=0  C=0):  initialize simulation
src/macsim.cc:321: (I=0  C=0):  initialize cores (0/0/16)
src/memory.cc:1570: (I=0  C=0):  Memory system(l2_decoupled_network) has been initialized.
src/network_simple.cc:90: (I=0  C=0):  TOTAL_ROUTER:35 CPU:0 GPU:16 L3:1 LLC:12 MC:6
enabling bug detector
src/macsim.cc:754: (I=0  C=0):  Initializing new noc

src/macsim.cc:842: (I=0  C=0):  Clock LCM           : 2
src/macsim.cc:843: (I=0  C=0):  CPU clock frequency : 2 GHz
src/macsim.cc:844: (I=0  C=0):  GPU clock frequency : 2 GHz
src/macsim.cc:845: (I=0  C=0):  LLC clock frequency : 2 GHz
src/macsim.cc:846: (I=0  C=0):  NOC clock frequency : 2 GHz
src/macsim.cc:847: (I=0  C=0):  MC  clock frequency : 2 GHz
src/process_manager.cc:426: (I=0  C=0):  setup_process:0 /home/cory/LightGCN-PyTorch/traces/macsim/Kernel67289/trace.txt current_index:0 (1)
trace:/home/cory/LightGCN-PyTorch/traces/macsim/Kernel67289/trace.txt is opened 
trace type: nvbit end
src/process_manager.cc:541: (I=0  C=0):  thread_count: 4
src/process_manager.cc:542: (I=0  C=0):  max blocks per core: 8
**Core 00 Thread 00 Finished:   insts:17          cycles:522        (521)  seconds:0     -- 0.03 IPC (0.03 IPC) --  N/A  KHz (inf KHz) 
**Core 00 Thread 01 Finished:   insts:17          cycles:522        (521)  seconds:0     -- 0.03 IPC (0.03 IPC) --  N/A  KHz (inf KHz) 
**Core 00 Thread 03 Finished:   insts:17          cycles:530        (529)  seconds:0     -- 0.03 IPC (0.03 IPC) --  N/A  KHz (inf KHz) 
**Core 00 Thread 02 Finished:   insts:33          cycles:1107       (1106)  seconds:0     -- 0.03 IPC (0.03 IPC) --  N/A  KHz (inf KHz) 
src/retire.cc:563: (I=17  C=1106):  ----- application 0 terminated (/home/cory/LightGCN-PyTorch/traces/macsim/Kernel67289/trace.txt,0) at 1106
**Core 00 Core_Total  Finished:   insts:84          cycles:1107       (1106) seconds:0     -- 0.08 IPC (0.08 IPC) --  N/A  KHz (inf KHz)
src/macsim.cc:624: (I=17  C=1107):  finalize simulation
src/macsim.cc:628: (I=17  C=1107):  elapsed time:0.2 seconds
Done
