####################################################################################################
Interval
####################################################################################################
Cumulative:         Cycles:                  20000     Instructions:                  1200
DRAM_PRECHARGE                                                  0                             0

DRAM_ACTIVATE                                                   3                             3

DRAM_COLUMN                                                     7                             7

DRAM_AVG_LATENCY_BASE                                           7                             7

DRAM_AVG_LATENCY                                              438                       62.5714

BANDWIDTH_TOT                                                 832                           832

DRAM_CHANNEL0_BANDWIDTH_SATURATED                               0                             0

DRAM_CHANNEL1_BANDWIDTH_SATURATED                               0                             0

DRAM_CHANNEL2_BANDWIDTH_SATURATED                               0                             0

DRAM_CHANNEL3_BANDWIDTH_SATURATED                               0                             0

DRAM_CHANNEL4_BANDWIDTH_SATURATED                               0                             0

DRAM_CHANNEL5_BANDWIDTH_SATURATED                               0                             0

DRAM_CHANNEL6_BANDWIDTH_SATURATED                               0                             0

DRAM_CHANNEL7_BANDWIDTH_SATURATED                               0                             0

DRAM_CHANNEL0_DBUS_IDLE                                      5898                          5898

DRAM_CHANNEL1_DBUS_IDLE                                      5898                          5898

DRAM_CHANNEL2_DBUS_IDLE                                      5898                          5898

DRAM_CHANNEL3_DBUS_IDLE                                      5898                          5898

DRAM_CHANNEL4_DBUS_IDLE                                      5878                          5878

DRAM_CHANNEL5_DBUS_IDLE                                      5898                          5898

DRAM_CHANNEL6_DBUS_IDLE                                      5898                          5898

DRAM_CHANNEL7_DBUS_IDLE                                      5866                          5866

