####################################################################################################
Interval
####################################################################################################
Cumulative:         Cycles:                  20000     Instructions:                  1200
DRAM_PRECHARGE                                                  0                             0

DRAM_ACTIVATE                                                   3                             3

DRAM_COLUMN                                                    20                            20

DRAM_AVG_LATENCY_BASE                                          20                            20

DRAM_AVG_LATENCY                                              692                          34.6

BANDWIDTH_TOT                                                2496                          2496

DRAM_CHANNEL0_BANDWIDTH_SATURATED                               0                             0

DRAM_CHANNEL1_BANDWIDTH_SATURATED                               0                             0

DRAM_CHANNEL2_BANDWIDTH_SATURATED                               0                             0

DRAM_CHANNEL3_BANDWIDTH_SATURATED                               0                             0

DRAM_CHANNEL4_BANDWIDTH_SATURATED                               0                             0

DRAM_CHANNEL5_BANDWIDTH_SATURATED                               0                             0

DRAM_CHANNEL6_BANDWIDTH_SATURATED                               0                             0

DRAM_CHANNEL7_BANDWIDTH_SATURATED                               0                             0

DRAM_CHANNEL0_DBUS_IDLE                                     69714                         69714

DRAM_CHANNEL1_DBUS_IDLE                                     69586                         69586

DRAM_CHANNEL2_DBUS_IDLE                                     69714                         69714

DRAM_CHANNEL3_DBUS_IDLE                                     69714                         69714

DRAM_CHANNEL4_DBUS_IDLE                                     69714                         69714

DRAM_CHANNEL5_DBUS_IDLE                                     69714                         69714

DRAM_CHANNEL6_DBUS_IDLE                                     69530                         69530

DRAM_CHANNEL7_DBUS_IDLE                                     69714                         69714

