####################################################################################################
Interval
####################################################################################################
Cumulative:         Cycles:                  20000     Instructions:                  1200
AVG_MEMORY_LATENCY_BASE                                     97997                         97997

AVG_MEMORY_LATENCY                                      360321865                       3676.87

MSHR_FULL                                                       0                             0

TOTAL_MEMORY                                                79360                         79360

TOTAL_MEMORY_MERGE                                          13823                      0.174181

TOTAL_WB                                                    18637                      0.234841

L1_WB                                                       18637                             1

L2_WB                                                           0                             0

LLC_WB                                                          0                             0

TOTAL_DRAM                                                  65537                         65537

TOTAL_DRAM_MERGE                                                0                             0

L1_HIT_CPU                                                      0                             0

L1_HIT_GPU                                                  32768                         32768

L1_MISS_CPU                                                     0                             0

L1_MISS_GPU                                                 65536                         65536

L2_HIT_CPU                                                      0                             0

L2_HIT_GPU                                                      0                             0

L2_MISS_CPU                                                     0                             0

L2_MISS_GPU                                                 65537                         65537

L3_HIT_CPU                                                      0                             0

L3_HIT_GPU                                                      0                             0

L3_MISS_CPU                                                     0                             0

L3_MISS_GPU                                                 65537                         65537

LLC_HIT_CPU                                                     0                             0

LLC_HIT_GPU                                                     0                             0

LLC_MISS_CPU                                                    0                             0

LLC_MISS_GPU                                                65537                         65537

LLC_HIT_PROMOTION_CPU                                           0                             0

LLC_HIT_PROMOTION_GPU                                           0                             0

FETCH_THREAD_SKIP_LD_WAIT                                       0                             0

FETCH_THREAD_SKIP_BR_WAIT                                       0                             0

FETCH_THREAD_SKIP_SCHED_WAIT                                    0                             0

NUM_MUL_TRANS_CM_TM_DM_INST                                     0                             0

NUM_MUL_TRANS_CM_TM_DM                                          0                           NaN

CONST_CACHE_HIT                                                 0                             0

CONST_CACHE_MISS                                                0                             0

CONST_CACHE_MISS_NO_EXECUTE                                     0                             0

CONST_CACHE_ACCESS                                              0                             0

TEXTURE_CACHE_HIT                                               0                             0

TEXTURE_CACHE_MISS                                              0                             0

TEXTURE_CACHE_NO_EXECUTE                                        0                             0

TEXTURE_CACHE_ACCESS                                            0                             0

SHARED_MEM_INST                                                 0                             0

SHARED_MEM_ACCESS                                               0                             0

CACHE_BANK_BUSY                                               461                           461

ICACHE_MISS_TOTAL                                           13824                         13824

TOTAL_CAGE_PERIOD                                               0                             0

TOTAL_CAGE_APPL0                                                0                           NaN

TOTAL_CAGE_APPL1                                                0                           NaN

TOTAL_CAGE_APPL2                                                0                           NaN

TOTAL_CAGE_APPL3                                                0                           NaN

TOTAL_CAGE_APPL4                                                0                           NaN

ABIP_AVG_RATIO_BASE                                             0                             0

ABIP_AVG_RATIO                                                  0                           NaN

TOTAL_WRITE_ACKS                                                0                             0

TOTAL_WRITES                                                    0                             0

NUM_PHYSICAL_PAGES                                              0                             0

UNIQUE_PAGE                                                     0                             0

REALLOCATION                                                    0                             0

EVICTION                                                        0                             0

AVG_PAGE_FAULTS_PER_BATCH_BASE                                  0                             0

AVG_PAGE_FAULTS_PER_BATCH                                       0                           NaN

MAX_PAGE_FAULTS_PER_BATCH                                       0                           NaN

COAL_INST                                                       0                          NaN 
UNCOAL_INST                                                     0                          NaN 
                                                                0                           100%

COAL_INST_SINGLE_TRANS                                          0                          NaN 
COAL_INST_MUL_TRANS                                             0                          NaN 
UNCOAL_INST_MUL_TRANS                                           0                          NaN 
                                                                0                           100%

SM_COAL_INST                                                    0                          NaN 
CM_COAL_INST                                                    0                          NaN 
TM_COAL_INST                                                    0                          NaN 
DM_COAL_INST                                                    0                          NaN 
                                                                0                           100%

SM_UNCOAL_INST                                                  0                          NaN 
CM_UNCOAL_INST                                                  0                          NaN 
TM_UNCOAL_INST                                                  0                          NaN 
DM_UNCOAL_INST                                                  0                          NaN 
                                                                0                           100%

SM_COAL_INST_SINGLE_TRANS                                       0                          NaN 
CM_COAL_INST_SINGLE_TRANS                                       0                          NaN 
TM_COAL_INST_SINGLE_TRANS                                       0                          NaN 
DM_COAL_INST_SINGLE_TRANS                                       0                          NaN 
                                                                0                           100%

SM_COAL_INST_MUL_TRANS                                          0                          NaN 
CM_COAL_INST_MUL_TRANS                                          0                          NaN 
TM_COAL_INST_MUL_TRANS                                          0                          NaN 
DM_COAL_INST_MUL_TRANS                                          0                          NaN 
                                                                0                           100%

LD_NO_FORWARD                                                   0                          NaN 
FORWARDED_LD                                                    0                          NaN 
                                                                0                           100%

TLB_HIT                                                         0                          NaN 
TLB_MISS                                                        0                          NaN 
                                                                0                           100%

PAGETABLE_HIT                                                   0                          NaN 
PAGETABLE_MISS                                                  0                          NaN 
                                                                0                           100%

MEM_STALL_CYCLE_CORE_0                                          0                             0

ICACHE_FILL_CORE_0                                            128                           128

NUM_WRITE_ACKS_CORE_0                                           0                             0

NUM_WRITES_CORE_0                                               0                             0

ICACHE_HIT_CORE_0                                            7296                       98.2759%
ICACHE_MISS_CORE_0                                            128                       1.72414%
                                                             7424                           100%

MEM_STALL_CYCLE_CORE_1                                          0                             0

ICACHE_FILL_CORE_1                                            128                           128

NUM_WRITE_ACKS_CORE_1                                           0                             0

NUM_WRITES_CORE_1                                               0                             0

ICACHE_HIT_CORE_1                                            7296                       98.2759%
ICACHE_MISS_CORE_1                                            128                       1.72414%
                                                             7424                           100%

MEM_STALL_CYCLE_CORE_2                                          0                             0

ICACHE_FILL_CORE_2                                            128                           128

NUM_WRITE_ACKS_CORE_2                                           0                             0

NUM_WRITES_CORE_2                                               0                             0

ICACHE_HIT_CORE_2                                            7600                       98.3437%
ICACHE_MISS_CORE_2                                            128                       1.65631%
                                                             7728                           100%

MEM_STALL_CYCLE_CORE_3                                          0                             0

ICACHE_FILL_CORE_3                                            128                           128

NUM_WRITE_ACKS_CORE_3                                           0                             0

NUM_WRITES_CORE_3                                               0                             0

ICACHE_HIT_CORE_3                                            6992                       98.2022%
ICACHE_MISS_CORE_3                                            128                       1.79775%
                                                             7120                           100%

MEM_STALL_CYCLE_CORE_4                                          0                             0

ICACHE_FILL_CORE_4                                            128                           128

NUM_WRITE_ACKS_CORE_4                                           0                             0

NUM_WRITES_CORE_4                                               0                             0

ICACHE_HIT_CORE_4                                            7296                       98.2759%
ICACHE_MISS_CORE_4                                            128                       1.72414%
                                                             7424                           100%

MEM_STALL_CYCLE_CORE_5                                          0                             0

ICACHE_FILL_CORE_5                                            128                           128

NUM_WRITE_ACKS_CORE_5                                           0                             0

NUM_WRITES_CORE_5                                               0                             0

ICACHE_HIT_CORE_5                                            5776                        97.832%
ICACHE_MISS_CORE_5                                            128                       2.16802%
                                                             5904                           100%

MEM_STALL_CYCLE_CORE_6                                          0                             0

ICACHE_FILL_CORE_6                                            128                           128

NUM_WRITE_ACKS_CORE_6                                           0                             0

NUM_WRITES_CORE_6                                               0                             0

ICACHE_HIT_CORE_6                                            4864                       97.4359%
ICACHE_MISS_CORE_6                                            128                        2.5641%
                                                             4992                           100%

MEM_STALL_CYCLE_CORE_7                                          0                             0

ICACHE_FILL_CORE_7                                            128                           128

NUM_WRITE_ACKS_CORE_7                                           0                             0

NUM_WRITES_CORE_7                                               0                             0

ICACHE_HIT_CORE_7                                            5168                       97.5831%
ICACHE_MISS_CORE_7                                            128                       2.41692%
                                                             5296                           100%

MEM_STALL_CYCLE_CORE_8                                          0                             0

ICACHE_FILL_CORE_8                                            128                           128

NUM_WRITE_ACKS_CORE_8                                           0                             0

NUM_WRITES_CORE_8                                               0                             0

ICACHE_HIT_CORE_8                                            7296                       98.2759%
ICACHE_MISS_CORE_8                                            128                       1.72414%
                                                             7424                           100%

MEM_STALL_CYCLE_CORE_9                                          0                             0

ICACHE_FILL_CORE_9                                            128                           128

NUM_WRITE_ACKS_CORE_9                                           0                             0

NUM_WRITES_CORE_9                                               0                             0

ICACHE_HIT_CORE_9                                            7296                       98.2759%
ICACHE_MISS_CORE_9                                            128                       1.72414%
                                                             7424                           100%

MEM_STALL_CYCLE_CORE_10                                         0                             0

ICACHE_FILL_CORE_10                                           128                           128

NUM_WRITE_ACKS_CORE_10                                          0                             0

NUM_WRITES_CORE_10                                              0                             0

ICACHE_HIT_CORE_10                                           7296                       98.2759%
ICACHE_MISS_CORE_10                                           128                       1.72414%
                                                             7424                           100%

MEM_STALL_CYCLE_CORE_11                                         0                             0

ICACHE_FILL_CORE_11                                           128                           128

NUM_WRITE_ACKS_CORE_11                                          0                             0

NUM_WRITES_CORE_11                                              0                             0

ICACHE_HIT_CORE_11                                           4864                       97.4359%
ICACHE_MISS_CORE_11                                           128                        2.5641%
                                                             4992                           100%

MEM_STALL_CYCLE_CORE_12                                         0                             0

ICACHE_FILL_CORE_12                                           128                           128

NUM_WRITE_ACKS_CORE_12                                          0                             0

NUM_WRITES_CORE_12                                              0                             0

ICACHE_HIT_CORE_12                                           7296                       98.2759%
ICACHE_MISS_CORE_12                                           128                       1.72414%
                                                             7424                           100%

MEM_STALL_CYCLE_CORE_13                                         0                             0

ICACHE_FILL_CORE_13                                           128                           128

NUM_WRITE_ACKS_CORE_13                                          0                             0

NUM_WRITES_CORE_13                                              0                             0

ICACHE_HIT_CORE_13                                           4864                       97.4359%
ICACHE_MISS_CORE_13                                           128                        2.5641%
                                                             4992                           100%

MEM_STALL_CYCLE_CORE_14                                         0                             0

ICACHE_FILL_CORE_14                                           128                           128

NUM_WRITE_ACKS_CORE_14                                          0                             0

NUM_WRITES_CORE_14                                              0                             0

ICACHE_HIT_CORE_14                                           7296                       98.2759%
ICACHE_MISS_CORE_14                                           128                       1.72414%
                                                             7424                           100%

MEM_STALL_CYCLE_CORE_15                                         0                             0

ICACHE_FILL_CORE_15                                           128                           128

NUM_WRITE_ACKS_CORE_15                                          0                             0

NUM_WRITES_CORE_15                                              0                             0

ICACHE_HIT_CORE_15                                           4864                       97.4359%
ICACHE_MISS_CORE_15                                           128                        2.5641%
                                                             4992                           100%

MEM_STALL_CYCLE_CORE_16                                         0                             0

ICACHE_FILL_CORE_16                                           128                           128

NUM_WRITE_ACKS_CORE_16                                          0                             0

NUM_WRITES_CORE_16                                              0                             0

ICACHE_HIT_CORE_16                                           7296                       98.2759%
ICACHE_MISS_CORE_16                                           128                       1.72414%
                                                             7424                           100%

MEM_STALL_CYCLE_CORE_17                                         0                             0

ICACHE_FILL_CORE_17                                           128                           128

NUM_WRITE_ACKS_CORE_17                                          0                             0

NUM_WRITES_CORE_17                                              0                             0

ICACHE_HIT_CORE_17                                           5168                       97.5831%
ICACHE_MISS_CORE_17                                           128                       2.41692%
                                                             5296                           100%

MEM_STALL_CYCLE_CORE_18                                         0                             0

ICACHE_FILL_CORE_18                                           128                           128

NUM_WRITE_ACKS_CORE_18                                          0                             0

NUM_WRITES_CORE_18                                              0                             0

ICACHE_HIT_CORE_18                                           6992                       98.2022%
ICACHE_MISS_CORE_18                                           128                       1.79775%
                                                             7120                           100%

MEM_STALL_CYCLE_CORE_19                                         0                             0

ICACHE_FILL_CORE_19                                           128                           128

NUM_WRITE_ACKS_CORE_19                                          0                             0

NUM_WRITES_CORE_19                                              0                             0

ICACHE_HIT_CORE_19                                           4864                       97.4359%
ICACHE_MISS_CORE_19                                           128                        2.5641%
                                                             4992                           100%

MEM_STALL_CYCLE_CORE_20                                         0                             0

ICACHE_FILL_CORE_20                                           128                           128

NUM_WRITE_ACKS_CORE_20                                          0                             0

NUM_WRITES_CORE_20                                              0                             0

ICACHE_HIT_CORE_20                                           4864                       97.4359%
ICACHE_MISS_CORE_20                                           128                        2.5641%
                                                             4992                           100%

MEM_STALL_CYCLE_CORE_21                                         0                             0

ICACHE_FILL_CORE_21                                           128                           128

NUM_WRITE_ACKS_CORE_21                                          0                             0

NUM_WRITES_CORE_21                                              0                             0

ICACHE_HIT_CORE_21                                           4864                       97.4359%
ICACHE_MISS_CORE_21                                           128                        2.5641%
                                                             4992                           100%

MEM_STALL_CYCLE_CORE_22                                         0                             0

ICACHE_FILL_CORE_22                                           128                           128

NUM_WRITE_ACKS_CORE_22                                          0                             0

NUM_WRITES_CORE_22                                              0                             0

ICACHE_HIT_CORE_22                                           5472                       97.7143%
ICACHE_MISS_CORE_22                                           128                       2.28571%
                                                             5600                           100%

MEM_STALL_CYCLE_CORE_23                                         0                             0

ICACHE_FILL_CORE_23                                           128                           128

NUM_WRITE_ACKS_CORE_23                                          0                             0

NUM_WRITES_CORE_23                                              0                             0

ICACHE_HIT_CORE_23                                           4864                       97.4359%
ICACHE_MISS_CORE_23                                           128                        2.5641%
                                                             4992                           100%

MEM_STALL_CYCLE_CORE_24                                         0                             0

ICACHE_FILL_CORE_24                                           128                           128

NUM_WRITE_ACKS_CORE_24                                          0                             0

NUM_WRITES_CORE_24                                              0                             0

ICACHE_HIT_CORE_24                                           4864                       97.4359%
ICACHE_MISS_CORE_24                                           128                        2.5641%
                                                             4992                           100%

MEM_STALL_CYCLE_CORE_25                                         0                             0

ICACHE_FILL_CORE_25                                           128                           128

NUM_WRITE_ACKS_CORE_25                                          0                             0

NUM_WRITES_CORE_25                                              0                             0

ICACHE_HIT_CORE_25                                           4864                       97.4359%
ICACHE_MISS_CORE_25                                           128                        2.5641%
                                                             4992                           100%

MEM_STALL_CYCLE_CORE_26                                         0                             0

ICACHE_FILL_CORE_26                                           128                           128

NUM_WRITE_ACKS_CORE_26                                          0                             0

NUM_WRITES_CORE_26                                              0                             0

ICACHE_HIT_CORE_26                                           4864                       97.4359%
ICACHE_MISS_CORE_26                                           128                        2.5641%
                                                             4992                           100%

MEM_STALL_CYCLE_CORE_27                                         0                             0

ICACHE_FILL_CORE_27                                           128                           128

NUM_WRITE_ACKS_CORE_27                                          0                             0

NUM_WRITES_CORE_27                                              0                             0

ICACHE_HIT_CORE_27                                           4864                       97.4359%
ICACHE_MISS_CORE_27                                           128                        2.5641%
                                                             4992                           100%

MEM_STALL_CYCLE_CORE_28                                         0                             0

ICACHE_FILL_CORE_28                                           128                           128

NUM_WRITE_ACKS_CORE_28                                          0                             0

NUM_WRITES_CORE_28                                              0                             0

ICACHE_HIT_CORE_28                                           4864                       97.4359%
ICACHE_MISS_CORE_28                                           128                        2.5641%
                                                             4992                           100%

MEM_STALL_CYCLE_CORE_29                                         0                             0

ICACHE_FILL_CORE_29                                           128                           128

NUM_WRITE_ACKS_CORE_29                                          0                             0

NUM_WRITES_CORE_29                                              0                             0

ICACHE_HIT_CORE_29                                           4864                       97.4359%
ICACHE_MISS_CORE_29                                           128                        2.5641%
                                                             4992                           100%

MEM_STALL_CYCLE_CORE_30                                         0                             0

ICACHE_FILL_CORE_30                                           128                           128

NUM_WRITE_ACKS_CORE_30                                          0                             0

NUM_WRITES_CORE_30                                              0                             0

ICACHE_HIT_CORE_30                                           4864                       97.4359%
ICACHE_MISS_CORE_30                                           128                        2.5641%
                                                             4992                           100%

MEM_STALL_CYCLE_CORE_31                                         0                             0

ICACHE_FILL_CORE_31                                           128                           128

NUM_WRITE_ACKS_CORE_31                                          0                             0

NUM_WRITES_CORE_31                                              0                             0

ICACHE_HIT_CORE_31                                           4864                       97.4359%
ICACHE_MISS_CORE_31                                           128                        2.5641%
                                                             4992                           100%

MEM_STALL_CYCLE_CORE_32                                         0                             0

ICACHE_FILL_CORE_32                                           128                           128

NUM_WRITE_ACKS_CORE_32                                          0                             0

NUM_WRITES_CORE_32                                              0                             0

ICACHE_HIT_CORE_32                                           4864                       97.4359%
ICACHE_MISS_CORE_32                                           128                        2.5641%
                                                             4992                           100%

MEM_STALL_CYCLE_CORE_33                                         0                             0

ICACHE_FILL_CORE_33                                           128                           128

NUM_WRITE_ACKS_CORE_33                                          0                             0

NUM_WRITES_CORE_33                                              0                             0

ICACHE_HIT_CORE_33                                           4864                       97.4359%
ICACHE_MISS_CORE_33                                           128                        2.5641%
                                                             4992                           100%

MEM_STALL_CYCLE_CORE_34                                         0                             0

ICACHE_FILL_CORE_34                                           128                           128

NUM_WRITE_ACKS_CORE_34                                          0                             0

NUM_WRITES_CORE_34                                              0                             0

ICACHE_HIT_CORE_34                                           4864                       97.4359%
ICACHE_MISS_CORE_34                                           128                        2.5641%
                                                             4992                           100%

MEM_STALL_CYCLE_CORE_35                                         0                             0

ICACHE_FILL_CORE_35                                           128                           128

NUM_WRITE_ACKS_CORE_35                                          0                             0

NUM_WRITES_CORE_35                                              0                             0

ICACHE_HIT_CORE_35                                           4864                       97.4359%
ICACHE_MISS_CORE_35                                           128                        2.5641%
                                                             4992                           100%

MEM_STALL_CYCLE_CORE_36                                         0                             0

ICACHE_FILL_CORE_36                                           128                           128

NUM_WRITE_ACKS_CORE_36                                          0                             0

NUM_WRITES_CORE_36                                              0                             0

ICACHE_HIT_CORE_36                                           4864                       97.4359%
ICACHE_MISS_CORE_36                                           128                        2.5641%
                                                             4992                           100%

MEM_STALL_CYCLE_CORE_37                                         0                             0

ICACHE_FILL_CORE_37                                           128                           128

NUM_WRITE_ACKS_CORE_37                                          0                             0

NUM_WRITES_CORE_37                                              0                             0

ICACHE_HIT_CORE_37                                           4864                       97.4359%
ICACHE_MISS_CORE_37                                           128                        2.5641%
                                                             4992                           100%

MEM_STALL_CYCLE_CORE_38                                         0                             0

ICACHE_FILL_CORE_38                                           128                           128

NUM_WRITE_ACKS_CORE_38                                          0                             0

NUM_WRITES_CORE_38                                              0                             0

ICACHE_HIT_CORE_38                                           4864                       97.4359%
ICACHE_MISS_CORE_38                                           128                        2.5641%
                                                             4992                           100%

MEM_STALL_CYCLE_CORE_39                                         0                             0

ICACHE_FILL_CORE_39                                           128                           128

NUM_WRITE_ACKS_CORE_39                                          0                             0

NUM_WRITES_CORE_39                                              0                             0

ICACHE_HIT_CORE_39                                           4864                       97.4359%
ICACHE_MISS_CORE_39                                           128                        2.5641%
                                                             4992                           100%

MEM_STALL_CYCLE_CORE_40                                         0                             0

ICACHE_FILL_CORE_40                                           128                           128

NUM_WRITE_ACKS_CORE_40                                          0                             0

NUM_WRITES_CORE_40                                              0                             0

ICACHE_HIT_CORE_40                                           4864                       97.4359%
ICACHE_MISS_CORE_40                                           128                        2.5641%
                                                             4992                           100%

MEM_STALL_CYCLE_CORE_41                                         0                             0

ICACHE_FILL_CORE_41                                           128                           128

NUM_WRITE_ACKS_CORE_41                                          0                             0

NUM_WRITES_CORE_41                                              0                             0

ICACHE_HIT_CORE_41                                           4864                       97.4359%
ICACHE_MISS_CORE_41                                           128                        2.5641%
                                                             4992                           100%

MEM_STALL_CYCLE_CORE_42                                         0                             0

ICACHE_FILL_CORE_42                                           128                           128

NUM_WRITE_ACKS_CORE_42                                          0                             0

NUM_WRITES_CORE_42                                              0                             0

ICACHE_HIT_CORE_42                                           5168                       97.5831%
ICACHE_MISS_CORE_42                                           128                       2.41692%
                                                             5296                           100%

MEM_STALL_CYCLE_CORE_43                                         0                             0

ICACHE_FILL_CORE_43                                           128                           128

NUM_WRITE_ACKS_CORE_43                                          0                             0

NUM_WRITES_CORE_43                                              0                             0

ICACHE_HIT_CORE_43                                           4864                       97.4359%
ICACHE_MISS_CORE_43                                           128                        2.5641%
                                                             4992                           100%

MEM_STALL_CYCLE_CORE_44                                         0                             0

ICACHE_FILL_CORE_44                                           128                           128

NUM_WRITE_ACKS_CORE_44                                          0                             0

NUM_WRITES_CORE_44                                              0                             0

ICACHE_HIT_CORE_44                                           4864                       97.4359%
ICACHE_MISS_CORE_44                                           128                        2.5641%
                                                             4992                           100%

MEM_STALL_CYCLE_CORE_45                                         0                             0

ICACHE_FILL_CORE_45                                           128                           128

NUM_WRITE_ACKS_CORE_45                                          0                             0

NUM_WRITES_CORE_45                                              0                             0

ICACHE_HIT_CORE_45                                           4864                       97.4359%
ICACHE_MISS_CORE_45                                           128                        2.5641%
                                                             4992                           100%

MEM_STALL_CYCLE_CORE_46                                         0                             0

ICACHE_FILL_CORE_46                                           128                           128

NUM_WRITE_ACKS_CORE_46                                          0                             0

NUM_WRITES_CORE_46                                              0                             0

ICACHE_HIT_CORE_46                                           4864                       97.4359%
ICACHE_MISS_CORE_46                                           128                        2.5641%
                                                             4992                           100%

MEM_STALL_CYCLE_CORE_47                                         0                             0

ICACHE_FILL_CORE_47                                           128                           128

NUM_WRITE_ACKS_CORE_47                                          0                             0

NUM_WRITES_CORE_47                                              0                             0

ICACHE_HIT_CORE_47                                           4864                       97.4359%
ICACHE_MISS_CORE_47                                           128                        2.5641%
                                                             4992                           100%

MEM_STALL_CYCLE_CORE_48                                         0                             0

ICACHE_FILL_CORE_48                                           128                           128

NUM_WRITE_ACKS_CORE_48                                          0                             0

NUM_WRITES_CORE_48                                              0                             0

ICACHE_HIT_CORE_48                                           4864                       97.4359%
ICACHE_MISS_CORE_48                                           128                        2.5641%
                                                             4992                           100%

MEM_STALL_CYCLE_CORE_49                                         0                             0

ICACHE_FILL_CORE_49                                           128                           128

NUM_WRITE_ACKS_CORE_49                                          0                             0

NUM_WRITES_CORE_49                                              0                             0

ICACHE_HIT_CORE_49                                           4864                       97.4359%
ICACHE_MISS_CORE_49                                           128                        2.5641%
                                                             4992                           100%

MEM_STALL_CYCLE_CORE_50                                         0                             0

ICACHE_FILL_CORE_50                                           128                           128

NUM_WRITE_ACKS_CORE_50                                          0                             0

NUM_WRITES_CORE_50                                              0                             0

ICACHE_HIT_CORE_50                                           4864                       97.4359%
ICACHE_MISS_CORE_50                                           128                        2.5641%
                                                             4992                           100%

MEM_STALL_CYCLE_CORE_51                                         0                             0

ICACHE_FILL_CORE_51                                           128                           128

NUM_WRITE_ACKS_CORE_51                                          0                             0

NUM_WRITES_CORE_51                                              0                             0

ICACHE_HIT_CORE_51                                           6992                       98.2022%
ICACHE_MISS_CORE_51                                           128                       1.79775%
                                                             7120                           100%

MEM_STALL_CYCLE_CORE_52                                         0                             0

ICACHE_FILL_CORE_52                                           128                           128

NUM_WRITE_ACKS_CORE_52                                          0                             0

NUM_WRITES_CORE_52                                              0                             0

ICACHE_HIT_CORE_52                                           6992                       98.2022%
ICACHE_MISS_CORE_52                                           128                       1.79775%
                                                             7120                           100%

MEM_STALL_CYCLE_CORE_53                                         0                             0

ICACHE_FILL_CORE_53                                           128                           128

NUM_WRITE_ACKS_CORE_53                                          0                             0

NUM_WRITES_CORE_53                                              0                             0

ICACHE_HIT_CORE_53                                           4864                       97.4359%
ICACHE_MISS_CORE_53                                           128                        2.5641%
                                                             4992                           100%

MEM_STALL_CYCLE_CORE_54                                         0                             0

ICACHE_FILL_CORE_54                                           128                           128

NUM_WRITE_ACKS_CORE_54                                          0                             0

NUM_WRITES_CORE_54                                              0                             0

ICACHE_HIT_CORE_54                                           6992                       98.2022%
ICACHE_MISS_CORE_54                                           128                       1.79775%
                                                             7120                           100%

MEM_STALL_CYCLE_CORE_55                                         0                             0

ICACHE_FILL_CORE_55                                           128                           128

NUM_WRITE_ACKS_CORE_55                                          0                             0

NUM_WRITES_CORE_55                                              0                             0

ICACHE_HIT_CORE_55                                           7296                       98.2759%
ICACHE_MISS_CORE_55                                           128                       1.72414%
                                                             7424                           100%

MEM_STALL_CYCLE_CORE_56                                         0                             0

ICACHE_FILL_CORE_56                                           128                           128

NUM_WRITE_ACKS_CORE_56                                          0                             0

NUM_WRITES_CORE_56                                              0                             0

ICACHE_HIT_CORE_56                                           6992                       98.2022%
ICACHE_MISS_CORE_56                                           128                       1.79775%
                                                             7120                           100%

MEM_STALL_CYCLE_CORE_57                                         0                             0

ICACHE_FILL_CORE_57                                           128                           128

NUM_WRITE_ACKS_CORE_57                                          0                             0

NUM_WRITES_CORE_57                                              0                             0

ICACHE_HIT_CORE_57                                           7296                       98.2759%
ICACHE_MISS_CORE_57                                           128                       1.72414%
                                                             7424                           100%

MEM_STALL_CYCLE_CORE_58                                         0                             0

ICACHE_FILL_CORE_58                                           128                           128

NUM_WRITE_ACKS_CORE_58                                          0                             0

NUM_WRITES_CORE_58                                              0                             0

ICACHE_HIT_CORE_58                                           7296                       98.2759%
ICACHE_MISS_CORE_58                                           128                       1.72414%
                                                             7424                           100%

MEM_STALL_CYCLE_CORE_59                                         0                             0

ICACHE_FILL_CORE_59                                           128                           128

NUM_WRITE_ACKS_CORE_59                                          0                             0

NUM_WRITES_CORE_59                                              0                             0

ICACHE_HIT_CORE_59                                           7296                       98.2759%
ICACHE_MISS_CORE_59                                           128                       1.72414%
                                                             7424                           100%

MEM_STALL_CYCLE_CORE_60                                         0                             0

ICACHE_FILL_CORE_60                                           128                           128

NUM_WRITE_ACKS_CORE_60                                          0                             0

NUM_WRITES_CORE_60                                              0                             0

ICACHE_HIT_CORE_60                                           6992                       98.2022%
ICACHE_MISS_CORE_60                                           128                       1.79775%
                                                             7120                           100%

MEM_STALL_CYCLE_CORE_61                                         0                             0

ICACHE_FILL_CORE_61                                           128                           128

NUM_WRITE_ACKS_CORE_61                                          0                             0

NUM_WRITES_CORE_61                                              0                             0

ICACHE_HIT_CORE_61                                           7296                       98.2759%
ICACHE_MISS_CORE_61                                           128                       1.72414%
                                                             7424                           100%

MEM_STALL_CYCLE_CORE_62                                         0                             0

ICACHE_FILL_CORE_62                                           128                           128

NUM_WRITE_ACKS_CORE_62                                          0                             0

NUM_WRITES_CORE_62                                              0                             0

ICACHE_HIT_CORE_62                                           7296                       98.2759%
ICACHE_MISS_CORE_62                                           128                       1.72414%
                                                             7424                           100%

MEM_STALL_CYCLE_CORE_63                                         0                             0

ICACHE_FILL_CORE_63                                           128                           128

NUM_WRITE_ACKS_CORE_63                                          0                             0

NUM_WRITES_CORE_63                                              0                             0

ICACHE_HIT_CORE_63                                           7296                       98.2759%
ICACHE_MISS_CORE_63                                           128                       1.72414%
                                                             7424                           100%

MEM_STALL_CYCLE_CORE_64                                         0                             0

ICACHE_FILL_CORE_64                                           128                           128

NUM_WRITE_ACKS_CORE_64                                          0                             0

NUM_WRITES_CORE_64                                              0                             0

ICACHE_HIT_CORE_64                                           7296                       98.2759%
ICACHE_MISS_CORE_64                                           128                       1.72414%
                                                             7424                           100%

MEM_STALL_CYCLE_CORE_65                                         0                             0

ICACHE_FILL_CORE_65                                           128                           128

NUM_WRITE_ACKS_CORE_65                                          0                             0

NUM_WRITES_CORE_65                                              0                             0

ICACHE_HIT_CORE_65                                           4864                       97.4359%
ICACHE_MISS_CORE_65                                           128                        2.5641%
                                                             4992                           100%

MEM_STALL_CYCLE_CORE_66                                         0                             0

ICACHE_FILL_CORE_66                                           128                           128

NUM_WRITE_ACKS_CORE_66                                          0                             0

NUM_WRITES_CORE_66                                              0                             0

ICACHE_HIT_CORE_66                                           7296                       98.2759%
ICACHE_MISS_CORE_66                                           128                       1.72414%
                                                             7424                           100%

MEM_STALL_CYCLE_CORE_67                                         0                             0

ICACHE_FILL_CORE_67                                           128                           128

NUM_WRITE_ACKS_CORE_67                                          0                             0

NUM_WRITES_CORE_67                                              0                             0

ICACHE_HIT_CORE_67                                           4864                       97.4359%
ICACHE_MISS_CORE_67                                           128                        2.5641%
                                                             4992                           100%

MEM_STALL_CYCLE_CORE_68                                         0                             0

ICACHE_FILL_CORE_68                                           128                           128

NUM_WRITE_ACKS_CORE_68                                          0                             0

NUM_WRITES_CORE_68                                              0                             0

ICACHE_HIT_CORE_68                                           7296                       98.2759%
ICACHE_MISS_CORE_68                                           128                       1.72414%
                                                             7424                           100%

MEM_STALL_CYCLE_CORE_69                                         0                             0

ICACHE_FILL_CORE_69                                           128                           128

NUM_WRITE_ACKS_CORE_69                                          0                             0

NUM_WRITES_CORE_69                                              0                             0

ICACHE_HIT_CORE_69                                           4864                       97.4359%
ICACHE_MISS_CORE_69                                           128                        2.5641%
                                                             4992                           100%

MEM_STALL_CYCLE_CORE_70                                         0                             0

ICACHE_FILL_CORE_70                                           128                           128

NUM_WRITE_ACKS_CORE_70                                          0                             0

NUM_WRITES_CORE_70                                              0                             0

ICACHE_HIT_CORE_70                                           6992                       98.2022%
ICACHE_MISS_CORE_70                                           128                       1.79775%
                                                             7120                           100%

MEM_STALL_CYCLE_CORE_71                                         0                             0

ICACHE_FILL_CORE_71                                           128                           128

NUM_WRITE_ACKS_CORE_71                                          0                             0

NUM_WRITES_CORE_71                                              0                             0

ICACHE_HIT_CORE_71                                           4864                       97.4359%
ICACHE_MISS_CORE_71                                           128                        2.5641%
                                                             4992                           100%

MEM_STALL_CYCLE_CORE_72                                         0                             0

ICACHE_FILL_CORE_72                                           128                           128

NUM_WRITE_ACKS_CORE_72                                          0                             0

NUM_WRITES_CORE_72                                              0                             0

ICACHE_HIT_CORE_72                                           4864                       97.4359%
ICACHE_MISS_CORE_72                                           128                        2.5641%
                                                             4992                           100%

MEM_STALL_CYCLE_CORE_73                                         0                             0

ICACHE_FILL_CORE_73                                           128                           128

NUM_WRITE_ACKS_CORE_73                                          0                             0

NUM_WRITES_CORE_73                                              0                             0

ICACHE_HIT_CORE_73                                           4864                       97.4359%
ICACHE_MISS_CORE_73                                           128                        2.5641%
                                                             4992                           100%

MEM_STALL_CYCLE_CORE_74                                         0                             0

ICACHE_FILL_CORE_74                                           128                           128

NUM_WRITE_ACKS_CORE_74                                          0                             0

NUM_WRITES_CORE_74                                              0                             0

ICACHE_HIT_CORE_74                                           4864                       97.4359%
ICACHE_MISS_CORE_74                                           128                        2.5641%
                                                             4992                           100%

MEM_STALL_CYCLE_CORE_75                                         0                             0

ICACHE_FILL_CORE_75                                           128                           128

NUM_WRITE_ACKS_CORE_75                                          0                             0

NUM_WRITES_CORE_75                                              0                             0

ICACHE_HIT_CORE_75                                           6992                       98.2022%
ICACHE_MISS_CORE_75                                           128                       1.79775%
                                                             7120                           100%

MEM_STALL_CYCLE_CORE_76                                         0                             0

ICACHE_FILL_CORE_76                                           128                           128

NUM_WRITE_ACKS_CORE_76                                          0                             0

NUM_WRITES_CORE_76                                              0                             0

ICACHE_HIT_CORE_76                                           7296                       98.2759%
ICACHE_MISS_CORE_76                                           128                       1.72414%
                                                             7424                           100%

MEM_STALL_CYCLE_CORE_77                                         0                             0

ICACHE_FILL_CORE_77                                           128                           128

NUM_WRITE_ACKS_CORE_77                                          0                             0

NUM_WRITES_CORE_77                                              0                             0

ICACHE_HIT_CORE_77                                           6992                       98.2022%
ICACHE_MISS_CORE_77                                           128                       1.79775%
                                                             7120                           100%

MEM_STALL_CYCLE_CORE_78                                         0                             0

ICACHE_FILL_CORE_78                                           128                           128

NUM_WRITE_ACKS_CORE_78                                          0                             0

NUM_WRITES_CORE_78                                              0                             0

ICACHE_HIT_CORE_78                                           4864                       97.4359%
ICACHE_MISS_CORE_78                                           128                        2.5641%
                                                             4992                           100%

MEM_STALL_CYCLE_CORE_79                                         0                             0

ICACHE_FILL_CORE_79                                           128                           128

NUM_WRITE_ACKS_CORE_79                                          0                             0

NUM_WRITES_CORE_79                                              0                             0

ICACHE_HIT_CORE_79                                           4864                       97.4359%
ICACHE_MISS_CORE_79                                           128                        2.5641%
                                                             4992                           100%

MEM_STALL_CYCLE_CORE_80                                         0                             0

ICACHE_FILL_CORE_80                                           128                           128

NUM_WRITE_ACKS_CORE_80                                          0                             0

NUM_WRITES_CORE_80                                              0                             0

ICACHE_HIT_CORE_80                                           6992                       98.2022%
ICACHE_MISS_CORE_80                                           128                       1.79775%
                                                             7120                           100%

MEM_STALL_CYCLE_CORE_81                                         0                             0

ICACHE_FILL_CORE_81                                           128                           128

NUM_WRITE_ACKS_CORE_81                                          0                             0

NUM_WRITES_CORE_81                                              0                             0

ICACHE_HIT_CORE_81                                           4864                       97.4359%
ICACHE_MISS_CORE_81                                           128                        2.5641%
                                                             4992                           100%

MEM_STALL_CYCLE_CORE_82                                         0                             0

ICACHE_FILL_CORE_82                                           128                           128

NUM_WRITE_ACKS_CORE_82                                          0                             0

NUM_WRITES_CORE_82                                              0                             0

ICACHE_HIT_CORE_82                                           4864                       97.4359%
ICACHE_MISS_CORE_82                                           128                        2.5641%
                                                             4992                           100%

MEM_STALL_CYCLE_CORE_83                                         0                             0

ICACHE_FILL_CORE_83                                           128                           128

NUM_WRITE_ACKS_CORE_83                                          0                             0

NUM_WRITES_CORE_83                                              0                             0

ICACHE_HIT_CORE_83                                           4864                       97.4359%
ICACHE_MISS_CORE_83                                           128                        2.5641%
                                                             4992                           100%

MEM_STALL_CYCLE_CORE_84                                         0                             0

ICACHE_FILL_CORE_84                                           128                           128

NUM_WRITE_ACKS_CORE_84                                          0                             0

NUM_WRITES_CORE_84                                              0                             0

ICACHE_HIT_CORE_84                                           7296                       98.2759%
ICACHE_MISS_CORE_84                                           128                       1.72414%
                                                             7424                           100%

MEM_STALL_CYCLE_CORE_85                                         0                             0

ICACHE_FILL_CORE_85                                           128                           128

NUM_WRITE_ACKS_CORE_85                                          0                             0

NUM_WRITES_CORE_85                                              0                             0

ICACHE_HIT_CORE_85                                           6688                       98.1221%
ICACHE_MISS_CORE_85                                           128                       1.87793%
                                                             6816                           100%

MEM_STALL_CYCLE_CORE_86                                         0                             0

ICACHE_FILL_CORE_86                                           128                           128

NUM_WRITE_ACKS_CORE_86                                          0                             0

NUM_WRITES_CORE_86                                              0                             0

ICACHE_HIT_CORE_86                                           5776                        97.832%
ICACHE_MISS_CORE_86                                           128                       2.16802%
                                                             5904                           100%

MEM_STALL_CYCLE_CORE_87                                         0                             0

ICACHE_FILL_CORE_87                                           128                           128

NUM_WRITE_ACKS_CORE_87                                          0                             0

NUM_WRITES_CORE_87                                              0                             0

ICACHE_HIT_CORE_87                                           4864                       97.4359%
ICACHE_MISS_CORE_87                                           128                        2.5641%
                                                             4992                           100%

MEM_STALL_CYCLE_CORE_88                                         0                             0

ICACHE_FILL_CORE_88                                           128                           128

NUM_WRITE_ACKS_CORE_88                                          0                             0

NUM_WRITES_CORE_88                                              0                             0

ICACHE_HIT_CORE_88                                           6992                       98.2022%
ICACHE_MISS_CORE_88                                           128                       1.79775%
                                                             7120                           100%

MEM_STALL_CYCLE_CORE_89                                         0                             0

ICACHE_FILL_CORE_89                                           128                           128

NUM_WRITE_ACKS_CORE_89                                          0                             0

NUM_WRITES_CORE_89                                              0                             0

ICACHE_HIT_CORE_89                                           6992                       98.2022%
ICACHE_MISS_CORE_89                                           128                       1.79775%
                                                             7120                           100%

MEM_STALL_CYCLE_CORE_90                                         0                             0

ICACHE_FILL_CORE_90                                           128                           128

NUM_WRITE_ACKS_CORE_90                                          0                             0

NUM_WRITES_CORE_90                                              0                             0

ICACHE_HIT_CORE_90                                           5168                       97.5831%
ICACHE_MISS_CORE_90                                           128                       2.41692%
                                                             5296                           100%

MEM_STALL_CYCLE_CORE_91                                         0                             0

ICACHE_FILL_CORE_91                                           128                           128

NUM_WRITE_ACKS_CORE_91                                          0                             0

NUM_WRITES_CORE_91                                              0                             0

ICACHE_HIT_CORE_91                                           5168                       97.5831%
ICACHE_MISS_CORE_91                                           128                       2.41692%
                                                             5296                           100%

MEM_STALL_CYCLE_CORE_92                                         0                             0

ICACHE_FILL_CORE_92                                           128                           128

NUM_WRITE_ACKS_CORE_92                                          0                             0

NUM_WRITES_CORE_92                                              0                             0

ICACHE_HIT_CORE_92                                           4864                       97.4359%
ICACHE_MISS_CORE_92                                           128                        2.5641%
                                                             4992                           100%

MEM_STALL_CYCLE_CORE_93                                         0                             0

ICACHE_FILL_CORE_93                                           128                           128

NUM_WRITE_ACKS_CORE_93                                          0                             0

NUM_WRITES_CORE_93                                              0                             0

ICACHE_HIT_CORE_93                                           6992                       98.2022%
ICACHE_MISS_CORE_93                                           128                       1.79775%
                                                             7120                           100%

MEM_STALL_CYCLE_CORE_94                                         0                             0

ICACHE_FILL_CORE_94                                           128                           128

NUM_WRITE_ACKS_CORE_94                                          0                             0

NUM_WRITES_CORE_94                                              0                             0

ICACHE_HIT_CORE_94                                           4864                       97.4359%
ICACHE_MISS_CORE_94                                           128                        2.5641%
                                                             4992                           100%

MEM_STALL_CYCLE_CORE_95                                         0                             0

ICACHE_FILL_CORE_95                                           128                           128

NUM_WRITE_ACKS_CORE_95                                          0                             0

NUM_WRITES_CORE_95                                              0                             0

ICACHE_HIT_CORE_95                                           4864                       97.4359%
ICACHE_MISS_CORE_95                                           128                        2.5641%
                                                             4992                           100%

MEM_STALL_CYCLE_CORE_96                                         0                             0

ICACHE_FILL_CORE_96                                           128                           128

NUM_WRITE_ACKS_CORE_96                                          0                             0

NUM_WRITES_CORE_96                                              0                             0

ICACHE_HIT_CORE_96                                           6992                       98.2022%
ICACHE_MISS_CORE_96                                           128                       1.79775%
                                                             7120                           100%

MEM_STALL_CYCLE_CORE_97                                         0                             0

ICACHE_FILL_CORE_97                                           128                           128

NUM_WRITE_ACKS_CORE_97                                          0                             0

NUM_WRITES_CORE_97                                              0                             0

ICACHE_HIT_CORE_97                                           4864                       97.4359%
ICACHE_MISS_CORE_97                                           128                        2.5641%
                                                             4992                           100%

MEM_STALL_CYCLE_CORE_98                                         0                             0

ICACHE_FILL_CORE_98                                           128                           128

NUM_WRITE_ACKS_CORE_98                                          0                             0

NUM_WRITES_CORE_98                                              0                             0

ICACHE_HIT_CORE_98                                           7296                       98.2759%
ICACHE_MISS_CORE_98                                           128                       1.72414%
                                                             7424                           100%

MEM_STALL_CYCLE_CORE_99                                         0                             0

ICACHE_FILL_CORE_99                                           128                           128

NUM_WRITE_ACKS_CORE_99                                          0                             0

NUM_WRITES_CORE_99                                              0                             0

ICACHE_HIT_CORE_99                                           5472                       97.7143%
ICACHE_MISS_CORE_99                                           128                       2.28571%
                                                             5600                           100%

MEM_STALL_CYCLE_CORE_100                                        0                             0

ICACHE_FILL_CORE_100                                          128                           128

NUM_WRITE_ACKS_CORE_100                                         0                             0

NUM_WRITES_CORE_100                                             0                             0

ICACHE_HIT_CORE_100                                          4864                       97.4359%
ICACHE_MISS_CORE_100                                          128                        2.5641%
                                                             4992                           100%

MEM_STALL_CYCLE_CORE_101                                        0                             0

ICACHE_FILL_CORE_101                                          128                           128

NUM_WRITE_ACKS_CORE_101                                         0                             0

NUM_WRITES_CORE_101                                             0                             0

ICACHE_HIT_CORE_101                                          6992                       98.2022%
ICACHE_MISS_CORE_101                                          128                       1.79775%
                                                             7120                           100%

MEM_STALL_CYCLE_CORE_102                                        0                             0

ICACHE_FILL_CORE_102                                          128                           128

NUM_WRITE_ACKS_CORE_102                                         0                             0

NUM_WRITES_CORE_102                                             0                             0

ICACHE_HIT_CORE_102                                          4864                       97.4359%
ICACHE_MISS_CORE_102                                          128                        2.5641%
                                                             4992                           100%

MEM_STALL_CYCLE_CORE_103                                        0                             0

ICACHE_FILL_CORE_103                                          128                           128

NUM_WRITE_ACKS_CORE_103                                         0                             0

NUM_WRITES_CORE_103                                             0                             0

ICACHE_HIT_CORE_103                                          4864                       97.4359%
ICACHE_MISS_CORE_103                                          128                        2.5641%
                                                             4992                           100%

MEM_STALL_CYCLE_CORE_104                                        0                             0

ICACHE_FILL_CORE_104                                          128                           128

NUM_WRITE_ACKS_CORE_104                                         0                             0

NUM_WRITES_CORE_104                                             0                             0

ICACHE_HIT_CORE_104                                          5472                       97.7143%
ICACHE_MISS_CORE_104                                          128                       2.28571%
                                                             5600                           100%

MEM_STALL_CYCLE_CORE_105                                        0                             0

ICACHE_FILL_CORE_105                                          128                           128

NUM_WRITE_ACKS_CORE_105                                         0                             0

NUM_WRITES_CORE_105                                             0                             0

ICACHE_HIT_CORE_105                                          4864                       97.4359%
ICACHE_MISS_CORE_105                                          128                        2.5641%
                                                             4992                           100%

MEM_STALL_CYCLE_CORE_106                                        0                             0

ICACHE_FILL_CORE_106                                          128                           128

NUM_WRITE_ACKS_CORE_106                                         0                             0

NUM_WRITES_CORE_106                                             0                             0

ICACHE_HIT_CORE_106                                          4864                       97.4359%
ICACHE_MISS_CORE_106                                          128                        2.5641%
                                                             4992                           100%

MEM_STALL_CYCLE_CORE_107                                        0                             0

ICACHE_FILL_CORE_107                                          128                           128

NUM_WRITE_ACKS_CORE_107                                         0                             0

NUM_WRITES_CORE_107                                             0                             0

ICACHE_HIT_CORE_107                                          4864                       97.4359%
ICACHE_MISS_CORE_107                                          128                        2.5641%
                                                             4992                           100%

