####################################################################################################
Interval
####################################################################################################
Cumulative:         Cycles:                  20000     Instructions:                  1200
DRAM_PRECHARGE                                              18466                         18466

DRAM_ACTIVATE                                               18562                         18562

DRAM_COLUMN                                                102415                        102415

DRAM_AVG_LATENCY_BASE                                      102415                        102415

DRAM_AVG_LATENCY                                         10775530                       105.214

BANDWIDTH_TOT                                            12672355                      12672355

DRAM_CHANNEL0_BANDWIDTH_SATURATED                            3135                          3135

DRAM_CHANNEL1_BANDWIDTH_SATURATED                            2740                          2740

DRAM_CHANNEL2_BANDWIDTH_SATURATED                            3261                          3261

DRAM_CHANNEL3_BANDWIDTH_SATURATED                            3000                          3000

DRAM_CHANNEL4_BANDWIDTH_SATURATED                            3307                          3307

DRAM_CHANNEL5_BANDWIDTH_SATURATED                            3097                          3097

DRAM_CHANNEL6_BANDWIDTH_SATURATED                            2935                          2935

DRAM_CHANNEL7_BANDWIDTH_SATURATED                            3014                          3014

DRAM_CHANNEL0_DBUS_IDLE                                    529285                        529285

DRAM_CHANNEL1_DBUS_IDLE                                    528479                        528479

DRAM_CHANNEL2_DBUS_IDLE                                    526637                        526637

DRAM_CHANNEL3_DBUS_IDLE                                    525515                        525515

DRAM_CHANNEL4_DBUS_IDLE                                    527271                        527271

DRAM_CHANNEL5_DBUS_IDLE                                    526954                        526954

DRAM_CHANNEL6_DBUS_IDLE                                    526698                        526698

DRAM_CHANNEL7_DBUS_IDLE                                    526680                        526680

