####################################################################################################
Interval
####################################################################################################
Cumulative:         Cycles:                  20000     Instructions:                  1200
DRAM_PRECHARGE                                                 36                            36

DRAM_ACTIVATE                                                  63                            63

DRAM_COLUMN                                                  2062                          2062

DRAM_AVG_LATENCY_BASE                                        2062                          2062

DRAM_AVG_LATENCY                                           156122                       75.7139

BANDWIDTH_TOT                                              263872                        263872

DRAM_CHANNEL0_BANDWIDTH_SATURATED                             250                           250

DRAM_CHANNEL1_BANDWIDTH_SATURATED                             232                           232

DRAM_CHANNEL2_BANDWIDTH_SATURATED                              90                            90

DRAM_CHANNEL3_BANDWIDTH_SATURATED                             362                           362

DRAM_CHANNEL4_BANDWIDTH_SATURATED                             286                           286

DRAM_CHANNEL5_BANDWIDTH_SATURATED                               0                             0

DRAM_CHANNEL6_BANDWIDTH_SATURATED                             218                           218

DRAM_CHANNEL7_BANDWIDTH_SATURATED                             108                           108

DRAM_CHANNEL0_DBUS_IDLE                                     99456                         99456

DRAM_CHANNEL1_DBUS_IDLE                                     99456                         99456

DRAM_CHANNEL2_DBUS_IDLE                                    102528                        102528

DRAM_CHANNEL3_DBUS_IDLE                                    100480                        100480

DRAM_CHANNEL4_DBUS_IDLE                                    100472                        100472

DRAM_CHANNEL5_DBUS_IDLE                                    104576                        104576

DRAM_CHANNEL6_DBUS_IDLE                                    102320                        102320

DRAM_CHANNEL7_DBUS_IDLE                                    102528                        102528

