Arguments: ./macsim 
src/macsim.cc:122: (I=0  C=0):  initialize knobs
number of cores : 16
src/macsim.cc:541: (I=0  C=0):  initialize simulation
src/macsim.cc:321: (I=0  C=0):  initialize cores (0/0/16)
src/memory.cc:1570: (I=0  C=0):  Memory system(l2_decoupled_network) has been initialized.
src/network_simple.cc:90: (I=0  C=0):  TOTAL_ROUTER:35 CPU:0 GPU:16 L3:1 LLC:12 MC:6
enabling bug detector
src/macsim.cc:754: (I=0  C=0):  Initializing new noc

src/macsim.cc:842: (I=0  C=0):  Clock LCM           : 2
src/macsim.cc:843: (I=0  C=0):  CPU clock frequency : 2 GHz
src/macsim.cc:844: (I=0  C=0):  GPU clock frequency : 2 GHz
src/macsim.cc:845: (I=0  C=0):  LLC clock frequency : 2 GHz
src/macsim.cc:846: (I=0  C=0):  NOC clock frequency : 2 GHz
src/macsim.cc:847: (I=0  C=0):  MC  clock frequency : 2 GHz
src/process_manager.cc:426: (I=0  C=0):  setup_process:0 /home/cory/ExpressGNN/traces/macsim/Kernel9510/trace.txt current_index:0 (1)
trace:/home/cory/ExpressGNN/traces/macsim/Kernel9510/trace.txt is opened 
trace type: nvbit end
src/process_manager.cc:541: (I=0  C=0):  thread_count: 256
src/process_manager.cc:542: (I=0  C=0):  max blocks per core: 8
**Core 12 Thread 14 Finished:   insts:413         cycles:16010      (16009)  seconds:4     -- 0.03 IPC (0.03 IPC) --  N/A  KHz (0.10 KHz) 
**Core 09 Thread 12 Finished:   insts:413         cycles:16042      (16041)  seconds:4     -- 0.03 IPC (0.03 IPC) --  N/A  KHz (0.10 KHz) 
**Core 08 Thread 14 Finished:   insts:413         cycles:16046      (16045)  seconds:4     -- 0.03 IPC (0.03 IPC) --  N/A  KHz (0.10 KHz) 
**Core 13 Thread 08 Finished:   insts:413         cycles:16050      (16049)  seconds:4     -- 0.03 IPC (0.03 IPC) --  N/A  KHz (0.10 KHz) 
**Core 14 Thread 02 Finished:   insts:413         cycles:16066      (16065)  seconds:4     -- 0.03 IPC (0.03 IPC) --  N/A  KHz (0.10 KHz) 
**Core 14 Thread 07 Finished:   insts:413         cycles:16066      (16065)  seconds:4     -- 0.03 IPC (0.03 IPC) --  N/A  KHz (0.10 KHz) 
**Core 11 Thread 12 Finished:   insts:413         cycles:16074      (16073)  seconds:4     -- 0.03 IPC (0.03 IPC) --  N/A  KHz (0.10 KHz) 
**Core 14 Thread 06 Finished:   insts:413         cycles:16074      (16073)  seconds:4     -- 0.03 IPC (0.03 IPC) --  N/A  KHz (0.10 KHz) 
**Core 08 Thread 12 Finished:   insts:413         cycles:16074      (16073)  seconds:4     -- 0.03 IPC (0.03 IPC) --  N/A  KHz (0.10 KHz) 
**Core 11 Thread 13 Finished:   insts:413         cycles:16078      (16077)  seconds:4     -- 0.03 IPC (0.03 IPC) --  N/A  KHz (0.10 KHz) 
**Core 10 Thread 07 Finished:   insts:413         cycles:16082      (16081)  seconds:4     -- 0.03 IPC (0.03 IPC) --  N/A  KHz (0.10 KHz) 
**Core 14 Thread 03 Finished:   insts:413         cycles:16090      (16089)  seconds:4     -- 0.03 IPC (0.03 IPC) --  N/A  KHz (0.10 KHz) 
**Core 08 Thread 10 Finished:   insts:413         cycles:16098      (16097)  seconds:4     -- 0.03 IPC (0.03 IPC) --  N/A  KHz (0.10 KHz) 
**Core 09 Thread 14 Finished:   insts:413         cycles:16102      (16101)  seconds:4     -- 0.03 IPC (0.03 IPC) --  N/A  KHz (0.10 KHz) 
**Core 09 Thread 00 Finished:   insts:413         cycles:16106      (16105)  seconds:4     -- 0.03 IPC (0.03 IPC) --  N/A  KHz (0.10 KHz) 
**Core 00 Thread 11 Finished:   insts:413         cycles:16110      (16109)  seconds:5     -- 0.03 IPC (0.03 IPC) --  N/A  KHz (0.08 KHz) 
**Core 09 Thread 04 Finished:   insts:413         cycles:16114      (16113)  seconds:4     -- 0.03 IPC (0.03 IPC) --  N/A  KHz (0.10 KHz) 
**Core 11 Thread 01 Finished:   insts:413         cycles:16114      (16113)  seconds:4     -- 0.03 IPC (0.03 IPC) --  N/A  KHz (0.10 KHz) 
**Core 15 Thread 02 Finished:   insts:413         cycles:16114      (16113)  seconds:4     -- 0.03 IPC (0.03 IPC) --  N/A  KHz (0.10 KHz) 
**Core 04 Thread 04 Finished:   insts:413         cycles:16122      (16121)  seconds:4     -- 0.03 IPC (0.03 IPC) --  N/A  KHz (0.10 KHz) 
**Core 09 Thread 08 Finished:   insts:413         cycles:16122      (16121)  seconds:4     -- 0.03 IPC (0.03 IPC) --  N/A  KHz (0.10 KHz) 
**Core 11 Thread 08 Finished:   insts:413         cycles:16126      (16125)  seconds:4     -- 0.03 IPC (0.03 IPC) --  N/A  KHz (0.10 KHz) 
**Core 12 Thread 00 Finished:   insts:413         cycles:16126      (16125)  seconds:4     -- 0.03 IPC (0.03 IPC) --  N/A  KHz (0.10 KHz) 
**Core 08 Thread 00 Finished:   insts:413         cycles:16130      (16129)  seconds:4     -- 0.03 IPC (0.03 IPC) --  N/A  KHz (0.10 KHz) 
**Core 09 Thread 13 Finished:   insts:413         cycles:16130      (16129)  seconds:4     -- 0.03 IPC (0.03 IPC) --  N/A  KHz (0.10 KHz) 
**Core 10 Thread 02 Finished:   insts:413         cycles:16130      (16129)  seconds:4     -- 0.03 IPC (0.03 IPC) --  N/A  KHz (0.10 KHz) 
**Core 12 Thread 02 Finished:   insts:413         cycles:16130      (16129)  seconds:4     -- 0.03 IPC (0.03 IPC) --  N/A  KHz (0.10 KHz) 
**Core 14 Thread 11 Finished:   insts:413         cycles:16130      (16129)  seconds:4     -- 0.03 IPC (0.03 IPC) --  N/A  KHz (0.10 KHz) 
**Core 11 Thread 11 Finished:   insts:413         cycles:16134      (16133)  seconds:4     -- 0.03 IPC (0.03 IPC) --  N/A  KHz (0.10 KHz) 
**Core 12 Thread 04 Finished:   insts:413         cycles:16134      (16133)  seconds:4     -- 0.03 IPC (0.03 IPC) --  N/A  KHz (0.10 KHz) 
**Core 14 Thread 13 Finished:   insts:413         cycles:16134      (16133)  seconds:4     -- 0.03 IPC (0.03 IPC) --  N/A  KHz (0.10 KHz) 
**Core 05 Thread 08 Finished:   insts:413         cycles:16134      (16133)  seconds:4     -- 0.03 IPC (0.03 IPC) --  N/A  KHz (0.10 KHz) 
**Core 13 Thread 12 Finished:   insts:413         cycles:16138      (16137)  seconds:4     -- 0.03 IPC (0.03 IPC) --  N/A  KHz (0.10 KHz) 
**Core 08 Thread 04 Finished:   insts:413         cycles:16138      (16137)  seconds:4     -- 0.03 IPC (0.03 IPC) --  N/A  KHz (0.10 KHz) 
**Core 08 Thread 01 Finished:   insts:413         cycles:16138      (16137)  seconds:4     -- 0.03 IPC (0.03 IPC) --  N/A  KHz (0.10 KHz) 
**Core 14 Thread 01 Finished:   insts:413         cycles:16142      (16141)  seconds:4     -- 0.03 IPC (0.03 IPC) --  N/A  KHz (0.10 KHz) 
**Core 05 Thread 01 Finished:   insts:413         cycles:16142      (16141)  seconds:4     -- 0.03 IPC (0.03 IPC) --  N/A  KHz (0.10 KHz) 
**Core 12 Thread 08 Finished:   insts:413         cycles:16142      (16141)  seconds:4     -- 0.03 IPC (0.03 IPC) --  N/A  KHz (0.10 KHz) 
**Core 08 Thread 08 Finished:   insts:413         cycles:16146      (16145)  seconds:4     -- 0.03 IPC (0.03 IPC) --  N/A  KHz (0.10 KHz) 
**Core 09 Thread 05 Finished:   insts:413         cycles:16146      (16145)  seconds:4     -- 0.03 IPC (0.03 IPC) --  N/A  KHz (0.10 KHz) 
**Core 12 Thread 05 Finished:   insts:413         cycles:16146      (16145)  seconds:4     -- 0.03 IPC (0.03 IPC) --  N/A  KHz (0.10 KHz) 
**Core 14 Thread 04 Finished:   insts:413         cycles:16146      (16145)  seconds:4     -- 0.03 IPC (0.03 IPC) --  N/A  KHz (0.10 KHz) 
**Core 09 Thread 07 Finished:   insts:413         cycles:16150      (16149)  seconds:4     -- 0.03 IPC (0.03 IPC) --  N/A  KHz (0.10 KHz) 
**Core 12 Thread 12 Finished:   insts:413         cycles:16150      (16149)  seconds:4     -- 0.03 IPC (0.03 IPC) --  N/A  KHz (0.10 KHz) 
**Core 13 Thread 02 Finished:   insts:413         cycles:16150      (16149)  seconds:4     -- 0.03 IPC (0.03 IPC) --  N/A  KHz (0.10 KHz) 
**Core 15 Thread 15 Finished:   insts:413         cycles:16154      (16153)  seconds:4     -- 0.03 IPC (0.03 IPC) --  N/A  KHz (0.10 KHz) 
**Core 07 Thread 11 Finished:   insts:413         cycles:16154      (16153)  seconds:4     -- 0.03 IPC (0.03 IPC) --  N/A  KHz (0.10 KHz) 
**Core 09 Thread 09 Finished:   insts:413         cycles:16154      (16153)  seconds:4     -- 0.03 IPC (0.03 IPC) --  N/A  KHz (0.10 KHz) 
**Core 00 Thread 06 Finished:   insts:413         cycles:16158      (16157)  seconds:5     -- 0.03 IPC (0.03 IPC) --  N/A  KHz (0.08 KHz) 
**Core 01 Thread 07 Finished:   insts:413         cycles:16158      (16157)  seconds:5     -- 0.03 IPC (0.03 IPC) --  N/A  KHz (0.08 KHz) 
**Core 13 Thread 06 Finished:   insts:413         cycles:16158      (16157)  seconds:4     -- 0.03 IPC (0.03 IPC) --  N/A  KHz (0.10 KHz) 
**Core 11 Thread 14 Finished:   insts:413         cycles:16162      (16161)  seconds:4     -- 0.03 IPC (0.03 IPC) --  N/A  KHz (0.10 KHz) 
**Core 12 Thread 13 Finished:   insts:413         cycles:16162      (16161)  seconds:4     -- 0.03 IPC (0.03 IPC) --  N/A  KHz (0.10 KHz) 
**Core 00 Thread 08 Finished:   insts:413         cycles:16162      (16161)  seconds:5     -- 0.03 IPC (0.03 IPC) --  N/A  KHz (0.08 KHz) 
**Core 09 Thread 01 Finished:   insts:413         cycles:16166      (16165)  seconds:4     -- 0.03 IPC (0.03 IPC) --  N/A  KHz (0.10 KHz) 
**Core 04 Thread 11 Finished:   insts:413         cycles:16166      (16165)  seconds:4     -- 0.03 IPC (0.03 IPC) --  N/A  KHz (0.10 KHz) 
**Core 11 Thread 05 Finished:   insts:413         cycles:16170      (16169)  seconds:4     -- 0.03 IPC (0.03 IPC) --  N/A  KHz (0.10 KHz) 
**Core 07 Thread 05 Finished:   insts:413         cycles:16174      (16173)  seconds:4     -- 0.03 IPC (0.03 IPC) --  N/A  KHz (0.10 KHz) 
**Core 10 Thread 13 Finished:   insts:413         cycles:16174      (16173)  seconds:4     -- 0.03 IPC (0.03 IPC) --  N/A  KHz (0.10 KHz) 
**Core 11 Thread 09 Finished:   insts:413         cycles:16178      (16177)  seconds:4     -- 0.03 IPC (0.03 IPC) --  N/A  KHz (0.10 KHz) 
**Core 14 Thread 10 Finished:   insts:413         cycles:16178      (16177)  seconds:4     -- 0.03 IPC (0.03 IPC) --  N/A  KHz (0.10 KHz) 
**Core 06 Thread 11 Finished:   insts:413         cycles:16182      (16181)  seconds:4     -- 0.03 IPC (0.03 IPC) --  N/A  KHz (0.10 KHz) 
**Core 08 Thread 15 Finished:   insts:413         cycles:16182      (16181)  seconds:4     -- 0.03 IPC (0.03 IPC) --  N/A  KHz (0.10 KHz) 
**Core 10 Thread 01 Finished:   insts:413         cycles:16182      (16181)  seconds:4     -- 0.03 IPC (0.03 IPC) --  N/A  KHz (0.10 KHz) 
**Core 14 Thread 12 Finished:   insts:413         cycles:16182      (16181)  seconds:4     -- 0.03 IPC (0.03 IPC) --  N/A  KHz (0.10 KHz) 
**Core 05 Thread 02 Finished:   insts:413         cycles:16182      (16181)  seconds:4     -- 0.03 IPC (0.03 IPC) --  N/A  KHz (0.10 KHz) 
**Core 10 Thread 00 Finished:   insts:413         cycles:16186      (16185)  seconds:4     -- 0.03 IPC (0.03 IPC) --  N/A  KHz (0.10 KHz) 
**Core 12 Thread 11 Finished:   insts:413         cycles:16186      (16185)  seconds:4     -- 0.03 IPC (0.03 IPC) --  N/A  KHz (0.10 KHz) 
**Core 13 Thread 01 Finished:   insts:413         cycles:16186      (16185)  seconds:4     -- 0.03 IPC (0.03 IPC) --  N/A  KHz (0.10 KHz) 
**Core 08 Thread 05 Finished:   insts:413         cycles:16186      (16185)  seconds:4     -- 0.03 IPC (0.03 IPC) --  N/A  KHz (0.10 KHz) 
**Core 14 Thread 08 Finished:   insts:413         cycles:16190      (16189)  seconds:4     -- 0.03 IPC (0.03 IPC) --  N/A  KHz (0.10 KHz) 
**Core 15 Thread 10 Finished:   insts:413         cycles:16190      (16189)  seconds:4     -- 0.03 IPC (0.03 IPC) --  N/A  KHz (0.10 KHz) 
**Core 01 Thread 06 Finished:   insts:413         cycles:16190      (16189)  seconds:5     -- 0.03 IPC (0.03 IPC) --  N/A  KHz (0.08 KHz) 
**Core 08 Thread 07 Finished:   insts:413         cycles:16190      (16189)  seconds:4     -- 0.03 IPC (0.03 IPC) --  N/A  KHz (0.10 KHz) 
**Core 09 Thread 11 Finished:   insts:413         cycles:16190      (16189)  seconds:4     -- 0.03 IPC (0.03 IPC) --  N/A  KHz (0.10 KHz) 
**Core 10 Thread 05 Finished:   insts:413         cycles:16190      (16189)  seconds:4     -- 0.03 IPC (0.03 IPC) --  N/A  KHz (0.10 KHz) 
**Core 13 Thread 05 Finished:   insts:413         cycles:16190      (16189)  seconds:4     -- 0.03 IPC (0.03 IPC) --  N/A  KHz (0.10 KHz) 
**Core 04 Thread 09 Finished:   insts:413         cycles:16194      (16193)  seconds:4     -- 0.03 IPC (0.03 IPC) --  N/A  KHz (0.10 KHz) 
**Core 08 Thread 09 Finished:   insts:413         cycles:16194      (16193)  seconds:4     -- 0.03 IPC (0.03 IPC) --  N/A  KHz (0.10 KHz) 
**Core 10 Thread 09 Finished:   insts:413         cycles:16194      (16193)  seconds:4     -- 0.03 IPC (0.03 IPC) --  N/A  KHz (0.10 KHz) 
**Core 14 Thread 14 Finished:   insts:413         cycles:16194      (16193)  seconds:4     -- 0.03 IPC (0.03 IPC) --  N/A  KHz (0.10 KHz) 
**Core 15 Thread 07 Finished:   insts:413         cycles:16194      (16193)  seconds:4     -- 0.03 IPC (0.03 IPC) --  N/A  KHz (0.10 KHz) 
**Core 13 Thread 09 Finished:   insts:413         cycles:16198      (16197)  seconds:4     -- 0.03 IPC (0.03 IPC) --  N/A  KHz (0.10 KHz) 
**Core 15 Thread 14 Finished:   insts:413         cycles:16198      (16197)  seconds:4     -- 0.03 IPC (0.03 IPC) --  N/A  KHz (0.10 KHz) 
**Core 11 Thread 00 Finished:   insts:413         cycles:16202      (16201)  seconds:4     -- 0.03 IPC (0.03 IPC) --  N/A  KHz (0.10 KHz) 
**Core 13 Thread 11 Finished:   insts:413         cycles:16202      (16201)  seconds:4     -- 0.03 IPC (0.03 IPC) --  N/A  KHz (0.10 KHz) 
**Core 15 Thread 11 Finished:   insts:413         cycles:16202      (16201)  seconds:4     -- 0.03 IPC (0.03 IPC) --  N/A  KHz (0.10 KHz) 
**Core 04 Thread 15 Finished:   insts:413         cycles:16202      (16201)  seconds:4     -- 0.03 IPC (0.03 IPC) --  N/A  KHz (0.10 KHz) 
**Core 04 Thread 00 Finished:   insts:413         cycles:16202      (16201)  seconds:4     -- 0.03 IPC (0.03 IPC) --  N/A  KHz (0.10 KHz) 
**Core 09 Thread 03 Finished:   insts:413         cycles:16202      (16201)  seconds:4     -- 0.03 IPC (0.03 IPC) --  N/A  KHz (0.10 KHz) 
**Core 08 Thread 03 Finished:   insts:413         cycles:16206      (16205)  seconds:4     -- 0.03 IPC (0.03 IPC) --  N/A  KHz (0.10 KHz) 
**Core 11 Thread 02 Finished:   insts:413         cycles:16206      (16205)  seconds:4     -- 0.03 IPC (0.03 IPC) --  N/A  KHz (0.10 KHz) 
**Core 13 Thread 13 Finished:   insts:413         cycles:16206      (16205)  seconds:4     -- 0.03 IPC (0.03 IPC) --  N/A  KHz (0.10 KHz) 
**Core 11 Thread 04 Finished:   insts:413         cycles:16210      (16209)  seconds:4     -- 0.03 IPC (0.03 IPC) --  N/A  KHz (0.10 KHz) 
**Core 13 Thread 15 Finished:   insts:413         cycles:16210      (16209)  seconds:4     -- 0.03 IPC (0.03 IPC) --  N/A  KHz (0.10 KHz) 
**Core 00 Thread 03 Finished:   insts:413         cycles:16210      (16209)  seconds:5     -- 0.03 IPC (0.03 IPC) --  N/A  KHz (0.08 KHz) 
**Core 00 Thread 02 Finished:   insts:413         cycles:16210      (16209)  seconds:5     -- 0.03 IPC (0.03 IPC) --  N/A  KHz (0.08 KHz) 
**Core 06 Thread 13 Finished:   insts:413         cycles:16214      (16213)  seconds:4     -- 0.03 IPC (0.03 IPC) --  N/A  KHz (0.10 KHz) 
**Core 11 Thread 06 Finished:   insts:413         cycles:16214      (16213)  seconds:4     -- 0.03 IPC (0.03 IPC) --  N/A  KHz (0.10 KHz) 
**Core 15 Thread 08 Finished:   insts:413         cycles:16214      (16213)  seconds:4     -- 0.03 IPC (0.03 IPC) --  N/A  KHz (0.10 KHz) 
**Core 00 Thread 04 Finished:   insts:413         cycles:16214      (16213)  seconds:5     -- 0.03 IPC (0.03 IPC) --  N/A  KHz (0.08 KHz) 
**Core 02 Thread 04 Finished:   insts:413         cycles:16214      (16213)  seconds:5     -- 0.03 IPC (0.03 IPC) --  N/A  KHz (0.08 KHz) 
**Core 12 Thread 07 Finished:   insts:413         cycles:16218      (16217)  seconds:4     -- 0.03 IPC (0.03 IPC) --  N/A  KHz (0.10 KHz) 
**Core 00 Thread 07 Finished:   insts:413         cycles:16218      (16217)  seconds:5     -- 0.03 IPC (0.03 IPC) --  N/A  KHz (0.08 KHz) 
**Core 05 Thread 11 Finished:   insts:413         cycles:16218      (16217)  seconds:4     -- 0.03 IPC (0.03 IPC) --  N/A  KHz (0.10 KHz) 
**Core 15 Thread 12 Finished:   insts:413         cycles:16222      (16221)  seconds:4     -- 0.03 IPC (0.03 IPC) --  N/A  KHz (0.10 KHz) 
**Core 10 Thread 06 Finished:   insts:413         cycles:16222      (16221)  seconds:4     -- 0.03 IPC (0.03 IPC) --  N/A  KHz (0.10 KHz) 
**Core 12 Thread 09 Finished:   insts:413         cycles:16222      (16221)  seconds:4     -- 0.03 IPC (0.03 IPC) --  N/A  KHz (0.10 KHz) 
**Core 05 Thread 15 Finished:   insts:413         cycles:16226      (16225)  seconds:4     -- 0.03 IPC (0.03 IPC) --  N/A  KHz (0.10 KHz) 
**Core 06 Thread 05 Finished:   insts:413         cycles:16230      (16229)  seconds:4     -- 0.03 IPC (0.03 IPC) --  N/A  KHz (0.10 KHz) 
**Core 15 Thread 00 Finished:   insts:413         cycles:16230      (16229)  seconds:4     -- 0.03 IPC (0.03 IPC) --  N/A  KHz (0.10 KHz) 
**Core 00 Thread 00 Finished:   insts:413         cycles:16230      (16229)  seconds:5     -- 0.03 IPC (0.03 IPC) --  N/A  KHz (0.08 KHz) 
**Core 02 Thread 09 Finished:   insts:413         cycles:16230      (16229)  seconds:5     -- 0.03 IPC (0.03 IPC) --  N/A  KHz (0.08 KHz) 
**Core 03 Thread 04 Finished:   insts:413         cycles:16230      (16229)  seconds:4     -- 0.03 IPC (0.03 IPC) --  N/A  KHz (0.10 KHz) 
**Core 01 Thread 01 Finished:   insts:413         cycles:16234      (16233)  seconds:5     -- 0.03 IPC (0.03 IPC) --  N/A  KHz (0.08 KHz) 
**Core 04 Thread 01 Finished:   insts:413         cycles:16234      (16233)  seconds:4     -- 0.03 IPC (0.03 IPC) --  N/A  KHz (0.10 KHz) 
**Core 05 Thread 05 Finished:   insts:413         cycles:16234      (16233)  seconds:4     -- 0.03 IPC (0.03 IPC) --  N/A  KHz (0.10 KHz) 
**Core 06 Thread 07 Finished:   insts:413         cycles:16234      (16233)  seconds:4     -- 0.03 IPC (0.03 IPC) --  N/A  KHz (0.10 KHz) 
**Core 06 Thread 10 Finished:   insts:413         cycles:16234      (16233)  seconds:4     -- 0.03 IPC (0.03 IPC) --  N/A  KHz (0.10 KHz) 
**Core 15 Thread 03 Finished:   insts:413         cycles:16238      (16237)  seconds:4     -- 0.03 IPC (0.03 IPC) --  N/A  KHz (0.10 KHz) 
**Core 15 Thread 06 Finished:   insts:413         cycles:16238      (16237)  seconds:4     -- 0.03 IPC (0.03 IPC) --  N/A  KHz (0.10 KHz) 
**Core 01 Thread 08 Finished:   insts:413         cycles:16238      (16237)  seconds:5     -- 0.03 IPC (0.03 IPC) --  N/A  KHz (0.08 KHz) 
**Core 04 Thread 03 Finished:   insts:413         cycles:16238      (16237)  seconds:4     -- 0.03 IPC (0.03 IPC) --  N/A  KHz (0.10 KHz) 
**Core 04 Thread 06 Finished:   insts:413         cycles:16238      (16237)  seconds:4     -- 0.03 IPC (0.03 IPC) --  N/A  KHz (0.10 KHz) 
**Core 05 Thread 07 Finished:   insts:413         cycles:16238      (16237)  seconds:4     -- 0.03 IPC (0.03 IPC) --  N/A  KHz (0.10 KHz) 
**Core 06 Thread 12 Finished:   insts:413         cycles:16238      (16237)  seconds:4     -- 0.03 IPC (0.03 IPC) --  N/A  KHz (0.10 KHz) 
**Core 10 Thread 10 Finished:   insts:413         cycles:16238      (16237)  seconds:4     -- 0.03 IPC (0.03 IPC) --  N/A  KHz (0.10 KHz) 
**Core 12 Thread 01 Finished:   insts:413         cycles:16238      (16237)  seconds:4     -- 0.03 IPC (0.03 IPC) --  N/A  KHz (0.10 KHz) 
**Core 02 Thread 15 Finished:   insts:413         cycles:16242      (16241)  seconds:5     -- 0.03 IPC (0.03 IPC) --  N/A  KHz (0.08 KHz) 
**Core 06 Thread 14 Finished:   insts:413         cycles:16242      (16241)  seconds:4     -- 0.03 IPC (0.03 IPC) --  N/A  KHz (0.10 KHz) 
**Core 07 Thread 13 Finished:   insts:413         cycles:16242      (16241)  seconds:4     -- 0.03 IPC (0.03 IPC) --  N/A  KHz (0.10 KHz) 
**Core 10 Thread 12 Finished:   insts:413         cycles:16242      (16241)  seconds:4     -- 0.03 IPC (0.03 IPC) --  N/A  KHz (0.10 KHz) 
**Core 13 Thread 03 Finished:   insts:413         cycles:16242      (16241)  seconds:4     -- 0.03 IPC (0.03 IPC) --  N/A  KHz (0.10 KHz) 
**Core 15 Thread 05 Finished:   insts:413         cycles:16242      (16241)  seconds:4     -- 0.03 IPC (0.03 IPC) --  N/A  KHz (0.10 KHz) 
**Core 01 Thread 05 Finished:   insts:413         cycles:16242      (16241)  seconds:5     -- 0.03 IPC (0.03 IPC) --  N/A  KHz (0.08 KHz) 
**Core 01 Thread 10 Finished:   insts:413         cycles:16242      (16241)  seconds:5     -- 0.03 IPC (0.03 IPC) --  N/A  KHz (0.08 KHz) 
**Core 06 Thread 00 Finished:   insts:413         cycles:16246      (16245)  seconds:4     -- 0.03 IPC (0.03 IPC) --  N/A  KHz (0.10 KHz) 
**Core 07 Thread 15 Finished:   insts:413         cycles:16246      (16245)  seconds:4     -- 0.03 IPC (0.03 IPC) --  N/A  KHz (0.10 KHz) 
**Core 10 Thread 14 Finished:   insts:413         cycles:16246      (16245)  seconds:4     -- 0.03 IPC (0.03 IPC) --  N/A  KHz (0.10 KHz) 
**Core 13 Thread 07 Finished:   insts:413         cycles:16246      (16245)  seconds:4     -- 0.03 IPC (0.03 IPC) --  N/A  KHz (0.10 KHz) 
**Core 00 Thread 10 Finished:   insts:413         cycles:16246      (16245)  seconds:5     -- 0.03 IPC (0.03 IPC) --  N/A  KHz (0.08 KHz) 
**Core 01 Thread 12 Finished:   insts:413         cycles:16246      (16245)  seconds:5     -- 0.03 IPC (0.03 IPC) --  N/A  KHz (0.08 KHz) 
**Core 01 Thread 09 Finished:   insts:413         cycles:16246      (16245)  seconds:5     -- 0.03 IPC (0.03 IPC) --  N/A  KHz (0.08 KHz) 
**Core 03 Thread 12 Finished:   insts:413         cycles:16246      (16245)  seconds:4     -- 0.03 IPC (0.03 IPC) --  N/A  KHz (0.10 KHz) 
**Core 00 Thread 12 Finished:   insts:413         cycles:16250      (16249)  seconds:5     -- 0.03 IPC (0.03 IPC) --  N/A  KHz (0.08 KHz) 
**Core 02 Thread 03 Finished:   insts:413         cycles:16250      (16249)  seconds:5     -- 0.03 IPC (0.03 IPC) --  N/A  KHz (0.08 KHz) 
**Core 04 Thread 12 Finished:   insts:413         cycles:16250      (16249)  seconds:4     -- 0.03 IPC (0.03 IPC) --  N/A  KHz (0.10 KHz) 
**Core 05 Thread 00 Finished:   insts:413         cycles:16250      (16249)  seconds:4     -- 0.03 IPC (0.03 IPC) --  N/A  KHz (0.10 KHz) 
**Core 07 Thread 12 Finished:   insts:413         cycles:16250      (16249)  seconds:4     -- 0.03 IPC (0.03 IPC) --  N/A  KHz (0.10 KHz) 
**Core 00 Thread 14 Finished:   insts:413         cycles:16254      (16253)  seconds:5     -- 0.03 IPC (0.03 IPC) --  N/A  KHz (0.08 KHz) 
**Core 01 Thread 13 Finished:   insts:413         cycles:16254      (16253)  seconds:5     -- 0.03 IPC (0.03 IPC) --  N/A  KHz (0.08 KHz) 
**Core 01 Thread 00 Finished:   insts:413         cycles:16254      (16253)  seconds:5     -- 0.03 IPC (0.03 IPC) --  N/A  KHz (0.08 KHz) 
**Core 07 Thread 03 Finished:   insts:413         cycles:16254      (16253)  seconds:4     -- 0.03 IPC (0.03 IPC) --  N/A  KHz (0.10 KHz) 
**Core 02 Thread 07 Finished:   insts:413         cycles:16258      (16257)  seconds:5     -- 0.03 IPC (0.03 IPC) --  N/A  KHz (0.08 KHz) 
**Core 03 Thread 02 Finished:   insts:413         cycles:16258      (16257)  seconds:4     -- 0.03 IPC (0.03 IPC) --  N/A  KHz (0.10 KHz) 
**Core 10 Thread 08 Finished:   insts:413         cycles:16258      (16257)  seconds:4     -- 0.03 IPC (0.03 IPC) --  N/A  KHz (0.10 KHz) 
**Core 00 Thread 15 Finished:   insts:413         cycles:16258      (16257)  seconds:5     -- 0.03 IPC (0.03 IPC) --  N/A  KHz (0.08 KHz) 
**Core 01 Thread 02 Finished:   insts:413         cycles:16258      (16257)  seconds:5     -- 0.03 IPC (0.03 IPC) --  N/A  KHz (0.08 KHz) 
**Core 06 Thread 08 Finished:   insts:413         cycles:16262      (16261)  seconds:4     -- 0.03 IPC (0.03 IPC) --  N/A  KHz (0.10 KHz) 
**Core 02 Thread 11 Finished:   insts:413         cycles:16262      (16261)  seconds:5     -- 0.03 IPC (0.03 IPC) --  N/A  KHz (0.08 KHz) 
**Core 05 Thread 06 Finished:   insts:413         cycles:16262      (16261)  seconds:4     -- 0.03 IPC (0.03 IPC) --  N/A  KHz (0.10 KHz) 
**Core 03 Thread 08 Finished:   insts:413         cycles:16266      (16265)  seconds:4     -- 0.03 IPC (0.03 IPC) --  N/A  KHz (0.10 KHz) 
**Core 05 Thread 10 Finished:   insts:413         cycles:16266      (16265)  seconds:4     -- 0.03 IPC (0.03 IPC) --  N/A  KHz (0.10 KHz) 
**Core 02 Thread 00 Finished:   insts:413         cycles:16270      (16269)  seconds:5     -- 0.03 IPC (0.03 IPC) --  N/A  KHz (0.08 KHz) 
**Core 04 Thread 07 Finished:   insts:413         cycles:16270      (16269)  seconds:4     -- 0.03 IPC (0.03 IPC) --  N/A  KHz (0.10 KHz) 
**Core 05 Thread 12 Finished:   insts:413         cycles:16270      (16269)  seconds:4     -- 0.03 IPC (0.03 IPC) --  N/A  KHz (0.10 KHz) 
**Core 03 Thread 11 Finished:   insts:413         cycles:16274      (16273)  seconds:4     -- 0.03 IPC (0.03 IPC) --  N/A  KHz (0.10 KHz) 
**Core 04 Thread 13 Finished:   insts:413         cycles:16274      (16273)  seconds:4     -- 0.03 IPC (0.03 IPC) --  N/A  KHz (0.10 KHz) 
**Core 05 Thread 14 Finished:   insts:413         cycles:16274      (16273)  seconds:4     -- 0.03 IPC (0.03 IPC) --  N/A  KHz (0.10 KHz) 
**Core 06 Thread 01 Finished:   insts:413         cycles:16274      (16273)  seconds:4     -- 0.03 IPC (0.03 IPC) --  N/A  KHz (0.10 KHz) 
**Core 06 Thread 02 Finished:   insts:413         cycles:16278      (16277)  seconds:4     -- 0.03 IPC (0.03 IPC) --  N/A  KHz (0.10 KHz) 
**Core 06 Thread 04 Finished:   insts:413         cycles:16282      (16281)  seconds:4     -- 0.03 IPC (0.03 IPC) --  N/A  KHz (0.10 KHz) 
**Core 01 Thread 15 Finished:   insts:413         cycles:16286      (16285)  seconds:5     -- 0.03 IPC (0.03 IPC) --  N/A  KHz (0.08 KHz) 
**Core 04 Thread 08 Finished:   insts:413         cycles:16286      (16285)  seconds:4     -- 0.03 IPC (0.03 IPC) --  N/A  KHz (0.10 KHz) 
**Core 07 Thread 06 Finished:   insts:413         cycles:16286      (16285)  seconds:4     -- 0.03 IPC (0.03 IPC) --  N/A  KHz (0.10 KHz) 
**Core 02 Thread 12 Finished:   insts:413         cycles:16290      (16289)  seconds:5     -- 0.03 IPC (0.03 IPC) --  N/A  KHz (0.08 KHz) 
**Core 07 Thread 10 Finished:   insts:413         cycles:16294      (16293)  seconds:4     -- 0.03 IPC (0.03 IPC) --  N/A  KHz (0.10 KHz) 
**Core 02 Thread 14 Finished:   insts:413         cycles:16294      (16293)  seconds:5     -- 0.03 IPC (0.03 IPC) --  N/A  KHz (0.08 KHz) 
**Core 03 Thread 05 Finished:   insts:413         cycles:16294      (16293)  seconds:4     -- 0.03 IPC (0.03 IPC) --  N/A  KHz (0.10 KHz) 
**Core 02 Thread 02 Finished:   insts:413         cycles:16302      (16301)  seconds:5     -- 0.03 IPC (0.03 IPC) --  N/A  KHz (0.08 KHz) 
**Core 03 Thread 09 Finished:   insts:413         cycles:16302      (16301)  seconds:4     -- 0.03 IPC (0.03 IPC) --  N/A  KHz (0.10 KHz) 
**Core 07 Thread 00 Finished:   insts:413         cycles:16302      (16301)  seconds:4     -- 0.03 IPC (0.03 IPC) --  N/A  KHz (0.10 KHz) 
**Core 02 Thread 06 Finished:   insts:413         cycles:16306      (16305)  seconds:5     -- 0.03 IPC (0.03 IPC) --  N/A  KHz (0.08 KHz) 
**Core 07 Thread 02 Finished:   insts:413         cycles:16306      (16305)  seconds:4     -- 0.03 IPC (0.03 IPC) --  N/A  KHz (0.10 KHz) 
**Core 07 Thread 04 Finished:   insts:413         cycles:16310      (16309)  seconds:4     -- 0.03 IPC (0.03 IPC) --  N/A  KHz (0.10 KHz) 
**Core 07 Thread 08 Finished:   insts:413         cycles:16318      (16317)  seconds:4     -- 0.03 IPC (0.03 IPC) --  N/A  KHz (0.10 KHz) 
**Core 03 Thread 00 Finished:   insts:413         cycles:16322      (16321)  seconds:4     -- 0.03 IPC (0.03 IPC) --  N/A  KHz (0.10 KHz) 
**Core 02 Thread 08 Finished:   insts:413         cycles:16326      (16325)  seconds:5     -- 0.03 IPC (0.03 IPC) --  N/A  KHz (0.08 KHz) 
**Core 03 Thread 13 Finished:   insts:413         cycles:16338      (16337)  seconds:4     -- 0.03 IPC (0.03 IPC) --  N/A  KHz (0.10 KHz) 
**Core 03 Thread 15 Finished:   insts:413         cycles:16342      (16341)  seconds:4     -- 0.03 IPC (0.03 IPC) --  N/A  KHz (0.10 KHz) 
**Core 03 Thread 01 Finished:   insts:413         cycles:16346      (16345)  seconds:4     -- 0.03 IPC (0.03 IPC) --  N/A  KHz (0.10 KHz) 
**Core 03 Thread 07 Finished:   insts:413         cycles:16354      (16353)  seconds:4     -- 0.03 IPC (0.03 IPC) --  N/A  KHz (0.10 KHz) 
**Core 09 Thread 15 Finished:   insts:488         cycles:17313      (17312)  seconds:4     -- 0.03 IPC (0.03 IPC) --  N/A  KHz (0.12 KHz) 
**Core 08 Thread 13 Finished:   insts:488         cycles:17352      (17351)  seconds:4     -- 0.03 IPC (0.03 IPC) --  N/A  KHz (0.12 KHz) 
**Core 08 Thread 06 Finished:   insts:488         cycles:17361      (17360)  seconds:4     -- 0.03 IPC (0.03 IPC) --  N/A  KHz (0.12 KHz) 
**Core 09 Thread 06 Finished:   insts:488         cycles:17361      (17360)  seconds:4     -- 0.03 IPC (0.03 IPC) --  N/A  KHz (0.12 KHz) 
**Core 12 Thread 06 Finished:   insts:488         cycles:17362      (17361)  seconds:4     -- 0.03 IPC (0.03 IPC) --  N/A  KHz (0.12 KHz) 
**Core 14 Thread 05 Finished:   insts:488         cycles:17362      (17361)  seconds:4     -- 0.03 IPC (0.03 IPC) --  N/A  KHz (0.12 KHz) 
**Core 11 Thread 07 Finished:   insts:488         cycles:17368      (17367)  seconds:4     -- 0.03 IPC (0.03 IPC) --  N/A  KHz (0.12 KHz) 
**Core 12 Thread 15 Finished:   insts:488         cycles:17369      (17368)  seconds:4     -- 0.03 IPC (0.03 IPC) --  N/A  KHz (0.12 KHz) 
**Core 14 Thread 15 Finished:   insts:488         cycles:17372      (17371)  seconds:4     -- 0.03 IPC (0.03 IPC) --  N/A  KHz (0.12 KHz) 
**Core 11 Thread 15 Finished:   insts:488         cycles:17372      (17371)  seconds:4     -- 0.03 IPC (0.03 IPC) --  N/A  KHz (0.12 KHz) 
**Core 10 Thread 04 Finished:   insts:488         cycles:17376      (17375)  seconds:4     -- 0.03 IPC (0.03 IPC) --  N/A  KHz (0.12 KHz) 
**Core 15 Thread 13 Finished:   insts:488         cycles:17377      (17376)  seconds:4     -- 0.03 IPC (0.03 IPC) --  N/A  KHz (0.12 KHz) 
**Core 15 Thread 04 Finished:   insts:488         cycles:17380      (17379)  seconds:4     -- 0.03 IPC (0.03 IPC) --  N/A  KHz (0.12 KHz) 
**Core 08 Thread 02 Finished:   insts:488         cycles:17389      (17388)  seconds:4     -- 0.03 IPC (0.03 IPC) --  N/A  KHz (0.12 KHz) 
**Core 12 Thread 03 Finished:   insts:488         cycles:17389      (17388)  seconds:4     -- 0.03 IPC (0.03 IPC) --  N/A  KHz (0.12 KHz) 
**Core 14 Thread 00 Finished:   insts:488         cycles:17390      (17389)  seconds:4     -- 0.03 IPC (0.03 IPC) --  N/A  KHz (0.12 KHz) 
**Core 09 Thread 02 Finished:   insts:488         cycles:17390      (17389)  seconds:4     -- 0.03 IPC (0.03 IPC) --  N/A  KHz (0.12 KHz) 
**Core 10 Thread 03 Finished:   insts:488         cycles:17408      (17407)  seconds:4     -- 0.03 IPC (0.03 IPC) --  N/A  KHz (0.12 KHz) 
**Core 10 Thread 15 Finished:   insts:488         cycles:17412      (17411)  seconds:4     -- 0.03 IPC (0.03 IPC) --  N/A  KHz (0.12 KHz) 
**Core 15 Thread 01 Finished:   insts:488         cycles:17416      (17415)  seconds:4     -- 0.03 IPC (0.03 IPC) --  N/A  KHz (0.12 KHz) 
**Core 11 Thread 10 Finished:   insts:488         cycles:17417      (17416)  seconds:4     -- 0.03 IPC (0.03 IPC) --  N/A  KHz (0.12 KHz) 
**Core 12 Thread 10 Finished:   insts:488         cycles:17417      (17416)  seconds:4     -- 0.03 IPC (0.03 IPC) --  N/A  KHz (0.12 KHz) 
**Core 12 Core_Total  Finished:   insts:6908        cycles:17417      (17416) seconds:4     -- 0.40 IPC (0.40 IPC) --  N/A  KHz (1.73 KHz)
**Core 14 Thread 09 Finished:   insts:488         cycles:17418      (17417)  seconds:4     -- 0.03 IPC (0.03 IPC) --  N/A  KHz (0.12 KHz) 
**Core 14 Core_Total  Finished:   insts:6908        cycles:17418      (17417) seconds:4     -- 0.40 IPC (0.40 IPC) --  N/A  KHz (1.73 KHz)
**Core 09 Thread 10 Finished:   insts:488         cycles:17418      (17417)  seconds:4     -- 0.03 IPC (0.03 IPC) --  N/A  KHz (0.12 KHz) 
**Core 09 Core_Total  Finished:   insts:6908        cycles:17418      (17417) seconds:4     -- 0.40 IPC (0.40 IPC) --  N/A  KHz (1.73 KHz)
**Core 08 Thread 11 Finished:   insts:488         cycles:17419      (17418)  seconds:4     -- 0.03 IPC (0.03 IPC) --  N/A  KHz (0.12 KHz) 
**Core 08 Core_Total  Finished:   insts:6908        cycles:17419      (17418) seconds:4     -- 0.40 IPC (0.40 IPC) --  N/A  KHz (1.73 KHz)
**Core 10 Thread 11 Finished:   insts:488         cycles:17419      (17418)  seconds:4     -- 0.03 IPC (0.03 IPC) --  N/A  KHz (0.12 KHz) 
**Core 10 Core_Total  Finished:   insts:6908        cycles:17419      (17418) seconds:4     -- 0.40 IPC (0.40 IPC) --  N/A  KHz (1.73 KHz)
**Core 15 Thread 09 Finished:   insts:488         cycles:17420      (17419)  seconds:4     -- 0.03 IPC (0.03 IPC) --  N/A  KHz (0.12 KHz) 
**Core 15 Core_Total  Finished:   insts:6908        cycles:17420      (17419) seconds:4     -- 0.40 IPC (0.40 IPC) --  N/A  KHz (1.73 KHz)
**Core 05 Thread 04 Finished:   insts:488         cycles:17445      (17444)  seconds:4     -- 0.03 IPC (0.03 IPC) --  N/A  KHz (0.12 KHz) 
**Core 06 Thread 06 Finished:   insts:488         cycles:17445      (17444)  seconds:4     -- 0.03 IPC (0.03 IPC) --  N/A  KHz (0.12 KHz) 
**Core 01 Thread 04 Finished:   insts:488         cycles:17446      (17445)  seconds:5     -- 0.03 IPC (0.03 IPC) --  N/A  KHz (0.10 KHz) 
**Core 04 Thread 05 Finished:   insts:488         cycles:17446      (17445)  seconds:4     -- 0.03 IPC (0.03 IPC) --  N/A  KHz (0.12 KHz) 
**Core 02 Thread 05 Finished:   insts:488         cycles:17448      (17447)  seconds:5     -- 0.03 IPC (0.03 IPC) --  N/A  KHz (0.10 KHz) 
**Core 11 Thread 03 Finished:   insts:488         cycles:17473      (17472)  seconds:4     -- 0.03 IPC (0.03 IPC) --  N/A  KHz (0.12 KHz) 
**Core 11 Core_Total  Finished:   insts:6908        cycles:17473      (17472) seconds:4     -- 0.40 IPC (0.40 IPC) --  N/A  KHz (1.73 KHz)
**Core 07 Thread 07 Finished:   insts:488         cycles:17484      (17483)  seconds:4     -- 0.03 IPC (0.03 IPC) --  N/A  KHz (0.12 KHz) 
**Core 04 Thread 14 Finished:   insts:488         cycles:17501      (17500)  seconds:4     -- 0.03 IPC (0.03 IPC) --  N/A  KHz (0.12 KHz) 
**Core 07 Thread 14 Finished:   insts:488         cycles:17501      (17500)  seconds:4     -- 0.03 IPC (0.03 IPC) --  N/A  KHz (0.12 KHz) 
**Core 05 Thread 13 Finished:   insts:488         cycles:17502      (17501)  seconds:4     -- 0.03 IPC (0.03 IPC) --  N/A  KHz (0.12 KHz) 
**Core 06 Thread 15 Finished:   insts:488         cycles:17502      (17501)  seconds:4     -- 0.03 IPC (0.03 IPC) --  N/A  KHz (0.12 KHz) 
**Core 01 Thread 14 Finished:   insts:488         cycles:17503      (17502)  seconds:5     -- 0.03 IPC (0.03 IPC) --  N/A  KHz (0.10 KHz) 
**Core 02 Thread 13 Finished:   insts:488         cycles:17503      (17502)  seconds:5     -- 0.03 IPC (0.03 IPC) --  N/A  KHz (0.10 KHz) 
**Core 03 Thread 14 Finished:   insts:488         cycles:17508      (17507)  seconds:4     -- 0.03 IPC (0.03 IPC) --  N/A  KHz (0.12 KHz) 
**Core 03 Thread 06 Finished:   insts:488         cycles:17512      (17511)  seconds:4     -- 0.03 IPC (0.03 IPC) --  N/A  KHz (0.12 KHz) 
**Core 13 Thread 10 Finished:   insts:488         cycles:17516      (17515)  seconds:4     -- 0.03 IPC (0.03 IPC) --  N/A  KHz (0.12 KHz) 
**Core 13 Thread 00 Finished:   insts:488         cycles:17528      (17527)  seconds:4     -- 0.03 IPC (0.03 IPC) --  N/A  KHz (0.12 KHz) 
**Core 02 Thread 10 Finished:   insts:488         cycles:17529      (17528)  seconds:5     -- 0.03 IPC (0.03 IPC) --  N/A  KHz (0.10 KHz) 
**Core 05 Thread 09 Finished:   insts:488         cycles:17529      (17528)  seconds:4     -- 0.03 IPC (0.03 IPC) --  N/A  KHz (0.12 KHz) 
**Core 04 Thread 10 Finished:   insts:488         cycles:17530      (17529)  seconds:4     -- 0.03 IPC (0.03 IPC) --  N/A  KHz (0.12 KHz) 
**Core 06 Thread 09 Finished:   insts:488         cycles:17530      (17529)  seconds:4     -- 0.03 IPC (0.03 IPC) --  N/A  KHz (0.12 KHz) 
**Core 03 Thread 10 Finished:   insts:488         cycles:17531      (17530)  seconds:4     -- 0.03 IPC (0.03 IPC) --  N/A  KHz (0.12 KHz) 
**Core 07 Thread 09 Finished:   insts:488         cycles:17531      (17530)  seconds:4     -- 0.03 IPC (0.03 IPC) --  N/A  KHz (0.12 KHz) 
**Core 13 Thread 04 Finished:   insts:488         cycles:17532      (17531)  seconds:4     -- 0.03 IPC (0.03 IPC) --  N/A  KHz (0.12 KHz) 
**Core 01 Thread 11 Finished:   insts:488         cycles:17532      (17531)  seconds:5     -- 0.03 IPC (0.03 IPC) --  N/A  KHz (0.10 KHz) 
**Core 00 Thread 09 Finished:   insts:488         cycles:17544      (17543)  seconds:5     -- 0.03 IPC (0.03 IPC) --  N/A  KHz (0.10 KHz) 
**Core 13 Thread 14 Finished:   insts:488         cycles:17556      (17555)  seconds:4     -- 0.03 IPC (0.03 IPC) --  N/A  KHz (0.12 KHz) 
**Core 13 Core_Total  Finished:   insts:6908        cycles:17556      (17555) seconds:4     -- 0.39 IPC (0.39 IPC) --  N/A  KHz (1.73 KHz)
**Core 06 Thread 03 Finished:   insts:488         cycles:17557      (17556)  seconds:4     -- 0.03 IPC (0.03 IPC) --  N/A  KHz (0.12 KHz) 
**Core 06 Core_Total  Finished:   insts:6908        cycles:17557      (17556) seconds:4     -- 0.39 IPC (0.39 IPC) --  N/A  KHz (1.73 KHz)
**Core 02 Thread 01 Finished:   insts:488         cycles:17557      (17556)  seconds:5     -- 0.03 IPC (0.03 IPC) --  N/A  KHz (0.10 KHz) 
**Core 02 Core_Total  Finished:   insts:6908        cycles:17557      (17556) seconds:5     -- 0.39 IPC (0.39 IPC) --  N/A  KHz (1.38 KHz)
**Core 03 Thread 03 Finished:   insts:488         cycles:17558      (17557)  seconds:4     -- 0.03 IPC (0.03 IPC) --  N/A  KHz (0.12 KHz) 
**Core 03 Core_Total  Finished:   insts:6908        cycles:17558      (17557) seconds:4     -- 0.39 IPC (0.39 IPC) --  N/A  KHz (1.73 KHz)
**Core 05 Thread 03 Finished:   insts:488         cycles:17558      (17557)  seconds:4     -- 0.03 IPC (0.03 IPC) --  N/A  KHz (0.12 KHz) 
**Core 05 Core_Total  Finished:   insts:6908        cycles:17558      (17557) seconds:4     -- 0.39 IPC (0.39 IPC) --  N/A  KHz (1.73 KHz)
**Core 07 Thread 01 Finished:   insts:488         cycles:17559      (17558)  seconds:4     -- 0.03 IPC (0.03 IPC) --  N/A  KHz (0.12 KHz) 
**Core 07 Core_Total  Finished:   insts:6908        cycles:17559      (17558) seconds:4     -- 0.39 IPC (0.39 IPC) --  N/A  KHz (1.73 KHz)
**Core 04 Thread 02 Finished:   insts:488         cycles:17559      (17558)  seconds:4     -- 0.03 IPC (0.03 IPC) --  N/A  KHz (0.12 KHz) 
**Core 04 Core_Total  Finished:   insts:6908        cycles:17559      (17558) seconds:4     -- 0.39 IPC (0.39 IPC) --  N/A  KHz (1.73 KHz)
**Core 00 Thread 13 Finished:   insts:488         cycles:17560      (17559)  seconds:5     -- 0.03 IPC (0.03 IPC) --  N/A  KHz (0.10 KHz) 
**Core 01 Thread 03 Finished:   insts:488         cycles:17560      (17559)  seconds:5     -- 0.03 IPC (0.03 IPC) --  N/A  KHz (0.10 KHz) 
**Core 01 Core_Total  Finished:   insts:6908        cycles:17560      (17559) seconds:5     -- 0.39 IPC (0.39 IPC) --  N/A  KHz (1.38 KHz)
**Core 00 Thread 01 Finished:   insts:488         cycles:17580      (17579)  seconds:5     -- 0.03 IPC (0.03 IPC) --  N/A  KHz (0.10 KHz) 
**Core 00 Thread 05 Finished:   insts:488         cycles:17600      (17599)  seconds:5     -- 0.03 IPC (0.03 IPC) --  N/A  KHz (0.10 KHz) 
src/retire.cc:563: (I=413  C=17599):  ----- application 0 terminated (/home/cory/ExpressGNN/traces/macsim/Kernel9510/trace.txt,0) at 17599
**Core 00 Core_Total  Finished:   insts:6908        cycles:17600      (17599) seconds:5     -- 0.39 IPC (0.39 IPC) --  N/A  KHz (1.38 KHz)
src/macsim.cc:624: (I=413  C=17600):  finalize simulation
src/macsim.cc:628: (I=413  C=17600):  elapsed time:4.3 seconds
Done
