Arguments: ./macsim 
src/macsim.cc:122: (I=0  C=0):  initialize knobs
number of cores : 16
src/macsim.cc:541: (I=0  C=0):  initialize simulation
src/macsim.cc:321: (I=0  C=0):  initialize cores (0/0/16)
src/memory.cc:1570: (I=0  C=0):  Memory system(l2_decoupled_network) has been initialized.
src/network_simple.cc:90: (I=0  C=0):  TOTAL_ROUTER:35 CPU:0 GPU:16 L3:1 LLC:12 MC:6
enabling bug detector
src/macsim.cc:754: (I=0  C=0):  Initializing new noc

src/macsim.cc:842: (I=0  C=0):  Clock LCM           : 2
src/macsim.cc:843: (I=0  C=0):  CPU clock frequency : 2 GHz
src/macsim.cc:844: (I=0  C=0):  GPU clock frequency : 2 GHz
src/macsim.cc:845: (I=0  C=0):  LLC clock frequency : 2 GHz
src/macsim.cc:846: (I=0  C=0):  NOC clock frequency : 2 GHz
src/macsim.cc:847: (I=0  C=0):  MC  clock frequency : 2 GHz
src/process_manager.cc:426: (I=0  C=0):  setup_process:0 /home/cory/ExpressGNN/traces/macsim/Kernel2715/trace.txt current_index:0 (1)
trace:/home/cory/ExpressGNN/traces/macsim/Kernel2715/trace.txt is opened 
trace type: nvbit end
src/process_manager.cc:541: (I=0  C=0):  thread_count: 256
src/process_manager.cc:542: (I=0  C=0):  max blocks per core: 8
**Core 05 Thread 07 Finished:   insts:413         cycles:16386      (16385)  seconds:4     -- 0.03 IPC (0.03 IPC) --  N/A  KHz (0.10 KHz) 
**Core 15 Thread 02 Finished:   insts:413         cycles:16426      (16425)  seconds:4     -- 0.03 IPC (0.03 IPC) --  N/A  KHz (0.10 KHz) 
**Core 14 Thread 15 Finished:   insts:413         cycles:16446      (16445)  seconds:4     -- 0.03 IPC (0.03 IPC) --  N/A  KHz (0.10 KHz) 
**Core 09 Thread 08 Finished:   insts:413         cycles:16446      (16445)  seconds:4     -- 0.03 IPC (0.03 IPC) --  N/A  KHz (0.10 KHz) 
**Core 09 Thread 10 Finished:   insts:413         cycles:16450      (16449)  seconds:4     -- 0.03 IPC (0.03 IPC) --  N/A  KHz (0.10 KHz) 
**Core 15 Thread 13 Finished:   insts:413         cycles:16458      (16457)  seconds:4     -- 0.03 IPC (0.03 IPC) --  N/A  KHz (0.10 KHz) 
**Core 08 Thread 08 Finished:   insts:413         cycles:16458      (16457)  seconds:4     -- 0.03 IPC (0.03 IPC) --  N/A  KHz (0.10 KHz) 
**Core 08 Thread 05 Finished:   insts:413         cycles:16466      (16465)  seconds:4     -- 0.03 IPC (0.03 IPC) --  N/A  KHz (0.10 KHz) 
**Core 11 Thread 06 Finished:   insts:413         cycles:16466      (16465)  seconds:4     -- 0.03 IPC (0.03 IPC) --  N/A  KHz (0.10 KHz) 
**Core 07 Thread 04 Finished:   insts:413         cycles:16470      (16469)  seconds:4     -- 0.03 IPC (0.03 IPC) --  N/A  KHz (0.10 KHz) 
**Core 08 Thread 07 Finished:   insts:413         cycles:16470      (16469)  seconds:4     -- 0.03 IPC (0.03 IPC) --  N/A  KHz (0.10 KHz) 
**Core 09 Thread 03 Finished:   insts:413         cycles:16470      (16469)  seconds:4     -- 0.03 IPC (0.03 IPC) --  N/A  KHz (0.10 KHz) 
**Core 10 Thread 13 Finished:   insts:413         cycles:16478      (16477)  seconds:4     -- 0.03 IPC (0.03 IPC) --  N/A  KHz (0.10 KHz) 
**Core 09 Thread 12 Finished:   insts:413         cycles:16482      (16481)  seconds:4     -- 0.03 IPC (0.03 IPC) --  N/A  KHz (0.10 KHz) 
**Core 10 Thread 01 Finished:   insts:413         cycles:16486      (16485)  seconds:4     -- 0.03 IPC (0.03 IPC) --  N/A  KHz (0.10 KHz) 
**Core 11 Thread 00 Finished:   insts:413         cycles:16486      (16485)  seconds:4     -- 0.03 IPC (0.03 IPC) --  N/A  KHz (0.10 KHz) 
**Core 15 Thread 11 Finished:   insts:413         cycles:16486      (16485)  seconds:4     -- 0.03 IPC (0.03 IPC) --  N/A  KHz (0.10 KHz) 
**Core 14 Thread 07 Finished:   insts:413         cycles:16490      (16489)  seconds:4     -- 0.03 IPC (0.03 IPC) --  N/A  KHz (0.10 KHz) 
**Core 08 Thread 03 Finished:   insts:413         cycles:16490      (16489)  seconds:4     -- 0.03 IPC (0.03 IPC) --  N/A  KHz (0.10 KHz) 
**Core 09 Thread 15 Finished:   insts:413         cycles:16494      (16493)  seconds:4     -- 0.03 IPC (0.03 IPC) --  N/A  KHz (0.10 KHz) 
**Core 13 Thread 00 Finished:   insts:413         cycles:16494      (16493)  seconds:4     -- 0.03 IPC (0.03 IPC) --  N/A  KHz (0.10 KHz) 
**Core 14 Thread 12 Finished:   insts:413         cycles:16498      (16497)  seconds:4     -- 0.03 IPC (0.03 IPC) --  N/A  KHz (0.10 KHz) 
**Core 09 Thread 05 Finished:   insts:413         cycles:16502      (16501)  seconds:4     -- 0.03 IPC (0.03 IPC) --  N/A  KHz (0.10 KHz) 
**Core 10 Thread 12 Finished:   insts:413         cycles:16502      (16501)  seconds:4     -- 0.03 IPC (0.03 IPC) --  N/A  KHz (0.10 KHz) 
**Core 11 Thread 12 Finished:   insts:413         cycles:16506      (16505)  seconds:4     -- 0.03 IPC (0.03 IPC) --  N/A  KHz (0.10 KHz) 
**Core 09 Thread 07 Finished:   insts:413         cycles:16506      (16505)  seconds:4     -- 0.03 IPC (0.03 IPC) --  N/A  KHz (0.10 KHz) 
**Core 11 Thread 14 Finished:   insts:413         cycles:16510      (16509)  seconds:4     -- 0.03 IPC (0.03 IPC) --  N/A  KHz (0.10 KHz) 
**Core 13 Thread 08 Finished:   insts:413         cycles:16510      (16509)  seconds:4     -- 0.03 IPC (0.03 IPC) --  N/A  KHz (0.10 KHz) 
**Core 11 Thread 15 Finished:   insts:413         cycles:16514      (16513)  seconds:4     -- 0.03 IPC (0.03 IPC) --  N/A  KHz (0.10 KHz) 
**Core 08 Thread 10 Finished:   insts:413         cycles:16518      (16517)  seconds:4     -- 0.03 IPC (0.03 IPC) --  N/A  KHz (0.10 KHz) 
**Core 09 Thread 00 Finished:   insts:413         cycles:16518      (16517)  seconds:4     -- 0.03 IPC (0.03 IPC) --  N/A  KHz (0.10 KHz) 
**Core 11 Thread 02 Finished:   insts:413         cycles:16518      (16517)  seconds:4     -- 0.03 IPC (0.03 IPC) --  N/A  KHz (0.10 KHz) 
**Core 11 Thread 01 Finished:   insts:413         cycles:16518      (16517)  seconds:4     -- 0.03 IPC (0.03 IPC) --  N/A  KHz (0.10 KHz) 
**Core 10 Thread 06 Finished:   insts:413         cycles:16522      (16521)  seconds:4     -- 0.02 IPC (0.02 IPC) --  N/A  KHz (0.10 KHz) 
**Core 12 Thread 09 Finished:   insts:413         cycles:16522      (16521)  seconds:4     -- 0.02 IPC (0.02 IPC) --  N/A  KHz (0.10 KHz) 
**Core 08 Thread 11 Finished:   insts:413         cycles:16522      (16521)  seconds:4     -- 0.02 IPC (0.02 IPC) --  N/A  KHz (0.10 KHz) 
**Core 08 Thread 14 Finished:   insts:413         cycles:16526      (16525)  seconds:4     -- 0.02 IPC (0.02 IPC) --  N/A  KHz (0.10 KHz) 
**Core 11 Thread 08 Finished:   insts:413         cycles:16526      (16525)  seconds:4     -- 0.02 IPC (0.02 IPC) --  N/A  KHz (0.10 KHz) 
**Core 12 Thread 12 Finished:   insts:413         cycles:16526      (16525)  seconds:4     -- 0.02 IPC (0.02 IPC) --  N/A  KHz (0.10 KHz) 
**Core 08 Thread 15 Finished:   insts:413         cycles:16530      (16529)  seconds:4     -- 0.02 IPC (0.02 IPC) --  N/A  KHz (0.10 KHz) 
**Core 11 Thread 07 Finished:   insts:413         cycles:16530      (16529)  seconds:4     -- 0.02 IPC (0.02 IPC) --  N/A  KHz (0.10 KHz) 
**Core 13 Thread 05 Finished:   insts:413         cycles:16530      (16529)  seconds:4     -- 0.02 IPC (0.02 IPC) --  N/A  KHz (0.10 KHz) 
**Core 14 Thread 01 Finished:   insts:413         cycles:16530      (16529)  seconds:4     -- 0.02 IPC (0.02 IPC) --  N/A  KHz (0.10 KHz) 
**Core 07 Thread 05 Finished:   insts:413         cycles:16534      (16533)  seconds:4     -- 0.02 IPC (0.02 IPC) --  N/A  KHz (0.10 KHz) 
**Core 15 Thread 12 Finished:   insts:413         cycles:16534      (16533)  seconds:4     -- 0.02 IPC (0.02 IPC) --  N/A  KHz (0.10 KHz) 
**Core 00 Thread 05 Finished:   insts:413         cycles:16534      (16533)  seconds:4     -- 0.02 IPC (0.02 IPC) --  N/A  KHz (0.10 KHz) 
**Core 14 Thread 02 Finished:   insts:413         cycles:16538      (16537)  seconds:4     -- 0.02 IPC (0.02 IPC) --  N/A  KHz (0.10 KHz) 
**Core 14 Thread 05 Finished:   insts:413         cycles:16538      (16537)  seconds:4     -- 0.02 IPC (0.02 IPC) --  N/A  KHz (0.10 KHz) 
**Core 15 Thread 01 Finished:   insts:413         cycles:16538      (16537)  seconds:4     -- 0.02 IPC (0.02 IPC) --  N/A  KHz (0.10 KHz) 
**Core 00 Thread 06 Finished:   insts:413         cycles:16538      (16537)  seconds:4     -- 0.02 IPC (0.02 IPC) --  N/A  KHz (0.10 KHz) 
**Core 00 Thread 07 Finished:   insts:413         cycles:16538      (16537)  seconds:4     -- 0.02 IPC (0.02 IPC) --  N/A  KHz (0.10 KHz) 
**Core 06 Thread 04 Finished:   insts:413         cycles:16538      (16537)  seconds:4     -- 0.02 IPC (0.02 IPC) --  N/A  KHz (0.10 KHz) 
**Core 06 Thread 06 Finished:   insts:413         cycles:16542      (16541)  seconds:4     -- 0.02 IPC (0.02 IPC) --  N/A  KHz (0.10 KHz) 
**Core 08 Thread 06 Finished:   insts:413         cycles:16542      (16541)  seconds:4     -- 0.02 IPC (0.02 IPC) --  N/A  KHz (0.10 KHz) 
**Core 09 Thread 09 Finished:   insts:413         cycles:16542      (16541)  seconds:4     -- 0.02 IPC (0.02 IPC) --  N/A  KHz (0.10 KHz) 
**Core 10 Thread 02 Finished:   insts:413         cycles:16542      (16541)  seconds:4     -- 0.02 IPC (0.02 IPC) --  N/A  KHz (0.10 KHz) 
**Core 10 Thread 04 Finished:   insts:413         cycles:16546      (16545)  seconds:4     -- 0.02 IPC (0.02 IPC) --  N/A  KHz (0.10 KHz) 
**Core 14 Thread 11 Finished:   insts:413         cycles:16546      (16545)  seconds:4     -- 0.02 IPC (0.02 IPC) --  N/A  KHz (0.10 KHz) 
**Core 15 Thread 04 Finished:   insts:413         cycles:16546      (16545)  seconds:4     -- 0.02 IPC (0.02 IPC) --  N/A  KHz (0.10 KHz) 
**Core 08 Thread 12 Finished:   insts:413         cycles:16550      (16549)  seconds:4     -- 0.02 IPC (0.02 IPC) --  N/A  KHz (0.10 KHz) 
**Core 09 Thread 13 Finished:   insts:413         cycles:16550      (16549)  seconds:4     -- 0.02 IPC (0.02 IPC) --  N/A  KHz (0.10 KHz) 
**Core 09 Thread 06 Finished:   insts:413         cycles:16550      (16549)  seconds:4     -- 0.02 IPC (0.02 IPC) --  N/A  KHz (0.10 KHz) 
**Core 13 Thread 14 Finished:   insts:413         cycles:16550      (16549)  seconds:4     -- 0.02 IPC (0.02 IPC) --  N/A  KHz (0.10 KHz) 
**Core 14 Thread 08 Finished:   insts:413         cycles:16550      (16549)  seconds:4     -- 0.02 IPC (0.02 IPC) --  N/A  KHz (0.10 KHz) 
**Core 15 Thread 07 Finished:   insts:413         cycles:16550      (16549)  seconds:4     -- 0.02 IPC (0.02 IPC) --  N/A  KHz (0.10 KHz) 
**Core 02 Thread 07 Finished:   insts:413         cycles:16550      (16549)  seconds:4     -- 0.02 IPC (0.02 IPC) --  N/A  KHz (0.10 KHz) 
**Core 10 Thread 08 Finished:   insts:413         cycles:16554      (16553)  seconds:4     -- 0.02 IPC (0.02 IPC) --  N/A  KHz (0.10 KHz) 
**Core 11 Thread 05 Finished:   insts:413         cycles:16554      (16553)  seconds:4     -- 0.02 IPC (0.02 IPC) --  N/A  KHz (0.10 KHz) 
**Core 14 Thread 10 Finished:   insts:413         cycles:16554      (16553)  seconds:4     -- 0.02 IPC (0.02 IPC) --  N/A  KHz (0.10 KHz) 
**Core 15 Thread 09 Finished:   insts:413         cycles:16554      (16553)  seconds:4     -- 0.02 IPC (0.02 IPC) --  N/A  KHz (0.10 KHz) 
**Core 08 Thread 01 Finished:   insts:413         cycles:16554      (16553)  seconds:4     -- 0.02 IPC (0.02 IPC) --  N/A  KHz (0.10 KHz) 
**Core 09 Thread 01 Finished:   insts:413         cycles:16554      (16553)  seconds:4     -- 0.02 IPC (0.02 IPC) --  N/A  KHz (0.10 KHz) 
**Core 12 Thread 14 Finished:   insts:413         cycles:16558      (16557)  seconds:4     -- 0.02 IPC (0.02 IPC) --  N/A  KHz (0.10 KHz) 
**Core 07 Thread 03 Finished:   insts:413         cycles:16562      (16561)  seconds:4     -- 0.02 IPC (0.02 IPC) --  N/A  KHz (0.10 KHz) 
**Core 08 Thread 02 Finished:   insts:413         cycles:16562      (16561)  seconds:4     -- 0.02 IPC (0.02 IPC) --  N/A  KHz (0.10 KHz) 
**Core 11 Thread 09 Finished:   insts:413         cycles:16562      (16561)  seconds:4     -- 0.02 IPC (0.02 IPC) --  N/A  KHz (0.10 KHz) 
**Core 12 Thread 00 Finished:   insts:413         cycles:16562      (16561)  seconds:4     -- 0.02 IPC (0.02 IPC) --  N/A  KHz (0.10 KHz) 
**Core 13 Thread 06 Finished:   insts:413         cycles:16562      (16561)  seconds:4     -- 0.02 IPC (0.02 IPC) --  N/A  KHz (0.10 KHz) 
**Core 13 Thread 07 Finished:   insts:413         cycles:16562      (16561)  seconds:4     -- 0.02 IPC (0.02 IPC) --  N/A  KHz (0.10 KHz) 
**Core 14 Thread 03 Finished:   insts:413         cycles:16562      (16561)  seconds:4     -- 0.02 IPC (0.02 IPC) --  N/A  KHz (0.10 KHz) 
**Core 07 Thread 10 Finished:   insts:413         cycles:16566      (16565)  seconds:4     -- 0.02 IPC (0.02 IPC) --  N/A  KHz (0.10 KHz) 
**Core 11 Thread 11 Finished:   insts:413         cycles:16566      (16565)  seconds:4     -- 0.02 IPC (0.02 IPC) --  N/A  KHz (0.10 KHz) 
**Core 10 Thread 07 Finished:   insts:413         cycles:16570      (16569)  seconds:4     -- 0.02 IPC (0.02 IPC) --  N/A  KHz (0.10 KHz) 
**Core 13 Thread 12 Finished:   insts:413         cycles:16570      (16569)  seconds:4     -- 0.02 IPC (0.02 IPC) --  N/A  KHz (0.10 KHz) 
**Core 00 Thread 08 Finished:   insts:413         cycles:16570      (16569)  seconds:4     -- 0.02 IPC (0.02 IPC) --  N/A  KHz (0.10 KHz) 
**Core 05 Thread 11 Finished:   insts:413         cycles:16570      (16569)  seconds:4     -- 0.02 IPC (0.02 IPC) --  N/A  KHz (0.10 KHz) 
**Core 06 Thread 03 Finished:   insts:413         cycles:16570      (16569)  seconds:4     -- 0.02 IPC (0.02 IPC) --  N/A  KHz (0.10 KHz) 
**Core 03 Thread 03 Finished:   insts:413         cycles:16574      (16573)  seconds:4     -- 0.02 IPC (0.02 IPC) --  N/A  KHz (0.10 KHz) 
**Core 03 Thread 02 Finished:   insts:413         cycles:16574      (16573)  seconds:4     -- 0.02 IPC (0.02 IPC) --  N/A  KHz (0.10 KHz) 
**Core 10 Thread 09 Finished:   insts:413         cycles:16574      (16573)  seconds:4     -- 0.02 IPC (0.02 IPC) --  N/A  KHz (0.10 KHz) 
**Core 12 Thread 06 Finished:   insts:413         cycles:16574      (16573)  seconds:4     -- 0.02 IPC (0.02 IPC) --  N/A  KHz (0.10 KHz) 
**Core 03 Thread 04 Finished:   insts:413         cycles:16578      (16577)  seconds:4     -- 0.02 IPC (0.02 IPC) --  N/A  KHz (0.10 KHz) 
**Core 04 Thread 11 Finished:   insts:413         cycles:16578      (16577)  seconds:4     -- 0.02 IPC (0.02 IPC) --  N/A  KHz (0.10 KHz) 
**Core 10 Thread 11 Finished:   insts:413         cycles:16578      (16577)  seconds:4     -- 0.02 IPC (0.02 IPC) --  N/A  KHz (0.10 KHz) 
**Core 12 Thread 08 Finished:   insts:413         cycles:16578      (16577)  seconds:4     -- 0.02 IPC (0.02 IPC) --  N/A  KHz (0.10 KHz) 
**Core 07 Thread 02 Finished:   insts:413         cycles:16582      (16581)  seconds:4     -- 0.02 IPC (0.02 IPC) --  N/A  KHz (0.10 KHz) 
**Core 15 Thread 08 Finished:   insts:413         cycles:16582      (16581)  seconds:4     -- 0.02 IPC (0.02 IPC) --  N/A  KHz (0.10 KHz) 
**Core 10 Thread 03 Finished:   insts:413         cycles:16586      (16585)  seconds:4     -- 0.02 IPC (0.02 IPC) --  N/A  KHz (0.10 KHz) 
**Core 14 Thread 14 Finished:   insts:413         cycles:16586      (16585)  seconds:4     -- 0.02 IPC (0.02 IPC) --  N/A  KHz (0.10 KHz) 
**Core 01 Thread 09 Finished:   insts:413         cycles:16586      (16585)  seconds:4     -- 0.02 IPC (0.02 IPC) --  N/A  KHz (0.10 KHz) 
**Core 03 Thread 09 Finished:   insts:413         cycles:16586      (16585)  seconds:4     -- 0.02 IPC (0.02 IPC) --  N/A  KHz (0.10 KHz) 
**Core 04 Thread 00 Finished:   insts:413         cycles:16586      (16585)  seconds:4     -- 0.02 IPC (0.02 IPC) --  N/A  KHz (0.10 KHz) 
**Core 06 Thread 14 Finished:   insts:413         cycles:16586      (16585)  seconds:4     -- 0.02 IPC (0.02 IPC) --  N/A  KHz (0.10 KHz) 
**Core 07 Thread 06 Finished:   insts:413         cycles:16586      (16585)  seconds:4     -- 0.02 IPC (0.02 IPC) --  N/A  KHz (0.10 KHz) 
**Core 04 Thread 01 Finished:   insts:413         cycles:16590      (16589)  seconds:4     -- 0.02 IPC (0.02 IPC) --  N/A  KHz (0.10 KHz) 
**Core 05 Thread 14 Finished:   insts:413         cycles:16590      (16589)  seconds:4     -- 0.02 IPC (0.02 IPC) --  N/A  KHz (0.10 KHz) 
**Core 05 Thread 05 Finished:   insts:413         cycles:16590      (16589)  seconds:4     -- 0.02 IPC (0.02 IPC) --  N/A  KHz (0.10 KHz) 
**Core 06 Thread 05 Finished:   insts:413         cycles:16590      (16589)  seconds:4     -- 0.02 IPC (0.02 IPC) --  N/A  KHz (0.10 KHz) 
**Core 04 Thread 03 Finished:   insts:413         cycles:16594      (16593)  seconds:4     -- 0.02 IPC (0.02 IPC) --  N/A  KHz (0.10 KHz) 
**Core 12 Thread 01 Finished:   insts:413         cycles:16594      (16593)  seconds:4     -- 0.02 IPC (0.02 IPC) --  N/A  KHz (0.10 KHz) 
**Core 13 Thread 09 Finished:   insts:413         cycles:16594      (16593)  seconds:4     -- 0.02 IPC (0.02 IPC) --  N/A  KHz (0.10 KHz) 
**Core 14 Thread 04 Finished:   insts:413         cycles:16594      (16593)  seconds:4     -- 0.02 IPC (0.02 IPC) --  N/A  KHz (0.10 KHz) 
**Core 12 Thread 03 Finished:   insts:413         cycles:16598      (16597)  seconds:4     -- 0.02 IPC (0.02 IPC) --  N/A  KHz (0.10 KHz) 
**Core 15 Thread 14 Finished:   insts:413         cycles:16598      (16597)  seconds:4     -- 0.02 IPC (0.02 IPC) --  N/A  KHz (0.10 KHz) 
**Core 04 Thread 06 Finished:   insts:413         cycles:16598      (16597)  seconds:4     -- 0.02 IPC (0.02 IPC) --  N/A  KHz (0.10 KHz) 
**Core 15 Thread 00 Finished:   insts:413         cycles:16602      (16601)  seconds:4     -- 0.02 IPC (0.02 IPC) --  N/A  KHz (0.10 KHz) 
**Core 03 Thread 00 Finished:   insts:413         cycles:16602      (16601)  seconds:4     -- 0.02 IPC (0.02 IPC) --  N/A  KHz (0.10 KHz) 
**Core 04 Thread 08 Finished:   insts:413         cycles:16602      (16601)  seconds:4     -- 0.02 IPC (0.02 IPC) --  N/A  KHz (0.10 KHz) 
**Core 07 Thread 14 Finished:   insts:413         cycles:16602      (16601)  seconds:4     -- 0.02 IPC (0.02 IPC) --  N/A  KHz (0.10 KHz) 
**Core 05 Thread 15 Finished:   insts:413         cycles:16606      (16605)  seconds:4     -- 0.02 IPC (0.02 IPC) --  N/A  KHz (0.10 KHz) 
**Core 06 Thread 13 Finished:   insts:413         cycles:16606      (16605)  seconds:4     -- 0.02 IPC (0.02 IPC) --  N/A  KHz (0.10 KHz) 
**Core 04 Thread 13 Finished:   insts:413         cycles:16610      (16609)  seconds:4     -- 0.02 IPC (0.02 IPC) --  N/A  KHz (0.10 KHz) 
**Core 04 Thread 12 Finished:   insts:413         cycles:16610      (16609)  seconds:4     -- 0.02 IPC (0.02 IPC) --  N/A  KHz (0.10 KHz) 
**Core 05 Thread 01 Finished:   insts:413         cycles:16610      (16609)  seconds:4     -- 0.02 IPC (0.02 IPC) --  N/A  KHz (0.10 KHz) 
**Core 06 Thread 15 Finished:   insts:413         cycles:16610      (16609)  seconds:4     -- 0.02 IPC (0.02 IPC) --  N/A  KHz (0.10 KHz) 
**Core 06 Thread 01 Finished:   insts:413         cycles:16614      (16613)  seconds:4     -- 0.02 IPC (0.02 IPC) --  N/A  KHz (0.10 KHz) 
**Core 15 Thread 06 Finished:   insts:413         cycles:16614      (16613)  seconds:4     -- 0.02 IPC (0.02 IPC) --  N/A  KHz (0.10 KHz) 
**Core 02 Thread 06 Finished:   insts:413         cycles:16614      (16613)  seconds:4     -- 0.02 IPC (0.02 IPC) --  N/A  KHz (0.10 KHz) 
**Core 03 Thread 08 Finished:   insts:413         cycles:16614      (16613)  seconds:4     -- 0.02 IPC (0.02 IPC) --  N/A  KHz (0.10 KHz) 
**Core 04 Thread 14 Finished:   insts:413         cycles:16614      (16613)  seconds:4     -- 0.02 IPC (0.02 IPC) --  N/A  KHz (0.10 KHz) 
**Core 05 Thread 12 Finished:   insts:413         cycles:16614      (16613)  seconds:4     -- 0.02 IPC (0.02 IPC) --  N/A  KHz (0.10 KHz) 
**Core 10 Thread 15 Finished:   insts:413         cycles:16618      (16617)  seconds:4     -- 0.02 IPC (0.02 IPC) --  N/A  KHz (0.10 KHz) 
**Core 13 Thread 01 Finished:   insts:413         cycles:16618      (16617)  seconds:4     -- 0.02 IPC (0.02 IPC) --  N/A  KHz (0.10 KHz) 
**Core 07 Thread 11 Finished:   insts:413         cycles:16618      (16617)  seconds:4     -- 0.02 IPC (0.02 IPC) --  N/A  KHz (0.10 KHz) 
**Core 00 Thread 12 Finished:   insts:413         cycles:16622      (16621)  seconds:4     -- 0.02 IPC (0.02 IPC) --  N/A  KHz (0.10 KHz) 
**Core 01 Thread 13 Finished:   insts:413         cycles:16622      (16621)  seconds:4     -- 0.02 IPC (0.02 IPC) --  N/A  KHz (0.10 KHz) 
**Core 03 Thread 15 Finished:   insts:413         cycles:16626      (16625)  seconds:4     -- 0.02 IPC (0.02 IPC) --  N/A  KHz (0.10 KHz) 
**Core 05 Thread 04 Finished:   insts:413         cycles:16626      (16625)  seconds:4     -- 0.02 IPC (0.02 IPC) --  N/A  KHz (0.10 KHz) 
**Core 05 Thread 09 Finished:   insts:413         cycles:16626      (16625)  seconds:4     -- 0.02 IPC (0.02 IPC) --  N/A  KHz (0.10 KHz) 
**Core 06 Thread 08 Finished:   insts:413         cycles:16626      (16625)  seconds:4     -- 0.02 IPC (0.02 IPC) --  N/A  KHz (0.10 KHz) 
**Core 07 Thread 15 Finished:   insts:413         cycles:16626      (16625)  seconds:4     -- 0.02 IPC (0.02 IPC) --  N/A  KHz (0.10 KHz) 
**Core 13 Thread 03 Finished:   insts:413         cycles:16626      (16625)  seconds:4     -- 0.02 IPC (0.02 IPC) --  N/A  KHz (0.10 KHz) 
**Core 06 Thread 11 Finished:   insts:413         cycles:16630      (16629)  seconds:4     -- 0.02 IPC (0.02 IPC) --  N/A  KHz (0.10 KHz) 
**Core 06 Thread 10 Finished:   insts:413         cycles:16630      (16629)  seconds:4     -- 0.02 IPC (0.02 IPC) --  N/A  KHz (0.10 KHz) 
**Core 13 Thread 11 Finished:   insts:413         cycles:16630      (16629)  seconds:4     -- 0.02 IPC (0.02 IPC) --  N/A  KHz (0.10 KHz) 
**Core 02 Thread 14 Finished:   insts:413         cycles:16630      (16629)  seconds:4     -- 0.02 IPC (0.02 IPC) --  N/A  KHz (0.10 KHz) 
**Core 04 Thread 07 Finished:   insts:413         cycles:16630      (16629)  seconds:4     -- 0.02 IPC (0.02 IPC) --  N/A  KHz (0.10 KHz) 
**Core 13 Thread 13 Finished:   insts:413         cycles:16634      (16633)  seconds:4     -- 0.02 IPC (0.02 IPC) --  N/A  KHz (0.10 KHz) 
**Core 07 Thread 08 Finished:   insts:413         cycles:16634      (16633)  seconds:4     -- 0.02 IPC (0.02 IPC) --  N/A  KHz (0.10 KHz) 
**Core 00 Thread 09 Finished:   insts:413         cycles:16638      (16637)  seconds:4     -- 0.02 IPC (0.02 IPC) --  N/A  KHz (0.10 KHz) 
**Core 05 Thread 00 Finished:   insts:413         cycles:16638      (16637)  seconds:4     -- 0.02 IPC (0.02 IPC) --  N/A  KHz (0.10 KHz) 
**Core 12 Thread 07 Finished:   insts:413         cycles:16638      (16637)  seconds:4     -- 0.02 IPC (0.02 IPC) --  N/A  KHz (0.10 KHz) 
**Core 12 Thread 11 Finished:   insts:413         cycles:16642      (16641)  seconds:4     -- 0.02 IPC (0.02 IPC) --  N/A  KHz (0.10 KHz) 
**Core 00 Thread 10 Finished:   insts:413         cycles:16642      (16641)  seconds:4     -- 0.02 IPC (0.02 IPC) --  N/A  KHz (0.10 KHz) 
**Core 01 Thread 07 Finished:   insts:413         cycles:16642      (16641)  seconds:4     -- 0.02 IPC (0.02 IPC) --  N/A  KHz (0.10 KHz) 
**Core 12 Thread 13 Finished:   insts:413         cycles:16646      (16645)  seconds:4     -- 0.02 IPC (0.02 IPC) --  N/A  KHz (0.10 KHz) 
**Core 00 Thread 13 Finished:   insts:413         cycles:16646      (16645)  seconds:4     -- 0.02 IPC (0.02 IPC) --  N/A  KHz (0.10 KHz) 
**Core 00 Thread 15 Finished:   insts:413         cycles:16650      (16649)  seconds:4     -- 0.02 IPC (0.02 IPC) --  N/A  KHz (0.10 KHz) 
**Core 01 Thread 11 Finished:   insts:413         cycles:16650      (16649)  seconds:4     -- 0.02 IPC (0.02 IPC) --  N/A  KHz (0.10 KHz) 
**Core 01 Thread 10 Finished:   insts:413         cycles:16650      (16649)  seconds:4     -- 0.02 IPC (0.02 IPC) --  N/A  KHz (0.10 KHz) 
**Core 04 Thread 05 Finished:   insts:413         cycles:16650      (16649)  seconds:4     -- 0.02 IPC (0.02 IPC) --  N/A  KHz (0.10 KHz) 
**Core 02 Thread 02 Finished:   insts:413         cycles:16654      (16653)  seconds:4     -- 0.02 IPC (0.02 IPC) --  N/A  KHz (0.10 KHz) 
**Core 12 Thread 05 Finished:   insts:413         cycles:16654      (16653)  seconds:4     -- 0.02 IPC (0.02 IPC) --  N/A  KHz (0.10 KHz) 
**Core 05 Thread 08 Finished:   insts:413         cycles:16658      (16657)  seconds:4     -- 0.02 IPC (0.02 IPC) --  N/A  KHz (0.10 KHz) 
**Core 07 Thread 00 Finished:   insts:413         cycles:16658      (16657)  seconds:4     -- 0.02 IPC (0.02 IPC) --  N/A  KHz (0.10 KHz) 
**Core 00 Thread 03 Finished:   insts:413         cycles:16658      (16657)  seconds:4     -- 0.02 IPC (0.02 IPC) --  N/A  KHz (0.10 KHz) 
**Core 07 Thread 13 Finished:   insts:413         cycles:16662      (16661)  seconds:4     -- 0.02 IPC (0.02 IPC) --  N/A  KHz (0.10 KHz) 
**Core 01 Thread 03 Finished:   insts:413         cycles:16662      (16661)  seconds:4     -- 0.02 IPC (0.02 IPC) --  N/A  KHz (0.10 KHz) 
**Core 01 Thread 00 Finished:   insts:413         cycles:16662      (16661)  seconds:4     -- 0.02 IPC (0.02 IPC) --  N/A  KHz (0.10 KHz) 
**Core 02 Thread 05 Finished:   insts:413         cycles:16662      (16661)  seconds:4     -- 0.02 IPC (0.02 IPC) --  N/A  KHz (0.10 KHz) 
**Core 01 Thread 02 Finished:   insts:413         cycles:16666      (16665)  seconds:4     -- 0.02 IPC (0.02 IPC) --  N/A  KHz (0.10 KHz) 
**Core 01 Thread 05 Finished:   insts:413         cycles:16666      (16665)  seconds:4     -- 0.02 IPC (0.02 IPC) --  N/A  KHz (0.10 KHz) 
**Core 02 Thread 08 Finished:   insts:413         cycles:16666      (16665)  seconds:4     -- 0.02 IPC (0.02 IPC) --  N/A  KHz (0.10 KHz) 
**Core 04 Thread 09 Finished:   insts:413         cycles:16666      (16665)  seconds:4     -- 0.02 IPC (0.02 IPC) --  N/A  KHz (0.10 KHz) 
**Core 06 Thread 00 Finished:   insts:413         cycles:16666      (16665)  seconds:4     -- 0.02 IPC (0.02 IPC) --  N/A  KHz (0.10 KHz) 
**Core 02 Thread 10 Finished:   insts:413         cycles:16670      (16669)  seconds:4     -- 0.02 IPC (0.02 IPC) --  N/A  KHz (0.10 KHz) 
**Core 03 Thread 11 Finished:   insts:413         cycles:16674      (16673)  seconds:4     -- 0.02 IPC (0.02 IPC) --  N/A  KHz (0.10 KHz) 
**Core 00 Thread 00 Finished:   insts:413         cycles:16678      (16677)  seconds:4     -- 0.02 IPC (0.02 IPC) --  N/A  KHz (0.10 KHz) 
**Core 02 Thread 15 Finished:   insts:413         cycles:16678      (16677)  seconds:4     -- 0.02 IPC (0.02 IPC) --  N/A  KHz (0.10 KHz) 
**Core 03 Thread 14 Finished:   insts:413         cycles:16678      (16677)  seconds:4     -- 0.02 IPC (0.02 IPC) --  N/A  KHz (0.10 KHz) 
**Core 05 Thread 02 Finished:   insts:413         cycles:16678      (16677)  seconds:4     -- 0.02 IPC (0.02 IPC) --  N/A  KHz (0.10 KHz) 
**Core 00 Thread 02 Finished:   insts:413         cycles:16682      (16681)  seconds:4     -- 0.02 IPC (0.02 IPC) --  N/A  KHz (0.10 KHz) 
**Core 01 Thread 12 Finished:   insts:413         cycles:16682      (16681)  seconds:4     -- 0.02 IPC (0.02 IPC) --  N/A  KHz (0.10 KHz) 
**Core 01 Thread 14 Finished:   insts:413         cycles:16686      (16685)  seconds:4     -- 0.02 IPC (0.02 IPC) --  N/A  KHz (0.10 KHz) 
**Core 02 Thread 03 Finished:   insts:413         cycles:16686      (16685)  seconds:4     -- 0.02 IPC (0.02 IPC) --  N/A  KHz (0.10 KHz) 
**Core 03 Thread 05 Finished:   insts:413         cycles:16686      (16685)  seconds:4     -- 0.02 IPC (0.02 IPC) --  N/A  KHz (0.10 KHz) 
**Core 03 Thread 07 Finished:   insts:413         cycles:16690      (16689)  seconds:4     -- 0.02 IPC (0.02 IPC) --  N/A  KHz (0.10 KHz) 
**Core 02 Thread 09 Finished:   insts:413         cycles:16694      (16693)  seconds:4     -- 0.02 IPC (0.02 IPC) --  N/A  KHz (0.10 KHz) 
**Core 01 Thread 04 Finished:   insts:413         cycles:16698      (16697)  seconds:4     -- 0.02 IPC (0.02 IPC) --  N/A  KHz (0.10 KHz) 
**Core 03 Thread 13 Finished:   insts:413         cycles:16698      (16697)  seconds:4     -- 0.02 IPC (0.02 IPC) --  N/A  KHz (0.10 KHz) 
**Core 02 Thread 13 Finished:   insts:413         cycles:16702      (16701)  seconds:4     -- 0.02 IPC (0.02 IPC) --  N/A  KHz (0.10 KHz) 
**Core 02 Thread 01 Finished:   insts:413         cycles:16718      (16717)  seconds:4     -- 0.02 IPC (0.02 IPC) --  N/A  KHz (0.10 KHz) 
**Core 11 Thread 13 Finished:   insts:488         cycles:17747      (17746)  seconds:4     -- 0.03 IPC (0.03 IPC) --  N/A  KHz (0.12 KHz) 
**Core 14 Thread 13 Finished:   insts:488         cycles:17747      (17746)  seconds:4     -- 0.03 IPC (0.03 IPC) --  N/A  KHz (0.12 KHz) 
**Core 08 Thread 13 Finished:   insts:488         cycles:17749      (17748)  seconds:4     -- 0.03 IPC (0.03 IPC) --  N/A  KHz (0.12 KHz) 
**Core 09 Thread 14 Finished:   insts:488         cycles:17749      (17748)  seconds:4     -- 0.03 IPC (0.03 IPC) --  N/A  KHz (0.12 KHz) 
**Core 15 Thread 15 Finished:   insts:488         cycles:17752      (17751)  seconds:4     -- 0.03 IPC (0.03 IPC) --  N/A  KHz (0.12 KHz) 
**Core 13 Thread 15 Finished:   insts:488         cycles:17756      (17755)  seconds:4     -- 0.03 IPC (0.03 IPC) --  N/A  KHz (0.12 KHz) 
**Core 08 Thread 09 Finished:   insts:488         cycles:17775      (17774)  seconds:4     -- 0.03 IPC (0.03 IPC) --  N/A  KHz (0.12 KHz) 
**Core 14 Thread 09 Finished:   insts:488         cycles:17775      (17774)  seconds:4     -- 0.03 IPC (0.03 IPC) --  N/A  KHz (0.12 KHz) 
**Core 10 Thread 14 Finished:   insts:488         cycles:17776      (17775)  seconds:4     -- 0.03 IPC (0.03 IPC) --  N/A  KHz (0.12 KHz) 
**Core 11 Thread 10 Finished:   insts:488         cycles:17776      (17775)  seconds:4     -- 0.03 IPC (0.03 IPC) --  N/A  KHz (0.12 KHz) 
**Core 10 Thread 10 Finished:   insts:488         cycles:17777      (17776)  seconds:4     -- 0.03 IPC (0.03 IPC) --  N/A  KHz (0.12 KHz) 
**Core 15 Thread 10 Finished:   insts:488         cycles:17777      (17776)  seconds:4     -- 0.03 IPC (0.03 IPC) --  N/A  KHz (0.12 KHz) 
**Core 09 Thread 11 Finished:   insts:488         cycles:17778      (17777)  seconds:4     -- 0.03 IPC (0.03 IPC) --  N/A  KHz (0.12 KHz) 
**Core 12 Thread 15 Finished:   insts:488         cycles:17788      (17787)  seconds:4     -- 0.03 IPC (0.03 IPC) --  N/A  KHz (0.12 KHz) 
**Core 14 Thread 06 Finished:   insts:488         cycles:17803      (17802)  seconds:4     -- 0.03 IPC (0.03 IPC) --  N/A  KHz (0.12 KHz) 
**Core 08 Thread 04 Finished:   insts:488         cycles:17803      (17802)  seconds:4     -- 0.03 IPC (0.03 IPC) --  N/A  KHz (0.12 KHz) 
**Core 15 Thread 05 Finished:   insts:488         cycles:17804      (17803)  seconds:4     -- 0.03 IPC (0.03 IPC) --  N/A  KHz (0.12 KHz) 
**Core 09 Thread 04 Finished:   insts:488         cycles:17805      (17804)  seconds:4     -- 0.03 IPC (0.03 IPC) --  N/A  KHz (0.12 KHz) 
**Core 10 Thread 05 Finished:   insts:488         cycles:17805      (17804)  seconds:4     -- 0.03 IPC (0.03 IPC) --  N/A  KHz (0.12 KHz) 
**Core 12 Thread 04 Finished:   insts:488         cycles:17806      (17805)  seconds:4     -- 0.03 IPC (0.03 IPC) --  N/A  KHz (0.12 KHz) 
**Core 13 Thread 04 Finished:   insts:488         cycles:17806      (17805)  seconds:4     -- 0.03 IPC (0.03 IPC) --  N/A  KHz (0.12 KHz) 
**Core 11 Thread 04 Finished:   insts:488         cycles:17807      (17806)  seconds:4     -- 0.03 IPC (0.03 IPC) --  N/A  KHz (0.12 KHz) 
**Core 12 Thread 10 Finished:   insts:488         cycles:17812      (17811)  seconds:4     -- 0.03 IPC (0.03 IPC) --  N/A  KHz (0.12 KHz) 
**Core 13 Thread 10 Finished:   insts:488         cycles:17812      (17811)  seconds:4     -- 0.03 IPC (0.03 IPC) --  N/A  KHz (0.12 KHz) 
**Core 08 Thread 00 Finished:   insts:488         cycles:17831      (17830)  seconds:4     -- 0.03 IPC (0.03 IPC) --  N/A  KHz (0.12 KHz) 
**Core 08 Core_Total  Finished:   insts:6908        cycles:17831      (17830) seconds:4     -- 0.39 IPC (0.39 IPC) --  N/A  KHz (1.73 KHz)
**Core 11 Thread 03 Finished:   insts:488         cycles:17831      (17830)  seconds:4     -- 0.03 IPC (0.03 IPC) --  N/A  KHz (0.12 KHz) 
**Core 11 Core_Total  Finished:   insts:6908        cycles:17831      (17830) seconds:4     -- 0.39 IPC (0.39 IPC) --  N/A  KHz (1.73 KHz)
**Core 09 Thread 02 Finished:   insts:488         cycles:17833      (17832)  seconds:4     -- 0.03 IPC (0.03 IPC) --  N/A  KHz (0.12 KHz) 
**Core 09 Core_Total  Finished:   insts:6908        cycles:17833      (17832) seconds:4     -- 0.39 IPC (0.39 IPC) --  N/A  KHz (1.73 KHz)
**Core 10 Thread 00 Finished:   insts:488         cycles:17833      (17832)  seconds:4     -- 0.03 IPC (0.03 IPC) --  N/A  KHz (0.12 KHz) 
**Core 10 Core_Total  Finished:   insts:6908        cycles:17833      (17832) seconds:4     -- 0.39 IPC (0.39 IPC) --  N/A  KHz (1.73 KHz)
**Core 13 Thread 02 Finished:   insts:488         cycles:17834      (17833)  seconds:4     -- 0.03 IPC (0.03 IPC) --  N/A  KHz (0.12 KHz) 
**Core 13 Core_Total  Finished:   insts:6908        cycles:17834      (17833) seconds:4     -- 0.39 IPC (0.39 IPC) --  N/A  KHz (1.73 KHz)
**Core 15 Thread 03 Finished:   insts:488         cycles:17834      (17833)  seconds:4     -- 0.03 IPC (0.03 IPC) --  N/A  KHz (0.12 KHz) 
**Core 15 Core_Total  Finished:   insts:6908        cycles:17834      (17833) seconds:4     -- 0.39 IPC (0.39 IPC) --  N/A  KHz (1.73 KHz)
**Core 12 Thread 02 Finished:   insts:488         cycles:17835      (17834)  seconds:4     -- 0.03 IPC (0.03 IPC) --  N/A  KHz (0.12 KHz) 
**Core 12 Core_Total  Finished:   insts:6908        cycles:17835      (17834) seconds:4     -- 0.39 IPC (0.39 IPC) --  N/A  KHz (1.73 KHz)
**Core 14 Thread 00 Finished:   insts:488         cycles:17835      (17834)  seconds:4     -- 0.03 IPC (0.03 IPC) --  N/A  KHz (0.12 KHz) 
**Core 14 Core_Total  Finished:   insts:6908        cycles:17835      (17834) seconds:4     -- 0.39 IPC (0.39 IPC) --  N/A  KHz (1.73 KHz)
**Core 05 Thread 06 Finished:   insts:488         cycles:17859      (17858)  seconds:4     -- 0.03 IPC (0.03 IPC) --  N/A  KHz (0.12 KHz) 
**Core 02 Thread 04 Finished:   insts:488         cycles:17859      (17858)  seconds:4     -- 0.03 IPC (0.03 IPC) --  N/A  KHz (0.12 KHz) 
**Core 04 Thread 04 Finished:   insts:488         cycles:17860      (17859)  seconds:4     -- 0.03 IPC (0.03 IPC) --  N/A  KHz (0.12 KHz) 
**Core 07 Thread 07 Finished:   insts:488         cycles:17861      (17860)  seconds:4     -- 0.03 IPC (0.03 IPC) --  N/A  KHz (0.12 KHz) 
**Core 00 Thread 04 Finished:   insts:488         cycles:17861      (17860)  seconds:4     -- 0.03 IPC (0.03 IPC) --  N/A  KHz (0.12 KHz) 
**Core 06 Thread 07 Finished:   insts:488         cycles:17862      (17861)  seconds:4     -- 0.03 IPC (0.03 IPC) --  N/A  KHz (0.12 KHz) 
**Core 01 Thread 06 Finished:   insts:488         cycles:17862      (17861)  seconds:4     -- 0.03 IPC (0.03 IPC) --  N/A  KHz (0.12 KHz) 
**Core 03 Thread 06 Finished:   insts:488         cycles:17880      (17879)  seconds:4     -- 0.03 IPC (0.03 IPC) --  N/A  KHz (0.12 KHz) 
**Core 01 Thread 08 Finished:   insts:488         cycles:17887      (17886)  seconds:4     -- 0.03 IPC (0.03 IPC) --  N/A  KHz (0.12 KHz) 
**Core 05 Thread 10 Finished:   insts:488         cycles:17887      (17886)  seconds:4     -- 0.03 IPC (0.03 IPC) --  N/A  KHz (0.12 KHz) 
**Core 00 Thread 11 Finished:   insts:488         cycles:17888      (17887)  seconds:4     -- 0.03 IPC (0.03 IPC) --  N/A  KHz (0.12 KHz) 
**Core 07 Thread 09 Finished:   insts:488         cycles:17888      (17887)  seconds:4     -- 0.03 IPC (0.03 IPC) --  N/A  KHz (0.12 KHz) 
**Core 02 Thread 11 Finished:   insts:488         cycles:17889      (17888)  seconds:4     -- 0.03 IPC (0.03 IPC) --  N/A  KHz (0.12 KHz) 
**Core 04 Thread 10 Finished:   insts:488         cycles:17889      (17888)  seconds:4     -- 0.03 IPC (0.03 IPC) --  N/A  KHz (0.12 KHz) 
**Core 03 Thread 10 Finished:   insts:488         cycles:17890      (17889)  seconds:4     -- 0.03 IPC (0.03 IPC) --  N/A  KHz (0.12 KHz) 
**Core 06 Thread 09 Finished:   insts:488         cycles:17890      (17889)  seconds:4     -- 0.03 IPC (0.03 IPC) --  N/A  KHz (0.12 KHz) 
**Core 05 Thread 03 Finished:   insts:488         cycles:17915      (17914)  seconds:4     -- 0.03 IPC (0.03 IPC) --  N/A  KHz (0.12 KHz) 
**Core 06 Thread 02 Finished:   insts:488         cycles:17915      (17914)  seconds:4     -- 0.03 IPC (0.03 IPC) --  N/A  KHz (0.12 KHz) 
**Core 03 Thread 01 Finished:   insts:488         cycles:17916      (17915)  seconds:4     -- 0.03 IPC (0.03 IPC) --  N/A  KHz (0.12 KHz) 
**Core 07 Thread 01 Finished:   insts:488         cycles:17916      (17915)  seconds:4     -- 0.03 IPC (0.03 IPC) --  N/A  KHz (0.12 KHz) 
**Core 00 Thread 01 Finished:   insts:488         cycles:17917      (17916)  seconds:4     -- 0.03 IPC (0.03 IPC) --  N/A  KHz (0.12 KHz) 
**Core 02 Thread 00 Finished:   insts:488         cycles:17917      (17916)  seconds:4     -- 0.03 IPC (0.03 IPC) --  N/A  KHz (0.12 KHz) 
**Core 01 Thread 01 Finished:   insts:488         cycles:17918      (17917)  seconds:4     -- 0.03 IPC (0.03 IPC) --  N/A  KHz (0.12 KHz) 
**Core 04 Thread 02 Finished:   insts:488         cycles:17918      (17917)  seconds:4     -- 0.03 IPC (0.03 IPC) --  N/A  KHz (0.12 KHz) 
**Core 07 Thread 12 Finished:   insts:488         cycles:17943      (17942)  seconds:4     -- 0.03 IPC (0.03 IPC) --  N/A  KHz (0.12 KHz) 
**Core 07 Core_Total  Finished:   insts:6908        cycles:17943      (17942) seconds:4     -- 0.38 IPC (0.38 IPC) --  N/A  KHz (1.73 KHz)
**Core 04 Thread 15 Finished:   insts:488         cycles:17943      (17942)  seconds:4     -- 0.03 IPC (0.03 IPC) --  N/A  KHz (0.12 KHz) 
**Core 04 Core_Total  Finished:   insts:6908        cycles:17943      (17942) seconds:4     -- 0.38 IPC (0.38 IPC) --  N/A  KHz (1.73 KHz)
**Core 01 Thread 15 Finished:   insts:488         cycles:17944      (17943)  seconds:4     -- 0.03 IPC (0.03 IPC) --  N/A  KHz (0.12 KHz) 
**Core 01 Core_Total  Finished:   insts:6908        cycles:17944      (17943) seconds:4     -- 0.38 IPC (0.38 IPC) --  N/A  KHz (1.73 KHz)
**Core 06 Thread 12 Finished:   insts:488         cycles:17944      (17943)  seconds:4     -- 0.03 IPC (0.03 IPC) --  N/A  KHz (0.12 KHz) 
**Core 06 Core_Total  Finished:   insts:6908        cycles:17944      (17943) seconds:4     -- 0.38 IPC (0.38 IPC) --  N/A  KHz (1.73 KHz)
**Core 00 Thread 14 Finished:   insts:488         cycles:17945      (17944)  seconds:4     -- 0.03 IPC (0.03 IPC) --  N/A  KHz (0.12 KHz) 
**Core 00 Core_Total  Finished:   insts:6908        cycles:17945      (17944) seconds:4     -- 0.38 IPC (0.38 IPC) --  N/A  KHz (1.73 KHz)
**Core 03 Thread 12 Finished:   insts:488         cycles:17945      (17944)  seconds:4     -- 0.03 IPC (0.03 IPC) --  N/A  KHz (0.12 KHz) 
**Core 03 Core_Total  Finished:   insts:6908        cycles:17945      (17944) seconds:4     -- 0.38 IPC (0.38 IPC) --  N/A  KHz (1.73 KHz)
**Core 02 Thread 12 Finished:   insts:488         cycles:17946      (17945)  seconds:4     -- 0.03 IPC (0.03 IPC) --  N/A  KHz (0.12 KHz) 
**Core 02 Core_Total  Finished:   insts:6908        cycles:17946      (17945) seconds:4     -- 0.38 IPC (0.38 IPC) --  N/A  KHz (1.73 KHz)
**Core 05 Thread 13 Finished:   insts:488         cycles:17946      (17945)  seconds:4     -- 0.03 IPC (0.03 IPC) --  N/A  KHz (0.12 KHz) 
src/retire.cc:563: (I=413  C=17945):  ----- application 0 terminated (/home/cory/ExpressGNN/traces/macsim/Kernel2715/trace.txt,0) at 17945
**Core 05 Core_Total  Finished:   insts:6908        cycles:17946      (17945) seconds:4     -- 0.38 IPC (0.38 IPC) --  N/A  KHz (1.73 KHz)
src/macsim.cc:624: (I=413  C=17946):  finalize simulation
src/macsim.cc:628: (I=413  C=17946):  elapsed time:4.3 seconds
Done
