Arguments: ./macsim 
src/macsim.cc:122: (I=0  C=0):  initialize knobs
number of cores : 16
src/macsim.cc:541: (I=0  C=0):  initialize simulation
src/macsim.cc:321: (I=0  C=0):  initialize cores (0/0/16)
src/memory.cc:1570: (I=0  C=0):  Memory system(l2_decoupled_network) has been initialized.
src/network_simple.cc:90: (I=0  C=0):  TOTAL_ROUTER:35 CPU:0 GPU:16 L3:1 LLC:12 MC:6
enabling bug detector
src/macsim.cc:754: (I=0  C=0):  Initializing new noc

src/macsim.cc:842: (I=0  C=0):  Clock LCM           : 2
src/macsim.cc:843: (I=0  C=0):  CPU clock frequency : 2 GHz
src/macsim.cc:844: (I=0  C=0):  GPU clock frequency : 2 GHz
src/macsim.cc:845: (I=0  C=0):  LLC clock frequency : 2 GHz
src/macsim.cc:846: (I=0  C=0):  NOC clock frequency : 2 GHz
src/macsim.cc:847: (I=0  C=0):  MC  clock frequency : 2 GHz
src/process_manager.cc:426: (I=0  C=0):  setup_process:0 /home/cory/ExpressGNN/traces/macsim/Kernel14709/trace.txt current_index:0 (1)
trace:/home/cory/ExpressGNN/traces/macsim/Kernel14709/trace.txt is opened 
trace type: nvbit end
src/process_manager.cc:541: (I=0  C=0):  thread_count: 256
src/process_manager.cc:542: (I=0  C=0):  max blocks per core: 8
**Core 05 Thread 09 Finished:   insts:413         cycles:15442      (15441)  seconds:4     -- 0.03 IPC (0.03 IPC) --  N/A  KHz (0.10 KHz) 
**Core 01 Thread 03 Finished:   insts:413         cycles:15490      (15489)  seconds:4     -- 0.03 IPC (0.03 IPC) --  N/A  KHz (0.10 KHz) 
**Core 01 Thread 04 Finished:   insts:413         cycles:15494      (15493)  seconds:4     -- 0.03 IPC (0.03 IPC) --  N/A  KHz (0.10 KHz) 
**Core 00 Thread 15 Finished:   insts:413         cycles:15502      (15501)  seconds:4     -- 0.03 IPC (0.03 IPC) --  N/A  KHz (0.10 KHz) 
**Core 07 Thread 09 Finished:   insts:413         cycles:15502      (15501)  seconds:4     -- 0.03 IPC (0.03 IPC) --  N/A  KHz (0.10 KHz) 
**Core 04 Thread 06 Finished:   insts:413         cycles:15518      (15517)  seconds:4     -- 0.03 IPC (0.03 IPC) --  N/A  KHz (0.10 KHz) 
**Core 07 Thread 05 Finished:   insts:413         cycles:15526      (15525)  seconds:4     -- 0.03 IPC (0.03 IPC) --  N/A  KHz (0.10 KHz) 
**Core 03 Thread 03 Finished:   insts:413         cycles:15530      (15529)  seconds:4     -- 0.03 IPC (0.03 IPC) --  N/A  KHz (0.10 KHz) 
**Core 00 Thread 03 Finished:   insts:413         cycles:15542      (15541)  seconds:4     -- 0.03 IPC (0.03 IPC) --  N/A  KHz (0.10 KHz) 
**Core 06 Thread 15 Finished:   insts:413         cycles:15558      (15557)  seconds:4     -- 0.03 IPC (0.03 IPC) --  N/A  KHz (0.10 KHz) 
**Core 00 Thread 10 Finished:   insts:413         cycles:15562      (15561)  seconds:4     -- 0.03 IPC (0.03 IPC) --  N/A  KHz (0.10 KHz) 
**Core 03 Thread 02 Finished:   insts:413         cycles:15562      (15561)  seconds:4     -- 0.03 IPC (0.03 IPC) --  N/A  KHz (0.10 KHz) 
**Core 04 Thread 11 Finished:   insts:413         cycles:15562      (15561)  seconds:4     -- 0.03 IPC (0.03 IPC) --  N/A  KHz (0.10 KHz) 
**Core 07 Thread 08 Finished:   insts:413         cycles:15562      (15561)  seconds:4     -- 0.03 IPC (0.03 IPC) --  N/A  KHz (0.10 KHz) 
**Core 00 Thread 01 Finished:   insts:413         cycles:15566      (15565)  seconds:4     -- 0.03 IPC (0.03 IPC) --  N/A  KHz (0.10 KHz) 
**Core 02 Thread 09 Finished:   insts:413         cycles:15566      (15565)  seconds:4     -- 0.03 IPC (0.03 IPC) --  N/A  KHz (0.10 KHz) 
**Core 04 Thread 13 Finished:   insts:413         cycles:15566      (15565)  seconds:4     -- 0.03 IPC (0.03 IPC) --  N/A  KHz (0.10 KHz) 
**Core 05 Thread 08 Finished:   insts:413         cycles:15570      (15569)  seconds:4     -- 0.03 IPC (0.03 IPC) --  N/A  KHz (0.10 KHz) 
**Core 06 Thread 00 Finished:   insts:413         cycles:15570      (15569)  seconds:4     -- 0.03 IPC (0.03 IPC) --  N/A  KHz (0.10 KHz) 
**Core 00 Thread 05 Finished:   insts:413         cycles:15574      (15573)  seconds:4     -- 0.03 IPC (0.03 IPC) --  N/A  KHz (0.10 KHz) 
**Core 01 Thread 01 Finished:   insts:413         cycles:15574      (15573)  seconds:4     -- 0.03 IPC (0.03 IPC) --  N/A  KHz (0.10 KHz) 
**Core 00 Thread 07 Finished:   insts:413         cycles:15578      (15577)  seconds:4     -- 0.03 IPC (0.03 IPC) --  N/A  KHz (0.10 KHz) 
**Core 01 Thread 02 Finished:   insts:413         cycles:15578      (15577)  seconds:4     -- 0.03 IPC (0.03 IPC) --  N/A  KHz (0.10 KHz) 
**Core 00 Thread 09 Finished:   insts:413         cycles:15582      (15581)  seconds:4     -- 0.03 IPC (0.03 IPC) --  N/A  KHz (0.10 KHz) 
**Core 01 Thread 06 Finished:   insts:413         cycles:15582      (15581)  seconds:4     -- 0.03 IPC (0.03 IPC) --  N/A  KHz (0.10 KHz) 
**Core 01 Thread 07 Finished:   insts:413         cycles:15582      (15581)  seconds:4     -- 0.03 IPC (0.03 IPC) --  N/A  KHz (0.10 KHz) 
**Core 04 Thread 05 Finished:   insts:413         cycles:15582      (15581)  seconds:4     -- 0.03 IPC (0.03 IPC) --  N/A  KHz (0.10 KHz) 
**Core 04 Thread 08 Finished:   insts:413         cycles:15582      (15581)  seconds:4     -- 0.03 IPC (0.03 IPC) --  N/A  KHz (0.10 KHz) 
**Core 06 Thread 11 Finished:   insts:413         cycles:15582      (15581)  seconds:4     -- 0.03 IPC (0.03 IPC) --  N/A  KHz (0.10 KHz) 
**Core 06 Thread 06 Finished:   insts:413         cycles:15582      (15581)  seconds:4     -- 0.03 IPC (0.03 IPC) --  N/A  KHz (0.10 KHz) 
**Core 07 Thread 11 Finished:   insts:413         cycles:15582      (15581)  seconds:4     -- 0.03 IPC (0.03 IPC) --  N/A  KHz (0.10 KHz) 
**Core 02 Thread 02 Finished:   insts:413         cycles:15586      (15585)  seconds:4     -- 0.03 IPC (0.03 IPC) --  N/A  KHz (0.10 KHz) 
**Core 04 Thread 07 Finished:   insts:413         cycles:15586      (15585)  seconds:4     -- 0.03 IPC (0.03 IPC) --  N/A  KHz (0.10 KHz) 
**Core 06 Thread 13 Finished:   insts:413         cycles:15586      (15585)  seconds:4     -- 0.03 IPC (0.03 IPC) --  N/A  KHz (0.10 KHz) 
**Core 07 Thread 13 Finished:   insts:413         cycles:15586      (15585)  seconds:4     -- 0.03 IPC (0.03 IPC) --  N/A  KHz (0.10 KHz) 
**Core 01 Thread 09 Finished:   insts:413         cycles:15586      (15585)  seconds:4     -- 0.03 IPC (0.03 IPC) --  N/A  KHz (0.10 KHz) 
**Core 06 Thread 01 Finished:   insts:413         cycles:15590      (15589)  seconds:4     -- 0.03 IPC (0.03 IPC) --  N/A  KHz (0.10 KHz) 
**Core 01 Thread 11 Finished:   insts:413         cycles:15590      (15589)  seconds:4     -- 0.03 IPC (0.03 IPC) --  N/A  KHz (0.10 KHz) 
**Core 01 Thread 10 Finished:   insts:413         cycles:15590      (15589)  seconds:4     -- 0.03 IPC (0.03 IPC) --  N/A  KHz (0.10 KHz) 
**Core 02 Thread 04 Finished:   insts:413         cycles:15590      (15589)  seconds:4     -- 0.03 IPC (0.03 IPC) --  N/A  KHz (0.10 KHz) 
**Core 04 Thread 09 Finished:   insts:413         cycles:15590      (15589)  seconds:4     -- 0.03 IPC (0.03 IPC) --  N/A  KHz (0.10 KHz) 
**Core 01 Thread 13 Finished:   insts:413         cycles:15594      (15593)  seconds:4     -- 0.03 IPC (0.03 IPC) --  N/A  KHz (0.10 KHz) 
**Core 01 Thread 12 Finished:   insts:413         cycles:15594      (15593)  seconds:4     -- 0.03 IPC (0.03 IPC) --  N/A  KHz (0.10 KHz) 
**Core 03 Thread 05 Finished:   insts:413         cycles:15594      (15593)  seconds:4     -- 0.03 IPC (0.03 IPC) --  N/A  KHz (0.10 KHz) 
**Core 04 Thread 14 Finished:   insts:413         cycles:15594      (15593)  seconds:4     -- 0.03 IPC (0.03 IPC) --  N/A  KHz (0.10 KHz) 
**Core 06 Thread 03 Finished:   insts:413         cycles:15594      (15593)  seconds:4     -- 0.03 IPC (0.03 IPC) --  N/A  KHz (0.10 KHz) 
**Core 07 Thread 01 Finished:   insts:413         cycles:15594      (15593)  seconds:4     -- 0.03 IPC (0.03 IPC) --  N/A  KHz (0.10 KHz) 
**Core 01 Thread 14 Finished:   insts:413         cycles:15598      (15597)  seconds:4     -- 0.03 IPC (0.03 IPC) --  N/A  KHz (0.10 KHz) 
**Core 02 Thread 08 Finished:   insts:413         cycles:15598      (15597)  seconds:4     -- 0.03 IPC (0.03 IPC) --  N/A  KHz (0.10 KHz) 
**Core 03 Thread 07 Finished:   insts:413         cycles:15598      (15597)  seconds:4     -- 0.03 IPC (0.03 IPC) --  N/A  KHz (0.10 KHz) 
**Core 03 Thread 08 Finished:   insts:413         cycles:15598      (15597)  seconds:4     -- 0.03 IPC (0.03 IPC) --  N/A  KHz (0.10 KHz) 
**Core 04 Thread 15 Finished:   insts:413         cycles:15598      (15597)  seconds:4     -- 0.03 IPC (0.03 IPC) --  N/A  KHz (0.10 KHz) 
**Core 04 Thread 00 Finished:   insts:413         cycles:15598      (15597)  seconds:4     -- 0.03 IPC (0.03 IPC) --  N/A  KHz (0.10 KHz) 
**Core 05 Thread 13 Finished:   insts:413         cycles:15598      (15597)  seconds:4     -- 0.03 IPC (0.03 IPC) --  N/A  KHz (0.10 KHz) 
**Core 05 Thread 10 Finished:   insts:413         cycles:15598      (15597)  seconds:4     -- 0.03 IPC (0.03 IPC) --  N/A  KHz (0.10 KHz) 
**Core 03 Thread 10 Finished:   insts:413         cycles:15602      (15601)  seconds:4     -- 0.03 IPC (0.03 IPC) --  N/A  KHz (0.10 KHz) 
**Core 04 Thread 02 Finished:   insts:413         cycles:15602      (15601)  seconds:4     -- 0.03 IPC (0.03 IPC) --  N/A  KHz (0.10 KHz) 
**Core 04 Thread 01 Finished:   insts:413         cycles:15602      (15601)  seconds:4     -- 0.03 IPC (0.03 IPC) --  N/A  KHz (0.10 KHz) 
**Core 05 Thread 15 Finished:   insts:413         cycles:15602      (15601)  seconds:4     -- 0.03 IPC (0.03 IPC) --  N/A  KHz (0.10 KHz) 
**Core 06 Thread 07 Finished:   insts:413         cycles:15602      (15601)  seconds:4     -- 0.03 IPC (0.03 IPC) --  N/A  KHz (0.10 KHz) 
**Core 00 Thread 04 Finished:   insts:413         cycles:15602      (15601)  seconds:4     -- 0.03 IPC (0.03 IPC) --  N/A  KHz (0.10 KHz) 
**Core 06 Thread 04 Finished:   insts:413         cycles:15606      (15605)  seconds:4     -- 0.03 IPC (0.03 IPC) --  N/A  KHz (0.10 KHz) 
**Core 02 Thread 12 Finished:   insts:413         cycles:15606      (15605)  seconds:4     -- 0.03 IPC (0.03 IPC) --  N/A  KHz (0.10 KHz) 
**Core 03 Thread 12 Finished:   insts:413         cycles:15606      (15605)  seconds:4     -- 0.03 IPC (0.03 IPC) --  N/A  KHz (0.10 KHz) 
**Core 05 Thread 14 Finished:   insts:413         cycles:15606      (15605)  seconds:4     -- 0.03 IPC (0.03 IPC) --  N/A  KHz (0.10 KHz) 
**Core 05 Thread 01 Finished:   insts:413         cycles:15606      (15605)  seconds:4     -- 0.03 IPC (0.03 IPC) --  N/A  KHz (0.10 KHz) 
**Core 00 Thread 08 Finished:   insts:413         cycles:15610      (15609)  seconds:4     -- 0.03 IPC (0.03 IPC) --  N/A  KHz (0.10 KHz) 
**Core 02 Thread 14 Finished:   insts:413         cycles:15610      (15609)  seconds:4     -- 0.03 IPC (0.03 IPC) --  N/A  KHz (0.10 KHz) 
**Core 03 Thread 14 Finished:   insts:413         cycles:15610      (15609)  seconds:4     -- 0.03 IPC (0.03 IPC) --  N/A  KHz (0.10 KHz) 
**Core 05 Thread 00 Finished:   insts:413         cycles:15610      (15609)  seconds:4     -- 0.03 IPC (0.03 IPC) --  N/A  KHz (0.10 KHz) 
**Core 00 Thread 12 Finished:   insts:413         cycles:15614      (15613)  seconds:4     -- 0.03 IPC (0.03 IPC) --  N/A  KHz (0.10 KHz) 
**Core 03 Thread 15 Finished:   insts:413         cycles:15614      (15613)  seconds:4     -- 0.03 IPC (0.03 IPC) --  N/A  KHz (0.10 KHz) 
**Core 03 Thread 00 Finished:   insts:413         cycles:15614      (15613)  seconds:4     -- 0.03 IPC (0.03 IPC) --  N/A  KHz (0.10 KHz) 
**Core 05 Thread 02 Finished:   insts:413         cycles:15614      (15613)  seconds:4     -- 0.03 IPC (0.03 IPC) --  N/A  KHz (0.10 KHz) 
**Core 05 Thread 05 Finished:   insts:413         cycles:15614      (15613)  seconds:4     -- 0.03 IPC (0.03 IPC) --  N/A  KHz (0.10 KHz) 
**Core 05 Thread 04 Finished:   insts:413         cycles:15618      (15617)  seconds:4     -- 0.03 IPC (0.03 IPC) --  N/A  KHz (0.10 KHz) 
**Core 06 Thread 10 Finished:   insts:413         cycles:15618      (15617)  seconds:4     -- 0.03 IPC (0.03 IPC) --  N/A  KHz (0.10 KHz) 
**Core 00 Thread 14 Finished:   insts:413         cycles:15618      (15617)  seconds:4     -- 0.03 IPC (0.03 IPC) --  N/A  KHz (0.10 KHz) 
**Core 02 Thread 05 Finished:   insts:413         cycles:15622      (15621)  seconds:4     -- 0.03 IPC (0.03 IPC) --  N/A  KHz (0.10 KHz) 
**Core 05 Thread 06 Finished:   insts:413         cycles:15622      (15621)  seconds:4     -- 0.03 IPC (0.03 IPC) --  N/A  KHz (0.10 KHz) 
**Core 00 Thread 02 Finished:   insts:413         cycles:15626      (15625)  seconds:4     -- 0.03 IPC (0.03 IPC) --  N/A  KHz (0.10 KHz) 
**Core 07 Thread 04 Finished:   insts:413         cycles:15626      (15625)  seconds:4     -- 0.03 IPC (0.03 IPC) --  N/A  KHz (0.10 KHz) 
**Core 07 Thread 06 Finished:   insts:413         cycles:15630      (15629)  seconds:4     -- 0.03 IPC (0.03 IPC) --  N/A  KHz (0.10 KHz) 
**Core 03 Thread 11 Finished:   insts:413         cycles:15634      (15633)  seconds:4     -- 0.03 IPC (0.03 IPC) --  N/A  KHz (0.10 KHz) 
**Core 07 Thread 12 Finished:   insts:413         cycles:15638      (15637)  seconds:4     -- 0.03 IPC (0.03 IPC) --  N/A  KHz (0.10 KHz) 
**Core 07 Thread 14 Finished:   insts:413         cycles:15642      (15641)  seconds:4     -- 0.03 IPC (0.03 IPC) --  N/A  KHz (0.10 KHz) 
**Core 02 Thread 03 Finished:   insts:413         cycles:15646      (15645)  seconds:4     -- 0.03 IPC (0.03 IPC) --  N/A  KHz (0.10 KHz) 
**Core 07 Thread 00 Finished:   insts:413         cycles:15646      (15645)  seconds:4     -- 0.03 IPC (0.03 IPC) --  N/A  KHz (0.10 KHz) 
**Core 06 Thread 08 Finished:   insts:413         cycles:15650      (15649)  seconds:4     -- 0.03 IPC (0.03 IPC) --  N/A  KHz (0.10 KHz) 
**Core 07 Thread 02 Finished:   insts:413         cycles:15650      (15649)  seconds:4     -- 0.03 IPC (0.03 IPC) --  N/A  KHz (0.10 KHz) 
**Core 02 Thread 07 Finished:   insts:413         cycles:15654      (15653)  seconds:4     -- 0.03 IPC (0.03 IPC) --  N/A  KHz (0.10 KHz) 
**Core 02 Thread 11 Finished:   insts:413         cycles:15658      (15657)  seconds:4     -- 0.03 IPC (0.03 IPC) --  N/A  KHz (0.10 KHz) 
**Core 06 Thread 14 Finished:   insts:413         cycles:15658      (15657)  seconds:4     -- 0.03 IPC (0.03 IPC) --  N/A  KHz (0.10 KHz) 
**Core 02 Thread 13 Finished:   insts:413         cycles:15678      (15677)  seconds:4     -- 0.03 IPC (0.03 IPC) --  N/A  KHz (0.10 KHz) 
**Core 02 Thread 01 Finished:   insts:413         cycles:15694      (15693)  seconds:4     -- 0.03 IPC (0.03 IPC) --  N/A  KHz (0.10 KHz) 
**Core 03 Thread 04 Finished:   insts:413         cycles:15838      (15837)  seconds:4     -- 0.03 IPC (0.03 IPC) --  N/A  KHz (0.10 KHz) 
**Core 15 Thread 13 Finished:   insts:413         cycles:15954      (15953)  seconds:4     -- 0.03 IPC (0.03 IPC) --  N/A  KHz (0.10 KHz) 
**Core 12 Thread 06 Finished:   insts:413         cycles:16030      (16029)  seconds:4     -- 0.03 IPC (0.03 IPC) --  N/A  KHz (0.10 KHz) 
**Core 12 Thread 11 Finished:   insts:413         cycles:16034      (16033)  seconds:4     -- 0.03 IPC (0.03 IPC) --  N/A  KHz (0.10 KHz) 
**Core 10 Thread 09 Finished:   insts:413         cycles:16038      (16037)  seconds:4     -- 0.03 IPC (0.03 IPC) --  N/A  KHz (0.10 KHz) 
**Core 12 Thread 00 Finished:   insts:413         cycles:16050      (16049)  seconds:4     -- 0.03 IPC (0.03 IPC) --  N/A  KHz (0.10 KHz) 
**Core 10 Thread 01 Finished:   insts:413         cycles:16054      (16053)  seconds:4     -- 0.03 IPC (0.03 IPC) --  N/A  KHz (0.10 KHz) 
**Core 11 Thread 04 Finished:   insts:413         cycles:16058      (16057)  seconds:4     -- 0.03 IPC (0.03 IPC) --  N/A  KHz (0.10 KHz) 
**Core 08 Thread 08 Finished:   insts:413         cycles:16062      (16061)  seconds:4     -- 0.03 IPC (0.03 IPC) --  N/A  KHz (0.10 KHz) 
**Core 11 Thread 08 Finished:   insts:413         cycles:16066      (16065)  seconds:4     -- 0.03 IPC (0.03 IPC) --  N/A  KHz (0.10 KHz) 
**Core 12 Thread 10 Finished:   insts:413         cycles:16066      (16065)  seconds:4     -- 0.03 IPC (0.03 IPC) --  N/A  KHz (0.10 KHz) 
**Core 09 Thread 07 Finished:   insts:413         cycles:16070      (16069)  seconds:4     -- 0.03 IPC (0.03 IPC) --  N/A  KHz (0.10 KHz) 
**Core 12 Thread 12 Finished:   insts:413         cycles:16070      (16069)  seconds:4     -- 0.03 IPC (0.03 IPC) --  N/A  KHz (0.10 KHz) 
**Core 13 Thread 13 Finished:   insts:413         cycles:16070      (16069)  seconds:4     -- 0.03 IPC (0.03 IPC) --  N/A  KHz (0.10 KHz) 
**Core 12 Thread 02 Finished:   insts:413         cycles:16082      (16081)  seconds:4     -- 0.03 IPC (0.03 IPC) --  N/A  KHz (0.10 KHz) 
**Core 14 Thread 03 Finished:   insts:413         cycles:16086      (16085)  seconds:4     -- 0.03 IPC (0.03 IPC) --  N/A  KHz (0.10 KHz) 
**Core 10 Thread 08 Finished:   insts:413         cycles:16090      (16089)  seconds:4     -- 0.03 IPC (0.03 IPC) --  N/A  KHz (0.10 KHz) 
**Core 13 Thread 07 Finished:   insts:413         cycles:16090      (16089)  seconds:4     -- 0.03 IPC (0.03 IPC) --  N/A  KHz (0.10 KHz) 
**Core 15 Thread 07 Finished:   insts:413         cycles:16090      (16089)  seconds:4     -- 0.03 IPC (0.03 IPC) --  N/A  KHz (0.10 KHz) 
**Core 15 Thread 09 Finished:   insts:413         cycles:16094      (16093)  seconds:4     -- 0.03 IPC (0.03 IPC) --  N/A  KHz (0.10 KHz) 
**Core 08 Thread 10 Finished:   insts:413         cycles:16094      (16093)  seconds:4     -- 0.03 IPC (0.03 IPC) --  N/A  KHz (0.10 KHz) 
**Core 10 Thread 07 Finished:   insts:413         cycles:16094      (16093)  seconds:4     -- 0.03 IPC (0.03 IPC) --  N/A  KHz (0.10 KHz) 
**Core 12 Thread 13 Finished:   insts:413         cycles:16094      (16093)  seconds:4     -- 0.03 IPC (0.03 IPC) --  N/A  KHz (0.10 KHz) 
**Core 08 Thread 14 Finished:   insts:413         cycles:16102      (16101)  seconds:4     -- 0.03 IPC (0.03 IPC) --  N/A  KHz (0.10 KHz) 
**Core 11 Thread 09 Finished:   insts:413         cycles:16102      (16101)  seconds:4     -- 0.03 IPC (0.03 IPC) --  N/A  KHz (0.10 KHz) 
**Core 15 Thread 08 Finished:   insts:413         cycles:16102      (16101)  seconds:4     -- 0.03 IPC (0.03 IPC) --  N/A  KHz (0.10 KHz) 
**Core 11 Thread 11 Finished:   insts:413         cycles:16106      (16105)  seconds:4     -- 0.03 IPC (0.03 IPC) --  N/A  KHz (0.10 KHz) 
**Core 14 Thread 13 Finished:   insts:413         cycles:16106      (16105)  seconds:4     -- 0.03 IPC (0.03 IPC) --  N/A  KHz (0.10 KHz) 
**Core 15 Thread 01 Finished:   insts:413         cycles:16106      (16105)  seconds:4     -- 0.03 IPC (0.03 IPC) --  N/A  KHz (0.10 KHz) 
**Core 08 Thread 00 Finished:   insts:413         cycles:16106      (16105)  seconds:4     -- 0.03 IPC (0.03 IPC) --  N/A  KHz (0.10 KHz) 
**Core 08 Thread 01 Finished:   insts:413         cycles:16106      (16105)  seconds:4     -- 0.03 IPC (0.03 IPC) --  N/A  KHz (0.10 KHz) 
**Core 09 Thread 11 Finished:   insts:413         cycles:16106      (16105)  seconds:4     -- 0.03 IPC (0.03 IPC) --  N/A  KHz (0.10 KHz) 
**Core 09 Thread 13 Finished:   insts:413         cycles:16110      (16109)  seconds:4     -- 0.03 IPC (0.03 IPC) --  N/A  KHz (0.10 KHz) 
**Core 09 Thread 15 Finished:   insts:413         cycles:16114      (16113)  seconds:4     -- 0.03 IPC (0.03 IPC) --  N/A  KHz (0.10 KHz) 
**Core 11 Thread 15 Finished:   insts:413         cycles:16114      (16113)  seconds:4     -- 0.03 IPC (0.03 IPC) --  N/A  KHz (0.10 KHz) 
**Core 13 Thread 05 Finished:   insts:413         cycles:16114      (16113)  seconds:4     -- 0.03 IPC (0.03 IPC) --  N/A  KHz (0.10 KHz) 
**Core 08 Thread 06 Finished:   insts:413         cycles:16118      (16117)  seconds:4     -- 0.03 IPC (0.03 IPC) --  N/A  KHz (0.10 KHz) 
**Core 09 Thread 01 Finished:   insts:413         cycles:16118      (16117)  seconds:4     -- 0.03 IPC (0.03 IPC) --  N/A  KHz (0.10 KHz) 
**Core 11 Thread 01 Finished:   insts:413         cycles:16118      (16117)  seconds:4     -- 0.03 IPC (0.03 IPC) --  N/A  KHz (0.10 KHz) 
**Core 13 Thread 10 Finished:   insts:413         cycles:16122      (16121)  seconds:4     -- 0.03 IPC (0.03 IPC) --  N/A  KHz (0.10 KHz) 
**Core 08 Thread 09 Finished:   insts:413         cycles:16122      (16121)  seconds:4     -- 0.03 IPC (0.03 IPC) --  N/A  KHz (0.10 KHz) 
**Core 09 Thread 03 Finished:   insts:413         cycles:16122      (16121)  seconds:4     -- 0.03 IPC (0.03 IPC) --  N/A  KHz (0.10 KHz) 
**Core 08 Thread 12 Finished:   insts:413         cycles:16126      (16125)  seconds:4     -- 0.03 IPC (0.03 IPC) --  N/A  KHz (0.10 KHz) 
**Core 09 Thread 04 Finished:   insts:413         cycles:16126      (16125)  seconds:4     -- 0.03 IPC (0.03 IPC) --  N/A  KHz (0.10 KHz) 
**Core 08 Thread 13 Finished:   insts:413         cycles:16130      (16129)  seconds:4     -- 0.03 IPC (0.03 IPC) --  N/A  KHz (0.10 KHz) 
**Core 10 Thread 15 Finished:   insts:413         cycles:16130      (16129)  seconds:4     -- 0.03 IPC (0.03 IPC) --  N/A  KHz (0.10 KHz) 
**Core 10 Thread 14 Finished:   insts:413         cycles:16130      (16129)  seconds:4     -- 0.03 IPC (0.03 IPC) --  N/A  KHz (0.10 KHz) 
**Core 11 Thread 07 Finished:   insts:413         cycles:16130      (16129)  seconds:4     -- 0.03 IPC (0.03 IPC) --  N/A  KHz (0.10 KHz) 
**Core 12 Thread 08 Finished:   insts:413         cycles:16130      (16129)  seconds:4     -- 0.03 IPC (0.03 IPC) --  N/A  KHz (0.10 KHz) 
**Core 13 Thread 14 Finished:   insts:413         cycles:16130      (16129)  seconds:4     -- 0.03 IPC (0.03 IPC) --  N/A  KHz (0.10 KHz) 
**Core 14 Thread 11 Finished:   insts:413         cycles:16130      (16129)  seconds:4     -- 0.03 IPC (0.03 IPC) --  N/A  KHz (0.10 KHz) 
**Core 10 Thread 03 Finished:   insts:413         cycles:16134      (16133)  seconds:4     -- 0.03 IPC (0.03 IPC) --  N/A  KHz (0.10 KHz) 
**Core 10 Thread 00 Finished:   insts:413         cycles:16134      (16133)  seconds:4     -- 0.03 IPC (0.03 IPC) --  N/A  KHz (0.10 KHz) 
**Core 13 Thread 01 Finished:   insts:413         cycles:16134      (16133)  seconds:4     -- 0.03 IPC (0.03 IPC) --  N/A  KHz (0.10 KHz) 
**Core 11 Thread 13 Finished:   insts:413         cycles:16138      (16137)  seconds:4     -- 0.03 IPC (0.03 IPC) --  N/A  KHz (0.10 KHz) 
**Core 11 Thread 00 Finished:   insts:413         cycles:16138      (16137)  seconds:4     -- 0.03 IPC (0.03 IPC) --  N/A  KHz (0.10 KHz) 
**Core 13 Thread 03 Finished:   insts:413         cycles:16138      (16137)  seconds:4     -- 0.03 IPC (0.03 IPC) --  N/A  KHz (0.10 KHz) 
**Core 08 Thread 03 Finished:   insts:413         cycles:16138      (16137)  seconds:4     -- 0.03 IPC (0.03 IPC) --  N/A  KHz (0.10 KHz) 
**Core 09 Thread 10 Finished:   insts:413         cycles:16138      (16137)  seconds:4     -- 0.03 IPC (0.03 IPC) --  N/A  KHz (0.10 KHz) 
**Core 14 Thread 01 Finished:   insts:413         cycles:16142      (16141)  seconds:4     -- 0.03 IPC (0.03 IPC) --  N/A  KHz (0.10 KHz) 
**Core 08 Thread 04 Finished:   insts:413         cycles:16142      (16141)  seconds:4     -- 0.03 IPC (0.03 IPC) --  N/A  KHz (0.10 KHz) 
**Core 09 Thread 12 Finished:   insts:413         cycles:16142      (16141)  seconds:4     -- 0.03 IPC (0.03 IPC) --  N/A  KHz (0.10 KHz) 
**Core 10 Thread 04 Finished:   insts:413         cycles:16142      (16141)  seconds:4     -- 0.03 IPC (0.03 IPC) --  N/A  KHz (0.10 KHz) 
**Core 11 Thread 02 Finished:   insts:413         cycles:16142      (16141)  seconds:4     -- 0.03 IPC (0.03 IPC) --  N/A  KHz (0.10 KHz) 
**Core 12 Thread 03 Finished:   insts:413         cycles:16142      (16141)  seconds:4     -- 0.03 IPC (0.03 IPC) --  N/A  KHz (0.10 KHz) 
**Core 08 Thread 07 Finished:   insts:413         cycles:16146      (16145)  seconds:4     -- 0.03 IPC (0.03 IPC) --  N/A  KHz (0.10 KHz) 
**Core 10 Thread 06 Finished:   insts:413         cycles:16146      (16145)  seconds:4     -- 0.03 IPC (0.03 IPC) --  N/A  KHz (0.10 KHz) 
**Core 11 Thread 06 Finished:   insts:413         cycles:16146      (16145)  seconds:4     -- 0.03 IPC (0.03 IPC) --  N/A  KHz (0.10 KHz) 
**Core 12 Thread 05 Finished:   insts:413         cycles:16146      (16145)  seconds:4     -- 0.03 IPC (0.03 IPC) --  N/A  KHz (0.10 KHz) 
**Core 13 Thread 09 Finished:   insts:413         cycles:16146      (16145)  seconds:4     -- 0.03 IPC (0.03 IPC) --  N/A  KHz (0.10 KHz) 
**Core 14 Thread 04 Finished:   insts:413         cycles:16146      (16145)  seconds:4     -- 0.03 IPC (0.03 IPC) --  N/A  KHz (0.10 KHz) 
**Core 09 Thread 00 Finished:   insts:413         cycles:16150      (16149)  seconds:4     -- 0.03 IPC (0.03 IPC) --  N/A  KHz (0.10 KHz) 
**Core 12 Thread 07 Finished:   insts:413         cycles:16150      (16149)  seconds:4     -- 0.03 IPC (0.03 IPC) --  N/A  KHz (0.10 KHz) 
**Core 15 Thread 12 Finished:   insts:413         cycles:16150      (16149)  seconds:4     -- 0.03 IPC (0.03 IPC) --  N/A  KHz (0.10 KHz) 
**Core 11 Thread 12 Finished:   insts:413         cycles:16154      (16153)  seconds:4     -- 0.03 IPC (0.03 IPC) --  N/A  KHz (0.10 KHz) 
**Core 13 Thread 12 Finished:   insts:413         cycles:16154      (16153)  seconds:4     -- 0.03 IPC (0.03 IPC) --  N/A  KHz (0.10 KHz) 
**Core 14 Thread 08 Finished:   insts:413         cycles:16154      (16153)  seconds:4     -- 0.03 IPC (0.03 IPC) --  N/A  KHz (0.10 KHz) 
**Core 15 Thread 14 Finished:   insts:413         cycles:16154      (16153)  seconds:4     -- 0.03 IPC (0.03 IPC) --  N/A  KHz (0.10 KHz) 
**Core 14 Thread 10 Finished:   insts:413         cycles:16158      (16157)  seconds:4     -- 0.03 IPC (0.03 IPC) --  N/A  KHz (0.10 KHz) 
**Core 15 Thread 00 Finished:   insts:413         cycles:16158      (16157)  seconds:4     -- 0.03 IPC (0.03 IPC) --  N/A  KHz (0.10 KHz) 
**Core 09 Thread 06 Finished:   insts:413         cycles:16158      (16157)  seconds:4     -- 0.03 IPC (0.03 IPC) --  N/A  KHz (0.10 KHz) 
**Core 12 Thread 15 Finished:   insts:413         cycles:16158      (16157)  seconds:4     -- 0.03 IPC (0.03 IPC) --  N/A  KHz (0.10 KHz) 
**Core 09 Thread 08 Finished:   insts:413         cycles:16162      (16161)  seconds:4     -- 0.03 IPC (0.03 IPC) --  N/A  KHz (0.10 KHz) 
**Core 14 Thread 12 Finished:   insts:413         cycles:16162      (16161)  seconds:4     -- 0.03 IPC (0.03 IPC) --  N/A  KHz (0.10 KHz) 
**Core 15 Thread 02 Finished:   insts:413         cycles:16162      (16161)  seconds:4     -- 0.03 IPC (0.03 IPC) --  N/A  KHz (0.10 KHz) 
**Core 10 Thread 10 Finished:   insts:413         cycles:16166      (16165)  seconds:4     -- 0.03 IPC (0.03 IPC) --  N/A  KHz (0.10 KHz) 
**Core 13 Thread 02 Finished:   insts:413         cycles:16166      (16165)  seconds:4     -- 0.03 IPC (0.03 IPC) --  N/A  KHz (0.10 KHz) 
**Core 15 Thread 04 Finished:   insts:413         cycles:16166      (16165)  seconds:4     -- 0.03 IPC (0.03 IPC) --  N/A  KHz (0.10 KHz) 
**Core 14 Thread 00 Finished:   insts:413         cycles:16170      (16169)  seconds:4     -- 0.03 IPC (0.03 IPC) --  N/A  KHz (0.10 KHz) 
**Core 15 Thread 06 Finished:   insts:413         cycles:16170      (16169)  seconds:4     -- 0.03 IPC (0.03 IPC) --  N/A  KHz (0.10 KHz) 
**Core 15 Thread 10 Finished:   insts:413         cycles:16174      (16173)  seconds:4     -- 0.03 IPC (0.03 IPC) --  N/A  KHz (0.10 KHz) 
**Core 13 Thread 06 Finished:   insts:413         cycles:16174      (16173)  seconds:4     -- 0.03 IPC (0.03 IPC) --  N/A  KHz (0.10 KHz) 
**Core 10 Thread 12 Finished:   insts:413         cycles:16178      (16177)  seconds:4     -- 0.03 IPC (0.03 IPC) --  N/A  KHz (0.10 KHz) 
**Core 13 Thread 08 Finished:   insts:413         cycles:16178      (16177)  seconds:4     -- 0.03 IPC (0.03 IPC) --  N/A  KHz (0.10 KHz) 
**Core 14 Thread 06 Finished:   insts:413         cycles:16178      (16177)  seconds:4     -- 0.03 IPC (0.03 IPC) --  N/A  KHz (0.10 KHz) 
**Core 14 Thread 15 Finished:   insts:413         cycles:16182      (16181)  seconds:4     -- 0.03 IPC (0.03 IPC) --  N/A  KHz (0.10 KHz) 
**Core 14 Thread 05 Finished:   insts:413         cycles:16190      (16189)  seconds:4     -- 0.03 IPC (0.03 IPC) --  N/A  KHz (0.10 KHz) 
**Core 06 Thread 05 Finished:   insts:488         cycles:16785      (16784)  seconds:4     -- 0.03 IPC (0.03 IPC) --  N/A  KHz (0.12 KHz) 
**Core 00 Thread 06 Finished:   insts:488         cycles:16785      (16784)  seconds:4     -- 0.03 IPC (0.03 IPC) --  N/A  KHz (0.12 KHz) 
**Core 01 Thread 05 Finished:   insts:488         cycles:16786      (16785)  seconds:4     -- 0.03 IPC (0.03 IPC) --  N/A  KHz (0.12 KHz) 
**Core 07 Thread 07 Finished:   insts:488         cycles:16788      (16787)  seconds:4     -- 0.03 IPC (0.03 IPC) --  N/A  KHz (0.12 KHz) 
**Core 05 Thread 07 Finished:   insts:488         cycles:16792      (16791)  seconds:4     -- 0.03 IPC (0.03 IPC) --  N/A  KHz (0.12 KHz) 
**Core 02 Thread 06 Finished:   insts:488         cycles:16800      (16799)  seconds:4     -- 0.03 IPC (0.03 IPC) --  N/A  KHz (0.12 KHz) 
**Core 03 Thread 06 Finished:   insts:488         cycles:16800      (16799)  seconds:4     -- 0.03 IPC (0.03 IPC) --  N/A  KHz (0.12 KHz) 
**Core 00 Thread 00 Finished:   insts:488         cycles:16813      (16812)  seconds:4     -- 0.03 IPC (0.03 IPC) --  N/A  KHz (0.12 KHz) 
**Core 01 Thread 00 Finished:   insts:488         cycles:16813      (16812)  seconds:4     -- 0.03 IPC (0.03 IPC) --  N/A  KHz (0.12 KHz) 
**Core 04 Thread 03 Finished:   insts:488         cycles:16814      (16813)  seconds:4     -- 0.03 IPC (0.03 IPC) --  N/A  KHz (0.12 KHz) 
**Core 06 Thread 02 Finished:   insts:488         cycles:16814      (16813)  seconds:4     -- 0.03 IPC (0.03 IPC) --  N/A  KHz (0.12 KHz) 
**Core 05 Thread 03 Finished:   insts:488         cycles:16816      (16815)  seconds:4     -- 0.03 IPC (0.03 IPC) --  N/A  KHz (0.12 KHz) 
**Core 07 Thread 03 Finished:   insts:488         cycles:16832      (16831)  seconds:4     -- 0.03 IPC (0.03 IPC) --  N/A  KHz (0.12 KHz) 
**Core 02 Thread 00 Finished:   insts:488         cycles:16836      (16835)  seconds:4     -- 0.03 IPC (0.03 IPC) --  N/A  KHz (0.12 KHz) 
**Core 00 Thread 13 Finished:   insts:488         cycles:16841      (16840)  seconds:4     -- 0.03 IPC (0.03 IPC) --  N/A  KHz (0.12 KHz) 
**Core 05 Thread 12 Finished:   insts:488         cycles:16841      (16840)  seconds:4     -- 0.03 IPC (0.03 IPC) --  N/A  KHz (0.12 KHz) 
**Core 02 Thread 15 Finished:   insts:488         cycles:16842      (16841)  seconds:4     -- 0.03 IPC (0.03 IPC) --  N/A  KHz (0.12 KHz) 
**Core 06 Thread 12 Finished:   insts:488         cycles:16842      (16841)  seconds:4     -- 0.03 IPC (0.03 IPC) --  N/A  KHz (0.12 KHz) 
**Core 01 Thread 15 Finished:   insts:488         cycles:16843      (16842)  seconds:4     -- 0.03 IPC (0.03 IPC) --  N/A  KHz (0.12 KHz) 
**Core 07 Thread 15 Finished:   insts:488         cycles:16843      (16842)  seconds:4     -- 0.03 IPC (0.03 IPC) --  N/A  KHz (0.12 KHz) 
**Core 04 Thread 12 Finished:   insts:488         cycles:16844      (16843)  seconds:4     -- 0.03 IPC (0.03 IPC) --  N/A  KHz (0.12 KHz) 
**Core 03 Thread 13 Finished:   insts:488         cycles:16848      (16847)  seconds:4     -- 0.03 IPC (0.03 IPC) --  N/A  KHz (0.12 KHz) 
**Core 04 Thread 04 Finished:   insts:488         cycles:16848      (16847)  seconds:4     -- 0.03 IPC (0.03 IPC) --  N/A  KHz (0.12 KHz) 
**Core 03 Thread 01 Finished:   insts:488         cycles:16852      (16851)  seconds:4     -- 0.03 IPC (0.03 IPC) --  N/A  KHz (0.12 KHz) 
**Core 07 Thread 10 Finished:   insts:488         cycles:16869      (16868)  seconds:4     -- 0.03 IPC (0.03 IPC) --  N/A  KHz (0.12 KHz) 
**Core 07 Core_Total  Finished:   insts:6908        cycles:16869      (16868) seconds:4     -- 0.41 IPC (0.41 IPC) --  N/A  KHz (1.73 KHz)
**Core 00 Thread 11 Finished:   insts:488         cycles:16869      (16868)  seconds:4     -- 0.03 IPC (0.03 IPC) --  N/A  KHz (0.12 KHz) 
**Core 00 Core_Total  Finished:   insts:6908        cycles:16869      (16868) seconds:4     -- 0.41 IPC (0.41 IPC) --  N/A  KHz (1.73 KHz)
**Core 06 Thread 09 Finished:   insts:488         cycles:16870      (16869)  seconds:4     -- 0.03 IPC (0.03 IPC) --  N/A  KHz (0.12 KHz) 
**Core 06 Core_Total  Finished:   insts:6908        cycles:16870      (16869) seconds:4     -- 0.41 IPC (0.41 IPC) --  N/A  KHz (1.73 KHz)
**Core 03 Thread 09 Finished:   insts:488         cycles:16870      (16869)  seconds:4     -- 0.03 IPC (0.03 IPC) --  N/A  KHz (0.12 KHz) 
**Core 03 Core_Total  Finished:   insts:6908        cycles:16870      (16869) seconds:4     -- 0.41 IPC (0.41 IPC) --  N/A  KHz (1.73 KHz)
**Core 02 Thread 10 Finished:   insts:488         cycles:16871      (16870)  seconds:4     -- 0.03 IPC (0.03 IPC) --  N/A  KHz (0.12 KHz) 
**Core 02 Core_Total  Finished:   insts:6908        cycles:16871      (16870) seconds:4     -- 0.41 IPC (0.41 IPC) --  N/A  KHz (1.73 KHz)
**Core 05 Thread 11 Finished:   insts:488         cycles:16871      (16870)  seconds:4     -- 0.03 IPC (0.03 IPC) --  N/A  KHz (0.12 KHz) 
**Core 05 Core_Total  Finished:   insts:6908        cycles:16871      (16870) seconds:4     -- 0.41 IPC (0.41 IPC) --  N/A  KHz (1.73 KHz)
**Core 01 Thread 08 Finished:   insts:488         cycles:16872      (16871)  seconds:4     -- 0.03 IPC (0.03 IPC) --  N/A  KHz (0.12 KHz) 
**Core 01 Core_Total  Finished:   insts:6908        cycles:16872      (16871) seconds:4     -- 0.41 IPC (0.41 IPC) --  N/A  KHz (1.73 KHz)
**Core 04 Thread 10 Finished:   insts:488         cycles:16872      (16871)  seconds:4     -- 0.03 IPC (0.03 IPC) --  N/A  KHz (0.12 KHz) 
**Core 04 Core_Total  Finished:   insts:6908        cycles:16872      (16871) seconds:4     -- 0.41 IPC (0.41 IPC) --  N/A  KHz (1.73 KHz)
**Core 11 Thread 05 Finished:   insts:488         cycles:17309      (17308)  seconds:4     -- 0.03 IPC (0.03 IPC) --  N/A  KHz (0.12 KHz) 
**Core 12 Thread 04 Finished:   insts:488         cycles:17309      (17308)  seconds:4     -- 0.03 IPC (0.03 IPC) --  N/A  KHz (0.12 KHz) 
**Core 09 Thread 05 Finished:   insts:488         cycles:17310      (17309)  seconds:4     -- 0.03 IPC (0.03 IPC) --  N/A  KHz (0.12 KHz) 
**Core 13 Thread 04 Finished:   insts:488         cycles:17310      (17309)  seconds:4     -- 0.03 IPC (0.03 IPC) --  N/A  KHz (0.12 KHz) 
**Core 10 Thread 05 Finished:   insts:488         cycles:17328      (17327)  seconds:4     -- 0.03 IPC (0.03 IPC) --  N/A  KHz (0.12 KHz) 
**Core 14 Thread 07 Finished:   insts:488         cycles:17329      (17328)  seconds:4     -- 0.03 IPC (0.03 IPC) --  N/A  KHz (0.12 KHz) 
**Core 08 Thread 05 Finished:   insts:488         cycles:17332      (17331)  seconds:4     -- 0.03 IPC (0.03 IPC) --  N/A  KHz (0.12 KHz) 
**Core 12 Thread 14 Finished:   insts:488         cycles:17337      (17336)  seconds:4     -- 0.03 IPC (0.03 IPC) --  N/A  KHz (0.12 KHz) 
**Core 13 Thread 15 Finished:   insts:488         cycles:17337      (17336)  seconds:4     -- 0.03 IPC (0.03 IPC) --  N/A  KHz (0.12 KHz) 
**Core 11 Thread 14 Finished:   insts:488         cycles:17338      (17337)  seconds:4     -- 0.03 IPC (0.03 IPC) --  N/A  KHz (0.12 KHz) 
**Core 08 Thread 15 Finished:   insts:488         cycles:17338      (17337)  seconds:4     -- 0.03 IPC (0.03 IPC) --  N/A  KHz (0.12 KHz) 
**Core 10 Thread 13 Finished:   insts:488         cycles:17340      (17339)  seconds:4     -- 0.03 IPC (0.03 IPC) --  N/A  KHz (0.12 KHz) 
**Core 09 Thread 14 Finished:   insts:488         cycles:17344      (17343)  seconds:4     -- 0.03 IPC (0.03 IPC) --  N/A  KHz (0.12 KHz) 
**Core 14 Thread 14 Finished:   insts:488         cycles:17356      (17355)  seconds:4     -- 0.03 IPC (0.03 IPC) --  N/A  KHz (0.12 KHz) 
**Core 10 Thread 02 Finished:   insts:488         cycles:17365      (17364)  seconds:4     -- 0.03 IPC (0.03 IPC) --  N/A  KHz (0.12 KHz) 
**Core 11 Thread 03 Finished:   insts:488         cycles:17365      (17364)  seconds:4     -- 0.03 IPC (0.03 IPC) --  N/A  KHz (0.12 KHz) 
**Core 12 Thread 01 Finished:   insts:488         cycles:17366      (17365)  seconds:4     -- 0.03 IPC (0.03 IPC) --  N/A  KHz (0.12 KHz) 
**Core 13 Thread 00 Finished:   insts:488         cycles:17366      (17365)  seconds:4     -- 0.03 IPC (0.03 IPC) --  N/A  KHz (0.12 KHz) 
**Core 09 Thread 02 Finished:   insts:488         cycles:17367      (17366)  seconds:4     -- 0.03 IPC (0.03 IPC) --  N/A  KHz (0.12 KHz) 
**Core 14 Thread 02 Finished:   insts:488         cycles:17367      (17366)  seconds:4     -- 0.03 IPC (0.03 IPC) --  N/A  KHz (0.12 KHz) 
**Core 08 Thread 02 Finished:   insts:488         cycles:17368      (17367)  seconds:4     -- 0.03 IPC (0.03 IPC) --  N/A  KHz (0.12 KHz) 
**Core 09 Thread 09 Finished:   insts:488         cycles:17393      (17392)  seconds:4     -- 0.03 IPC (0.03 IPC) --  N/A  KHz (0.12 KHz) 
**Core 09 Core_Total  Finished:   insts:6908        cycles:17393      (17392) seconds:4     -- 0.40 IPC (0.40 IPC) --  N/A  KHz (1.73 KHz)
**Core 13 Thread 11 Finished:   insts:488         cycles:17393      (17392)  seconds:4     -- 0.03 IPC (0.03 IPC) --  N/A  KHz (0.12 KHz) 
**Core 13 Core_Total  Finished:   insts:6908        cycles:17393      (17392) seconds:4     -- 0.40 IPC (0.40 IPC) --  N/A  KHz (1.73 KHz)
**Core 10 Thread 11 Finished:   insts:488         cycles:17394      (17393)  seconds:4     -- 0.03 IPC (0.03 IPC) --  N/A  KHz (0.12 KHz) 
**Core 10 Core_Total  Finished:   insts:6908        cycles:17394      (17393) seconds:4     -- 0.40 IPC (0.40 IPC) --  N/A  KHz (1.73 KHz)
**Core 11 Thread 10 Finished:   insts:488         cycles:17394      (17393)  seconds:4     -- 0.03 IPC (0.03 IPC) --  N/A  KHz (0.12 KHz) 
**Core 11 Core_Total  Finished:   insts:6908        cycles:17394      (17393) seconds:4     -- 0.40 IPC (0.40 IPC) --  N/A  KHz (1.73 KHz)
**Core 08 Thread 11 Finished:   insts:488         cycles:17395      (17394)  seconds:4     -- 0.03 IPC (0.03 IPC) --  N/A  KHz (0.12 KHz) 
**Core 08 Core_Total  Finished:   insts:6908        cycles:17395      (17394) seconds:4     -- 0.40 IPC (0.40 IPC) --  N/A  KHz (1.73 KHz)
**Core 14 Thread 09 Finished:   insts:488         cycles:17395      (17394)  seconds:4     -- 0.03 IPC (0.03 IPC) --  N/A  KHz (0.12 KHz) 
**Core 14 Core_Total  Finished:   insts:6908        cycles:17395      (17394) seconds:4     -- 0.40 IPC (0.40 IPC) --  N/A  KHz (1.73 KHz)
**Core 12 Thread 09 Finished:   insts:488         cycles:17396      (17395)  seconds:4     -- 0.03 IPC (0.03 IPC) --  N/A  KHz (0.12 KHz) 
**Core 12 Core_Total  Finished:   insts:6908        cycles:17396      (17395) seconds:4     -- 0.40 IPC (0.40 IPC) --  N/A  KHz (1.73 KHz)
**Core 15 Thread 05 Finished:   insts:488         cycles:17476      (17475)  seconds:4     -- 0.03 IPC (0.03 IPC) --  N/A  KHz (0.12 KHz) 
**Core 15 Thread 11 Finished:   insts:488         cycles:17480      (17479)  seconds:4     -- 0.03 IPC (0.03 IPC) --  N/A  KHz (0.12 KHz) 
**Core 15 Thread 15 Finished:   insts:488         cycles:17484      (17483)  seconds:4     -- 0.03 IPC (0.03 IPC) --  N/A  KHz (0.12 KHz) 
**Core 15 Thread 03 Finished:   insts:488         cycles:17504      (17503)  seconds:4     -- 0.03 IPC (0.03 IPC) --  N/A  KHz (0.12 KHz) 
src/retire.cc:563: (I=488  C=17503):  ----- application 0 terminated (/home/cory/ExpressGNN/traces/macsim/Kernel14709/trace.txt,0) at 17503
**Core 15 Core_Total  Finished:   insts:6908        cycles:17504      (17503) seconds:4     -- 0.39 IPC (0.39 IPC) --  N/A  KHz (1.73 KHz)
src/macsim.cc:624: (I=488  C=17504):  finalize simulation
src/macsim.cc:628: (I=488  C=17504):  elapsed time:4.3 seconds
Done
