####################################################################################################
Interval
####################################################################################################
Cumulative:         Cycles:                  20000     Instructions:                  1200
DRAM_PRECHARGE                                                  0                             0

DRAM_ACTIVATE                                                   3                             3

DRAM_COLUMN                                                     4                             4

DRAM_AVG_LATENCY_BASE                                           4                             4

DRAM_AVG_LATENCY                                              186                          46.5

BANDWIDTH_TOT                                                 448                           448

DRAM_CHANNEL0_BANDWIDTH_SATURATED                               0                             0

DRAM_CHANNEL1_BANDWIDTH_SATURATED                               0                             0

DRAM_CHANNEL2_BANDWIDTH_SATURATED                               0                             0

DRAM_CHANNEL3_BANDWIDTH_SATURATED                               0                             0

DRAM_CHANNEL4_BANDWIDTH_SATURATED                               0                             0

DRAM_CHANNEL5_BANDWIDTH_SATURATED                               0                             0

DRAM_CHANNEL6_BANDWIDTH_SATURATED                               0                             0

DRAM_CHANNEL7_BANDWIDTH_SATURATED                               0                             0

DRAM_CHANNEL0_DBUS_IDLE                                      6642                          6642

DRAM_CHANNEL1_DBUS_IDLE                                      6642                          6642

DRAM_CHANNEL2_DBUS_IDLE                                      6642                          6642

DRAM_CHANNEL3_DBUS_IDLE                                      6642                          6642

DRAM_CHANNEL4_DBUS_IDLE                                      6642                          6642

DRAM_CHANNEL5_DBUS_IDLE                                      6610                          6610

DRAM_CHANNEL6_DBUS_IDLE                                      6626                          6626

DRAM_CHANNEL7_DBUS_IDLE                                      6634                          6634

